Component: ARM Compiler 5.06 update 5 (build 528) Tool: armlink [4d35e2]

==============================================================================

Section Cross References

    startup_stm32l051xx.o(RESET) refers to startup_stm32l051xx.o(STACK) for __initial_sp
    startup_stm32l051xx.o(RESET) refers to startup_stm32l051xx.o(.text) for Reset_Handler
    startup_stm32l051xx.o(RESET) refers to bsp.o(i.SysTick_Handler) for SysTick_Handler
    startup_stm32l051xx.o(RESET) refers to bsp.o(i.EXTI0_1_IRQHandler) for EXTI0_1_IRQHandler
    startup_stm32l051xx.o(RESET) refers to stm32_usart.o(i.USART1_IRQHandler) for USART1_IRQHandler
    startup_stm32l051xx.o(.text) refers to system_stm32l0xx.o(i.SystemInit) for SystemInit
    startup_stm32l051xx.o(.text) refers to entry.o(.ARM.Collect$$$$00000000) for __main
    system_stm32l0xx.o(i.SystemCoreClockUpdate) refers to uidiv.o(.text) for __aeabi_uidivmod
    system_stm32l0xx.o(i.SystemCoreClockUpdate) refers to system_stm32l0xx.o(.data) for .data
    system_stm32l0xx.o(i.SystemCoreClockUpdate) refers to system_stm32l0xx.o(.constdata) for .constdata
    bsp.o(i.EXTI0_1_IRQHandler) refers to stm32l0xx_hal_gpio.o(i.HAL_GPIO_EXTI_IRQHandler) for HAL_GPIO_EXTI_IRQHandler
    bsp.o(i.Error_Handler) refers to printf2.o(i.__0printf$2) for __2printf
    bsp.o(i.SysTick_Handler) refers to cola_os.o(i.cola_timer_ticker) for cola_timer_ticker
    bsp.o(i.SysTick_Handler) refers to stm32l0xx_hal.o(i.HAL_IncTick) for HAL_IncTick
    bsp.o(i.bsp_init) refers to cola_init.o(i.do_init_call) for do_init_call
    bsp.o(i.bsp_rcc) refers to stm32l0xx_hal.o(i.HAL_Init) for HAL_Init
    bsp.o(i.bsp_rcc) refers to memseta.o(.text) for __aeabi_memclr4
    bsp.o(i.bsp_rcc) refers to stm32l0xx_hal_rcc.o(i.HAL_RCC_OscConfig) for HAL_RCC_OscConfig
    bsp.o(i.bsp_rcc) refers to bsp.o(i.Error_Handler) for Error_Handler
    bsp.o(i.bsp_rcc) refers to stm32l0xx_hal_rcc.o(i.HAL_RCC_ClockConfig) for HAL_RCC_ClockConfig
    bsp.o(i.bsp_rcc) refers to stm32l0xx_hal_rcc_ex.o(i.HAL_RCCEx_PeriphCLKConfig) for HAL_RCCEx_PeriphCLKConfig
    bsp.o(initcall0init) refers to bsp.o(i.bsp_rcc) for bsp_rcc
    stm32_led.o(i.led_ctrl) refers to stm32l0xx_hal_gpio.o(i.HAL_GPIO_WritePin) for HAL_GPIO_WritePin
    stm32_led.o(i.led_ctrl) refers to stm32l0xx_hal_gpio.o(i.HAL_GPIO_TogglePin) for HAL_GPIO_TogglePin
    stm32_led.o(i.led_register) refers to gpio.o(i.MX_GPIO_Init) for MX_GPIO_Init
    stm32_led.o(i.led_register) refers to cola_device.o(i.cola_device_register) for cola_device_register
    stm32_led.o(i.led_register) refers to stm32_led.o(.data) for .data
    stm32_led.o(i.led_register) refers to stm32_led.o(.bss) for .bss
    stm32_led.o(.data) refers to stm32_led.o(i.led_ctrl) for led_ctrl
    stm32_led.o(initcall2init) refers to stm32_led.o(i.led_register) for led_register
    stm32_usart.o(i.USART1_IRQHandler) refers to stm32_usart.o(i.USER_UART1_IRQHandler) for USER_UART1_IRQHandler
    stm32_usart.o(i.USART1_IRQHandler) refers to usart.o(.bss) for huart1
    stm32_usart.o(i.USER_UART1_IRQHandler) refers to stm32l0xx_hal_dma.o(i.HAL_DMA_Abort_IT) for HAL_DMA_Abort_IT
    stm32_usart.o(i.USER_UART1_IRQHandler) refers to cola_os.o(i.cola_set_event) for cola_set_event
    stm32_usart.o(i.USER_UART1_IRQHandler) refers to stm32l0xx_hal_uart.o(i.HAL_UART_ErrorCallback) for HAL_UART_ErrorCallback
    stm32_usart.o(i.USER_UART1_IRQHandler) refers to stm32l0xx_hal_uart_ex.o(i.HAL_UARTEx_WakeupCallback) for HAL_UARTEx_WakeupCallback
    stm32_usart.o(i.USER_UART1_IRQHandler) refers to stm32_usart.o(.data) for .data
    stm32_usart.o(i.fputc) refers to stm32l0xx_hal_uart.o(i.HAL_UART_Transmit) for HAL_UART_Transmit
    stm32_usart.o(i.fputc) refers to usart.o(.bss) for huart1
    stm32_usart.o(i.uart1_config) refers to stm32_usart.o(i.uart1_configuration) for uart1_configuration
    stm32_usart.o(i.uart1_config) refers to stm32_usart.o(.data) for .data
    stm32_usart.o(i.uart1_configuration) refers to usart.o(i.MX_USART1_UART_Init) for MX_USART1_UART_Init
    stm32_usart.o(i.uart1_configuration) refers to stm32l0xx_hal_uart.o(i.HAL_UART_Init) for HAL_UART_Init
    stm32_usart.o(i.uart1_configuration) refers to usart.o(.bss) for huart1
    stm32_usart.o(i.uart1_read) refers to stm32_usart.o(.data) for .data
    stm32_usart.o(i.uart1_write) refers to stm32l0xx_hal_uart.o(i.HAL_UART_Transmit) for HAL_UART_Transmit
    stm32_usart.o(i.uart1_write) refers to usart.o(.bss) for huart1
    stm32_usart.o(i.usart_register) refers to stm32_usart.o(i.uart1_configuration) for uart1_configuration
    stm32_usart.o(i.usart_register) refers to cola_device.o(i.cola_device_register) for cola_device_register
    stm32_usart.o(i.usart_register) refers to stm32_usart.o(.bss) for .bss
    stm32_usart.o(i.usart_register) refers to stm32_usart.o(.data) for .data
    stm32_usart.o(.data) refers to stm32_usart.o(i.uart1_read) for uart1_read
    stm32_usart.o(.data) refers to stm32_usart.o(i.uart1_write) for uart1_write
[...]
    Removing stm32l0xx_hal_dma.o(i.HAL_DMA_Start_IT), (104 bytes).
    Removing stm32l0xx_hal_dma.o(i.HAL_DMA_UnRegisterCallback), (78 bytes).
    Removing stm32l0xx_hal_adc.o(.rev16_text), (4 bytes).
    Removing stm32l0xx_hal_adc.o(.revsh_text), (4 bytes).
    Removing stm32l0xx_hal_adc_ex.o(.rev16_text), (4 bytes).
    Removing stm32l0xx_hal_adc_ex.o(.revsh_text), (4 bytes).
    Removing stm32l0xx_hal_comp.o(.rev16_text), (4 bytes).
    Removing stm32l0xx_hal_comp.o(.revsh_text), (4 bytes).
    Removing stm32l0xx_hal_comp_ex.o(.rev16_text), (4 bytes).
    Removing stm32l0xx_hal_comp_ex.o(.revsh_text), (4 bytes).
    Removing stm32l0xx_hal_cortex.o(.rev16_text), (4 bytes).
    Removing stm32l0xx_hal_cortex.o(.revsh_text), (4 bytes).
    Removing stm32l0xx_hal_cortex.o(i.HAL_MPU_ConfigRegion), (80 bytes).
    Removing stm32l0xx_hal_cortex.o(i.HAL_MPU_Disable), (16 bytes).
    Removing stm32l0xx_hal_cortex.o(i.HAL_MPU_Enable), (24 bytes).
    Removing stm32l0xx_hal_cortex.o(i.HAL_NVIC_ClearPendingIRQ), (20 bytes).
    Removing stm32l0xx_hal_cortex.o(i.HAL_NVIC_DisableIRQ), (20 bytes).
    Removing stm32l0xx_hal_cortex.o(i.HAL_NVIC_GetPendingIRQ), (28 bytes).
    Removing stm32l0xx_hal_cortex.o(i.HAL_NVIC_GetPriority), (52 bytes).
    Removing stm32l0xx_hal_cortex.o(i.HAL_NVIC_SetPendingIRQ), (20 bytes).
    Removing stm32l0xx_hal_cortex.o(i.HAL_NVIC_SystemReset), (28 bytes).
    Removing stm32l0xx_hal_cortex.o(i.HAL_SYSTICK_CLKSourceConfig), (24 bytes).
    Removing stm32l0xx_hal_cortex.o(i.HAL_SYSTICK_Callback), (2 bytes).
    Removing stm32l0xx_hal_cortex.o(i.HAL_SYSTICK_IRQHandler), (8 bytes).
    Removing stm32l0xx_hal_crc.o(.rev16_text), (4 bytes).
    Removing stm32l0xx_hal_crc.o(.revsh_text), (4 bytes).
    Removing stm32l0xx_hal_crc_ex.o(.rev16_text), (4 bytes).
    Removing stm32l0xx_hal_crc_ex.o(.revsh_text), (4 bytes).
    Removing stm32l0xx_hal_firewall.o(.rev16_text), (4 bytes).
    Removing stm32l0xx_hal_firewall.o(.revsh_text), (4 bytes).
    Removing stm32l0xx_hal_flash.o(.rev16_text), (4 bytes).
    Removing stm32l0xx_hal_flash.o(.revsh_text), (4 bytes).
    Removing stm32l0xx_hal_flash.o(i.FLASH_SetErrorCode), (144 bytes).
    Removing stm32l0xx_hal_flash.o(i.FLASH_WaitForLastOperation), (112 bytes).
    Removing stm32l0xx_hal_flash.o(i.HAL_FLASH_EndOfOperationCallback), (2 bytes).
    Removing stm32l0xx_hal_flash.o(i.HAL_FLASH_GetError), (12 bytes).
    Removing stm32l0xx_hal_flash.o(i.HAL_FLASH_IRQHandler), (220 bytes).
    Removing stm32l0xx_hal_flash.o(i.HAL_FLASH_Lock), (28 bytes).
    Removing stm32l0xx_hal_flash.o(i.HAL_FLASH_OB_Launch), (32 bytes).
    Removing stm32l0xx_hal_flash.o(i.HAL_FLASH_OB_Lock), (20 bytes).
    Removing stm32l0xx_hal_flash.o(i.HAL_FLASH_OB_Unlock), (68 bytes).
    Removing stm32l0xx_hal_flash.o(i.HAL_FLASH_OperationErrorCallback), (2 bytes).
    Removing stm32l0xx_hal_flash.o(i.HAL_FLASH_Program), (60 bytes).
    Removing stm32l0xx_hal_flash.o(i.HAL_FLASH_Program_IT), (60 bytes).
    Removing stm32l0xx_hal_flash.o(i.HAL_FLASH_Unlock), (92 bytes).
    Removing stm32l0xx_hal_flash.o(.bss), (24 bytes).
    Removing stm32l0xx_hal_flash_ex.o(.rev16_text), (4 bytes).
    Removing stm32l0xx_hal_flash_ex.o(.revsh_text), (4 bytes).
    Removing stm32l0xx_hal_flash_ex.o(i.FLASH_OB_ProtectedSectorsConfig), (80 bytes).
    Removing stm32l0xx_hal_flash_ex.o(i.FLASH_PageErase), (44 bytes).
    Removing stm32l0xx_hal_flash_ex.o(i.HAL_FLASHEx_AdvOBGetConfig), (24 bytes).
    Removing stm32l0xx_hal_flash_ex.o(i.HAL_FLASHEx_AdvOBProgram), (24 bytes).
    Removing stm32l0xx_hal_flash_ex.o(i.HAL_FLASHEx_DATAEEPROM_DisableFixedTimeProgram), (16 bytes).
    Removing stm32l0xx_hal_flash_ex.o(i.HAL_FLASHEx_DATAEEPROM_EnableFixedTimeProgram), (16 bytes).
    Removing stm32l0xx_hal_flash_ex.o(i.HAL_FLASHEx_DATAEEPROM_Erase), (40 bytes).
    Removing stm32l0xx_hal_flash_ex.o(i.HAL_FLASHEx_DATAEEPROM_Lock), (20 bytes).
    Removing stm32l0xx_hal_flash_ex.o(i.HAL_FLASHEx_DATAEEPROM_Program), (84 bytes).
    Removing stm32l0xx_hal_flash_ex.o(i.HAL_FLASHEx_DATAEEPROM_Unlock), (52 bytes).
    Removing stm32l0xx_hal_flash_ex.o(i.HAL_FLASHEx_Erase), (120 bytes).
    Removing stm32l0xx_hal_flash_ex.o(i.HAL_FLASHEx_Erase_IT), (92 bytes).
    Removing stm32l0xx_hal_flash_ex.o(i.HAL_FLASHEx_OBGetConfig), (56 bytes).
    Removing stm32l0xx_hal_flash_ex.o(i.HAL_FLASHEx_OBProgram), (292 bytes).
    Removing stm32l0xx_hal_flash_ex.o(i.HAL_FLASHEx_OB_DeSelectPCROP), (52 bytes).
    Removing stm32l0xx_hal_flash_ex.o(i.HAL_FLASHEx_OB_SelectPCROP), (56 bytes).
    Removing stm32l0xx_hal_flash_ramfunc.o(.rev16_text), (4 bytes).
    Removing stm32l0xx_hal_flash_ramfunc.o(.revsh_text), (4 bytes).
    Removing stm32l0xx_hal_flash_ramfunc.o(i.FLASHRAM_SetErrorCode), (144 bytes).
    Removing stm32l0xx_hal_flash_ramfunc.o(i.FLASHRAM_WaitForLastOperation), (96 bytes).
    Removing stm32l0xx_hal_flash_ramfunc.o(i.HAL_FLASHEx_DisableRunPowerDown), (36 bytes).
    Removing stm32l0xx_hal_flash_ramfunc.o(i.HAL_FLASHEx_EnableRunPowerDown), (36 bytes).
    Removing stm32l0xx_hal_flash_ramfunc.o(i.HAL_FLASHEx_GetError), (16 bytes).
    Removing stm32l0xx_hal_flash_ramfunc.o(i.HAL_FLASHEx_HalfPageProgram), (84 bytes).
    Removing stm32l0xx_hal_i2c.o(.rev16_text), (4 bytes).
    Removing stm32l0xx_hal_i2c.o(.revsh_text), (4 bytes).
    Removing stm32l0xx_hal_i2c.o(i.HAL_I2C_AbortCpltCallback), (2 bytes).
    Removing stm32l0xx_hal_i2c.o(i.HAL_I2C_AddrCallback), (2 bytes).
    Removing stm32l0xx_hal_i2c.o(i.HAL_I2C_DeInit), (52 bytes).
    Removing stm32l0xx_hal_i2c.o(i.HAL_I2C_DisableListen_IT), (48 bytes).
    Removing stm32l0xx_hal_i2c.o(i.HAL_I2C_ER_IRQHandler), (94 bytes).
    Removing stm32l0xx_hal_i2c.o(i.HAL_I2C_EV_IRQHandler), (16 bytes).
    Removing stm32l0xx_hal_i2c.o(i.HAL_I2C_EnableListen_IT), (40 bytes).
    Removing stm32l0xx_hal_i2c.o(i.HAL_I2C_ErrorCallback), (2 bytes).
    Removing stm32l0xx_hal_i2c.o(i.HAL_I2C_GetError), (4 bytes).
    Removing stm32l0xx_hal_i2c.o(i.HAL_I2C_GetMode), (6 bytes).
    Removing stm32l0xx_hal_i2c.o(i.HAL_I2C_GetState), (6 bytes).
    Removing stm32l0xx_hal_i2c.o(i.HAL_I2C_Init), (180 bytes).
    Removing stm32l0xx_hal_i2c.o(i.HAL_I2C_IsDeviceReady), (288 bytes).
    Removing stm32l0xx_hal_i2c.o(i.HAL_I2C_ListenCpltCallback), (2 bytes).
    Removing stm32l0xx_hal_i2c.o(i.HAL_I2C_MasterRxCpltCallback), (2 bytes).
    Removing stm32l0xx_hal_i2c.o(i.HAL_I2C_MasterTxCpltCallback), (2 bytes).
    Removing stm32l0xx_hal_i2c.o(i.HAL_I2C_Master_Abort_IT), (92 bytes).
    Removing stm32l0xx_hal_i2c.o(i.HAL_I2C_Master_Receive), (272 bytes).
    Removing stm32l0xx_hal_i2c.o(i.HAL_I2C_Master_Receive_DMA), (280 bytes).
    Removing stm32l0xx_hal_i2c.o(i.HAL_I2C_Master_Receive_IT), (128 bytes).
    Removing stm32l0xx_hal_i2c.o(i.HAL_I2C_Master_Seq_Receive_DMA), (316 bytes).
    Removing stm32l0xx_hal_i2c.o(i.HAL_I2C_Master_Seq_Receive_IT), (156 bytes).
    Removing stm32l0xx_hal_i2c.o(i.HAL_I2C_Master_Seq_Transmit_DMA), (312 bytes).
    Removing stm32l0xx_hal_i2c.o(i.HAL_I2C_Master_Seq_Transmit_IT), (156 bytes).
    Removing stm32l0xx_hal_i2c.o(i.HAL_I2C_Master_Transmit), (272 bytes).
    Removing stm32l0xx_hal_i2c.o(i.HAL_I2C_Master_Transmit_DMA), (284 bytes).
    Removing stm32l0xx_hal_i2c.o(i.HAL_I2C_Master_Transmit_IT), (128 bytes).
    Removing stm32l0xx_hal_i2c.o(i.HAL_I2C_MemRxCpltCallback), (2 bytes).
    Removing stm32l0xx_hal_i2c.o(i.HAL_I2C_MemTxCpltCallback), (2 bytes).
    Removing stm32l0xx_hal_i2c.o(i.HAL_I2C_Mem_Read), (340 bytes).
    Removing stm32l0xx_hal_i2c.o(i.HAL_I2C_Mem_Read_DMA), (288 bytes).
    Removing stm32l0xx_hal_i2c.o(i.HAL_I2C_Mem_Read_IT), (188 bytes).
    Removing stm32l0xx_hal_i2c.o(i.HAL_I2C_Mem_Write), (332 bytes).
    Removing stm32l0xx_hal_i2c.o(i.HAL_I2C_Mem_Write_DMA), (280 bytes).
    Removing stm32l0xx_hal_i2c.o(i.HAL_I2C_Mem_Write_IT), (180 bytes).
    Removing stm32l0xx_hal_i2c.o(i.HAL_I2C_MspDeInit), (2 bytes).
    Removing stm32l0xx_hal_i2c.o(i.HAL_I2C_MspInit), (2 bytes).
    Removing stm32l0xx_hal_i2c.o(i.HAL_I2C_SlaveRxCpltCallback), (2 bytes).
    Removing stm32l0xx_hal_i2c.o(i.HAL_I2C_SlaveTxCpltCallback), (2 bytes).
    Removing stm32l0xx_hal_i2c.o(i.HAL_I2C_Slave_Receive), (276 bytes).
    Removing stm32l0xx_hal_i2c.o(i.HAL_I2C_Slave_Receive_DMA), (200 bytes).
    Removing stm32l0xx_hal_i2c.o(i.HAL_I2C_Slave_Receive_IT), (88 bytes).
    Removing stm32l0xx_hal_i2c.o(i.HAL_I2C_Slave_Seq_Receive_DMA), (360 bytes).
    Removing stm32l0xx_hal_i2c.o(i.HAL_I2C_Slave_Seq_Receive_IT), (200 bytes).
    Removing stm32l0xx_hal_i2c.o(i.HAL_I2C_Slave_Seq_Transmit_DMA), (364 bytes).
    Removing stm32l0xx_hal_i2c.o(i.HAL_I2C_Slave_Seq_Transmit_IT), (204 bytes).
    Removing stm32l0xx_hal_i2c.o(i.HAL_I2C_Slave_Transmit), (294 bytes).
    Removing stm32l0xx_hal_i2c.o(i.HAL_I2C_Slave_Transmit_DMA), (196 bytes).
    Removing stm32l0xx_hal_i2c.o(i.HAL_I2C_Slave_Transmit_IT), (88 bytes).
    Removing stm32l0xx_hal_i2c.o(i.I2C_ConvertOtherXferOptions), (28 bytes).
    Removing stm32l0xx_hal_i2c.o(i.I2C_DMAAbort), (40 bytes).
    Removing stm32l0xx_hal_i2c.o(i.I2C_DMAError), (24 bytes).
    Removing stm32l0xx_hal_i2c.o(i.I2C_DMAMasterReceiveCplt), (80 bytes).
    Removing stm32l0xx_hal_i2c.o(i.I2C_DMAMasterTransmitCplt), (80 bytes).
    Removing stm32l0xx_hal_i2c.o(i.I2C_DMASlaveReceiveCplt), (42 bytes).
    Removing stm32l0xx_hal_i2c.o(i.I2C_DMASlaveTransmitCplt), (36 bytes).
    Removing stm32l0xx_hal_i2c.o(i.I2C_Disable_IRQ), (84 bytes).
    Removing stm32l0xx_hal_i2c.o(i.I2C_Enable_IRQ), (100 bytes).
    Removing stm32l0xx_hal_i2c.o(i.I2C_Flush_TXDR), (34 bytes).
    Removing stm32l0xx_hal_i2c.o(i.I2C_ITAddrCplt), (122 bytes).
    Removing stm32l0xx_hal_i2c.o(i.I2C_ITError), (208 bytes).
    Removing stm32l0xx_hal_i2c.o(i.I2C_ITListenCplt), (100 bytes).
    Removing stm32l0xx_hal_i2c.o(i.I2C_ITMasterCplt), (164 bytes).
    Removing stm32l0xx_hal_i2c.o(i.I2C_ITMasterSeqCplt), (70 bytes).
    Removing stm32l0xx_hal_i2c.o(i.I2C_ITSlaveCplt), (244 bytes).
    Removing stm32l0xx_hal_i2c.o(i.I2C_ITSlaveSeqCplt), (74 bytes).
    Removing stm32l0xx_hal_i2c.o(i.I2C_IsAcknowledgeFailed), (112 bytes).
    Removing stm32l0xx_hal_i2c.o(i.I2C_Master_ISR_DMA), (268 bytes).
    Removing stm32l0xx_hal_i2c.o(i.I2C_Master_ISR_IT), (304 bytes).
    Removing stm32l0xx_hal_i2c.o(i.I2C_RequestMemoryRead), (96 bytes).
    Removing stm32l0xx_hal_i2c.o(i.I2C_RequestMemoryWrite), (96 bytes).
    Removing stm32l0xx_hal_i2c.o(i.I2C_Slave_ISR_DMA), (232 bytes).
    Removing stm32l0xx_hal_i2c.o(i.I2C_Slave_ISR_IT), (298 bytes).
    Removing stm32l0xx_hal_i2c.o(i.I2C_TransferConfig), (40 bytes).
    Removing stm32l0xx_hal_i2c.o(i.I2C_WaitOnFlagUntilTimeout), (78 bytes).
    Removing stm32l0xx_hal_i2c.o(i.I2C_WaitOnRXNEFlagUntilTimeout), (128 bytes).
    Removing stm32l0xx_hal_i2c.o(i.I2C_WaitOnSTOPFlagUntilTimeout), (76 bytes).
    Removing stm32l0xx_hal_i2c.o(i.I2C_WaitOnTXISFlagUntilTimeout), (80 bytes).
    Removing stm32l0xx_hal_i2c_ex.o(.rev16_text), (4 bytes).
    Removing stm32l0xx_hal_i2c_ex.o(.revsh_text), (4 bytes).
    Removing stm32l0xx_hal_i2c_ex.o(i.HAL_I2CEx_ConfigAnalogFilter), (74 bytes).
    Removing stm32l0xx_hal_i2c_ex.o(i.HAL_I2CEx_ConfigDigitalFilter), (72 bytes).
    Removing stm32l0xx_hal_i2c_ex.o(i.HAL_I2CEx_DisableFastModePlus), (28 bytes).
    Removing stm32l0xx_hal_i2c_ex.o(i.HAL_I2CEx_DisableWakeUp), (66 bytes).
    Removing stm32l0xx_hal_i2c_ex.o(i.HAL_I2CEx_EnableFastModePlus), (28 bytes).
    Removing stm32l0xx_hal_i2c_ex.o(i.HAL_I2CEx_EnableWakeUp), (66 bytes).
    Removing stm32l0xx_hal_i2s.o(.rev16_text), (4 bytes).
    Removing stm32l0xx_hal_i2s.o(.revsh_text), (4 bytes).
    Removing stm32l0xx_hal_irda.o(.rev16_text), (4 bytes).
    Removing stm32l0xx_hal_irda.o(.revsh_text), (4 bytes).
    Removing stm32l0xx_hal_iwdg.o(.rev16_text), (4 bytes).
    Removing stm32l0xx_hal_iwdg.o(.revsh_text), (4 bytes).
    Removing stm32l0xx_hal_lcd.o(.rev16_text), (4 bytes).
    Removing stm32l0xx_hal_lcd.o(.revsh_text), (4 bytes).
    Removing stm32l0xx_hal_lptim.o(.rev16_text), (4 bytes).
    Removing stm32l0xx_hal_lptim.o(.revsh_text), (4 bytes).
    Removing stm32l0xx_hal_msp_template.o(.rev16_text), (4 bytes).
    Removing stm32l0xx_hal_msp_template.o(.revsh_text), (4 bytes).
    Removing stm32l0xx_hal_msp_template.o(i.HAL_MspDeInit), (2 bytes).
    Removing stm32l0xx_hal_msp_template.o(i.HAL_PPP_MspDeInit), (2 bytes).
    Removing stm32l0xx_hal_msp_template.o(i.HAL_PPP_MspInit), (2 bytes).
    Removing stm32l0xx_hal_pcd.o(.rev16_text), (4 bytes).
    Removing stm32l0xx_hal_pcd.o(.revsh_text), (4 bytes).
    Removing stm32l0xx_hal_pcd_ex.o(.rev16_text), (4 bytes).
    Removing stm32l0xx_hal_pcd_ex.o(.revsh_text), (4 bytes).
    Removing stm32l0xx_hal_pwr.o(.rev16_text), (4 bytes).
    Removing stm32l0xx_hal_pwr.o(.revsh_text), (4 bytes).
    Removing stm32l0xx_hal_pwr.o(i.HAL_PWR_ConfigPVD), (104 bytes).
    Removing stm32l0xx_hal_pwr.o(i.HAL_PWR_DeInit), (24 bytes).
    Removing stm32l0xx_hal_pwr.o(i.HAL_PWR_DisableBkUpAccess), (16 bytes).
    Removing stm32l0xx_hal_pwr.o(i.HAL_PWR_DisablePVD), (16 bytes).
    Removing stm32l0xx_hal_pwr.o(i.HAL_PWR_DisableSEVOnPend), (16 bytes).
    Removing stm32l0xx_hal_pwr.o(i.HAL_PWR_DisableSleepOnExit), (16 bytes).
    Removing stm32l0xx_hal_pwr.o(i.HAL_PWR_DisableWakeUpPin), (16 bytes).
    Removing stm32l0xx_hal_pwr.o(i.HAL_PWR_EnableBkUpAccess), (16 bytes).
    Removing stm32l0xx_hal_pwr.o(i.HAL_PWR_EnablePVD), (16 bytes).
    Removing stm32l0xx_hal_pwr.o(i.HAL_PWR_EnableSEVOnPend), (16 bytes).
    Removing stm32l0xx_hal_pwr.o(i.HAL_PWR_EnableSleepOnExit), (16 bytes).
    Removing stm32l0xx_hal_pwr.o(i.HAL_PWR_EnableWakeUpPin), (16 bytes).
    Removing stm32l0xx_hal_pwr.o(i.HAL_PWR_EnterSLEEPMode), (48 bytes).
    Removing stm32l0xx_hal_pwr.o(i.HAL_PWR_EnterSTANDBYMode), (32 bytes).
    Removing stm32l0xx_hal_pwr.o(i.HAL_PWR_EnterSTOPMode), (52 bytes).
    Removing stm32l0xx_hal_pwr.o(i.HAL_PWR_PVDCallback), (2 bytes).
    Removing stm32l0xx_hal_pwr.o(i.HAL_PWR_PVD_IRQHandler), (28 bytes).
    Removing stm32l0xx_hal_pwr_ex.o(.rev16_text), (4 bytes).
    Removing stm32l0xx_hal_pwr_ex.o(.revsh_text), (4 bytes).
    Removing stm32l0xx_hal_pwr_ex.o(i.HAL_PWREx_DisableFastWakeUp), (16 bytes).
    Removing stm32l0xx_hal_pwr_ex.o(i.HAL_PWREx_DisableLowPowerRunMode), (76 bytes).
    Removing stm32l0xx_hal_pwr_ex.o(i.HAL_PWREx_DisableUltraLowPower), (16 bytes).
    Removing stm32l0xx_hal_pwr_ex.o(i.HAL_PWREx_EnableFastWakeUp), (16 bytes).
    Removing stm32l0xx_hal_pwr_ex.o(i.HAL_PWREx_EnableLowPowerRunMode), (24 bytes).
    Removing stm32l0xx_hal_pwr_ex.o(i.HAL_PWREx_EnableUltraLowPower), (16 bytes).
    Removing stm32l0xx_hal_pwr_ex.o(i.HAL_PWREx_GetVoltageRange), (16 bytes).
    Removing stm32l0xx_hal_rng.o(.rev16_text), (4 bytes).
    Removing stm32l0xx_hal_rng.o(.revsh_text), (4 bytes).
    Removing stm32l0xx_hal_smartcard.o(.rev16_text), (4 bytes).
    Removing stm32l0xx_hal_smartcard.o(.revsh_text), (4 bytes).
    Removing stm32l0xx_hal_smartcard_ex.o(.rev16_text), (4 bytes).
    Removing stm32l0xx_hal_smartcard_ex.o(.revsh_text), (4 bytes).
    Removing stm32l0xx_hal_smbus.o(.rev16_text), (4 bytes).
    Removing stm32l0xx_hal_smbus.o(.revsh_text), (4 bytes).
    Removing stm32l0xx_hal_spi.o(.rev16_text), (4 bytes).
    Removing stm32l0xx_hal_spi.o(.revsh_text), (4 bytes).
    Removing stm32l0xx_hal_tim.o(.rev16_text), (4 bytes).
    Removing stm32l0xx_hal_tim.o(.revsh_text), (4 bytes).
    Removing stm32l0xx_hal_tim_ex.o(.rev16_text), (4 bytes).
    Removing stm32l0xx_hal_tim_ex.o(.revsh_text), (4 bytes).
    Removing stm32l0xx_hal_tsc.o(.rev16_text), (4 bytes).
    Removing stm32l0xx_hal_tsc.o(.revsh_text), (4 bytes).
    Removing stm32l0xx_hal_uart_ex.o(.rev16_text), (4 bytes).
    Removing stm32l0xx_hal_uart_ex.o(.revsh_text), (4 bytes).
    Removing stm32l0xx_hal_uart_ex.o(i.HAL_MultiProcessorEx_AddressLength_Set), (52 bytes).
    Removing stm32l0xx_hal_uart_ex.o(i.HAL_RS485Ex_Init), (136 bytes).
    Removing stm32l0xx_hal_uart_ex.o(i.HAL_UARTEx_DisableClockStopMode), (36 bytes).
    Removing stm32l0xx_hal_uart_ex.o(i.HAL_UARTEx_DisableStopMode), (34 bytes).
    Removing stm32l0xx_hal_uart_ex.o(i.HAL_UARTEx_EnableClockStopMode), (36 bytes).
    Removing stm32l0xx_hal_uart_ex.o(i.HAL_UARTEx_EnableStopMode), (34 bytes).
    Removing stm32l0xx_hal_uart_ex.o(i.HAL_UARTEx_StopModeWakeUpSourceConfig), (152 bytes).
    Removing stm32l0xx_hal_wwdg.o(.rev16_text), (4 bytes).
    Removing stm32l0xx_hal_wwdg.o(.revsh_text), (4 bytes).
    Removing stm32l0xx_ll_usb.o(.rev16_text), (4 bytes).
    Removing stm32l0xx_ll_usb.o(.revsh_text), (4 bytes).
    Removing stm32l0xx_ll_utils.o(.rev16_text), (4 bytes).
    Removing stm32l0xx_ll_utils.o(.revsh_text), (4 bytes).
    Removing stm32l0xx_ll_utils.o(i.LL_Init1msTick), (32 bytes).
    Removing stm32l0xx_ll_utils.o(i.LL_PLL_ConfigSystemClock_HSE), (100 bytes).
    Removing stm32l0xx_ll_utils.o(i.LL_PLL_ConfigSystemClock_HSI), (80 bytes).
    Removing stm32l0xx_ll_utils.o(i.LL_RCC_PLL_ConfigDomain_SYS), (28 bytes).
    Removing stm32l0xx_ll_utils.o(i.LL_SetSystemCoreClock), (12 bytes).
    Removing stm32l0xx_ll_utils.o(i.LL_mDelay), (32 bytes).
    Removing stm32l0xx_ll_utils.o(i.UTILS_EnablePLLAndSwitchSystem), (148 bytes).
    Removing stm32l0xx_ll_utils.o(i.UTILS_GetPLLOutputFrequency), (28 bytes).
    Removing stm32l0xx_ll_utils.o(i.UTILS_PLL_IsBusy), (20 bytes).
    Removing stm32l0xx_ll_utils.o(i.UTILS_SetFlashLatency), (104 bytes).
    Removing cola_os.o(i.cola_clear_event), (68 bytes).
    Removing cola_os.o(i.cola_task_delete), (64 bytes).
    Removing cola_os.o(i.cola_timer_stop), (64 bytes).
    Removing gpio.o(.rev16_text), (4 bytes).
    Removing gpio.o(.revsh_text), (4 bytes).
    Removing rtc.o(.rev16_text), (4 bytes).
    Removing rtc.o(.revsh_text), (4 bytes).
    Removing rtc.o(i.HAL_RTC_MspDeInit), (40 bytes).
    Removing rtc.o(i.HAL_RTC_MspInit), (48 bytes).
    Removing rtc.o(i.MX_RTC_Init), (148 bytes).
    Removing rtc.o(.bss), (36 bytes).
    Removing usart.o(.rev16_text), (4 bytes).
    Removing usart.o(.revsh_text), (4 bytes).
    Removing usart.o(i.HAL_UART_MspDeInit), (52 bytes).
    Removing dadd.o(.text), (356 bytes).
    Removing dmul.o(.text), (208 bytes).
    Removing ddiv.o(.text), (240 bytes).
    Removing dfixul.o(.text), (64 bytes).
    Removing cdrcmple.o(.text), (40 bytes).
    Removing depilogue.o(.text), (190 bytes).
    Removing depilogue.o(i.__ARM_clz), (46 bytes).

456 unused section(s) (total 29766 bytes) removed from the image.

==============================================================================

Image Symbol Table

    Local Symbols

    Symbol Name                              Value     Ov Type        Size  Object(Section)

    ../clib/microlib/division.c              0x00000000   Number         0  uidiv.o ABSOLUTE
    ../clib/microlib/division.c              0x00000000   Number         0  uldiv.o ABSOLUTE
    ../clib/microlib/init/entry.s            0x00000000   Number         0  entry10a.o ABSOLUTE
    ../clib/microlib/init/entry.s            0x00000000   Number         0  entry2.o ABSOLUTE
    ../clib/microlib/init/entry.s            0x00000000   Number         0  entry5.o ABSOLUTE
    ../clib/microlib/init/entry.s            0x00000000   Number         0  entry11b.o ABSOLUTE
    ../clib/microlib/init/entry.s            0x00000000   Number         0  entry7a.o ABSOLUTE
    ../clib/microlib/init/entry.s            0x00000000   Number         0  entry8a.o ABSOLUTE
    ../clib/microlib/init/entry.s            0x00000000   Number         0  entry11a.o ABSOLUTE
    ../clib/microlib/init/entry.s            0x00000000   Number         0  entry10b.o ABSOLUTE
    ../clib/microlib/init/entry.s            0x00000000   Number         0  entry.o ABSOLUTE
    ../clib/microlib/init/entry.s            0x00000000   Number         0  entry9b.o ABSOLUTE
    ../clib/microlib/init/entry.s            0x00000000   Number         0  entry7b.o ABSOLUTE
    ../clib/microlib/init/entry.s            0x00000000   Number         0  entry9a.o ABSOLUTE
    ../clib/microlib/init/entry.s            0x00000000   Number         0  entry8b.o ABSOLUTE
    ../clib/microlib/longlong.c              0x00000000   Number         0  llushr.o ABSOLUTE
    ../clib/microlib/longlong.c              0x00000000   Number         0  llsshr.o ABSOLUTE
    ../clib/microlib/longlong.c              0x00000000   Number         0  llshl.o ABSOLUTE
    ../clib/microlib/printf/printf.c         0x00000000   Number         0  printfa.o ABSOLUTE
    ../clib/microlib/printf/printf.c         0x00000000   Number         0  printf8.o ABSOLUTE
    ../clib/microlib/printf/printf.c         0x00000000   Number         0  printf7.o ABSOLUTE
    ../clib/microlib/printf/printf.c         0x00000000   Number         0  printf6.o ABSOLUTE
    ../clib/microlib/printf/printf.c         0x00000000   Number         0  printf5.o ABSOLUTE
    ../clib/microlib/printf/printf.c         0x00000000   Number         0  printf4.o ABSOLUTE
    ../clib/microlib/printf/printf.c         0x00000000   Number         0  printf3.o ABSOLUTE
    ../clib/microlib/printf/printf.c         0x00000000   Number         0  printf2.o ABSOLUTE
    ../clib/microlib/printf/printf.c         0x00000000   Number         0  printf1.o ABSOLUTE
    ../clib/microlib/printf/printf.c         0x00000000   Number         0  printf0.o ABSOLUTE
    ../clib/microlib/printf/printf.c         0x00000000   Number         0  printfb.o ABSOLUTE
    ../clib/microlib/printf/stubs.s          0x00000000   Number         0  stubs.o ABSOLUTE
    ../clib/microlib/stdio/streams.c         0x00000000   Number         0  stdout.o ABSOLUTE
    ../clib/microlib/string/memset.c         0x00000000   Number         0  memseta.o ABSOLUTE
    ../clib/microlib/string/strcmp.c         0x00000000   Number         0  strcmp.o ABSOLUTE
    ../clib/microlib/stubs.s                 0x00000000   Number         0  iusefp.o ABSOLUTE
    ../fplib/microlib/fpadd.c                0x00000000   Number         0  dadd.o ABSOLUTE
    ../fplib/microlib/fpdiv.c                0x00000000   Number         0  ddiv.o ABSOLUTE
    ../fplib/microlib/fpepilogue.c           0x00000000   Number         0  depilogue.o ABSOLUTE
    ../fplib/microlib/fpfix.c                0x00000000   Number         0  dfixul.o ABSOLUTE
    ../fplib/microlib/fpmul.c                0x00000000   Number         0  dmul.o ABSOLUTE
    ..\..\app\main.c                         0x00000000   Number         0  main.o ABSOLUTE
    ..\..\app\user\app.c                     0x00000000   Number         0  app.o ABSOLUTE
    ..\..\example\1.app_gpio_toggle\app_gpio_toggle.c 0x00000000   Number         0  app_gpio_toggle.o ABSOLUTE
    ..\..\example\2.app_usart\app_usart.c    0x00000000   Number         0  app_usart.o ABSOLUTE
    ..\..\os\cola_device.c                   0x00000000   Number         0  cola_device.o ABSOLUTE
    ..\..\os\cola_init.c                     0x00000000   Number         0  cola_init.o ABSOLUTE
    ..\..\os\cola_os.c                       0x00000000   Number         0  cola_os.o ABSOLUTE
    STM32L0xx_Cube\Drivers\STM32L0xx_HAL_Driver\Src\stm32l0xx_hal.c 0x00000000   Number         0  stm32l0xx_hal.o ABSOLUTE
    STM32L0xx_Cube\Drivers\STM32L0xx_HAL_Driver\Src\stm32l0xx_hal_adc.c 0x00000000   Number         0  stm32l0xx_hal_adc.o ABSOLUTE
    STM32L0xx_Cube\Drivers\STM32L0xx_HAL_Driver\Src\stm32l0xx_hal_adc_ex.c 0x00000000   Number         0  stm32l0xx_hal_adc_ex.o ABSOLUTE
    STM32L0xx_Cube\Drivers\STM32L0xx_HAL_Driver\Src\stm32l0xx_hal_comp.c 0x00000000   Number         0  stm32l0xx_hal_comp.o ABSOLUTE
    STM32L0xx_Cube\Drivers\STM32L0xx_HAL_Driver\Src\stm32l0xx_hal_comp_ex.c 0x00000000   Number         0  stm32l0xx_hal_comp_ex.o ABSOLUTE
    STM32L0xx_Cube\Drivers\STM32L0xx_HAL_Driver\Src\stm32l0xx_hal_cortex.c 0x00000000   Number         0  stm32l0xx_hal_cortex.o ABSOLUTE
    STM32L0xx_Cube\Drivers\STM32L0xx_HAL_Driver\Src\stm32l0xx_hal_crc.c 0x00000000   Number         0  stm32l0xx_hal_crc.o ABSOLUTE
    STM32L0xx_Cube\Drivers\STM32L0xx_HAL_Driver\Src\stm32l0xx_hal_crc_ex.c 0x00000000   Number         0  stm32l0xx_hal_crc_ex.o ABSOLUTE
    STM32L0xx_Cube\Drivers\STM32L0xx_HAL_Driver\Src\stm32l0xx_hal_cryp.c 0x00000000   Number         0  stm32l0xx_hal_cryp.o ABSOLUTE
    STM32L0xx_Cube\Drivers\STM32L0xx_HAL_Driver\Src\stm32l0xx_hal_cryp_ex.c 0x00000000   Number         0  stm32l0xx_hal_cryp_ex.o ABSOLUTE
    STM32L0xx_Cube\Drivers\STM32L0xx_HAL_Driver\Src\stm32l0xx_hal_dac.c 0x00000000   Number         0  stm32l0xx_hal_dac.o ABSOLUTE
    STM32L0xx_Cube\Drivers\STM32L0xx_HAL_Driver\Src\stm32l0xx_hal_dac_ex.c 0x00000000   Number         0  stm32l0xx_hal_dac_ex.o ABSOLUTE
    STM32L0xx_Cube\Drivers\STM32L0xx_HAL_Driver\Src\stm32l0xx_hal_dma.c 0x00000000   Number         0  stm32l0xx_hal_dma.o ABSOLUTE
    STM32L0xx_Cube\Drivers\STM32L0xx_HAL_Driver\Src\stm32l0xx_hal_firewall.c 0x00000000   Number         0  stm32l0xx_hal_firewall.o ABSOLUTE
    STM32L0xx_Cube\Drivers\STM32L0xx_HAL_Driver\Src\stm32l0xx_hal_flash.c 0x00000000   Number         0  stm32l0xx_hal_flash.o ABSOLUTE
    STM32L0xx_Cube\Drivers\STM32L0xx_HAL_Driver\Src\stm32l0xx_hal_flash_ex.c 0x00000000   Number         0  stm32l0xx_hal_flash_ex.o ABSOLUTE
    STM32L0xx_Cube\Drivers\STM32L0xx_HAL_Driver\Src\stm32l0xx_hal_flash_ramfunc.c 0x00000000   Number         0  stm32l0xx_hal_flash_ramfunc.o ABSOLUTE
    STM32L0xx_Cube\Drivers\STM32L0xx_HAL_Driver\Src\stm32l0xx_hal_gpio.c 0x00000000   Number         0  stm32l0xx_hal_gpio.o ABSOLUTE
    STM32L0xx_Cube\Drivers\STM32L0xx_HAL_Driver\Src\stm32l0xx_hal_i2c.c 0x00000000   Number         0  stm32l0xx_hal_i2c.o ABSOLUTE
    STM32L0xx_Cube\Drivers\STM32L0xx_HAL_Driver\Src\stm32l0xx_hal_i2c_ex.c 0x00000000   Number         0  stm32l0xx_hal_i2c_ex.o ABSOLUTE
    STM32L0xx_Cube\Drivers\STM32L0xx_HAL_Driver\Src\stm32l0xx_hal_i2s.c 0x00000000   Number         0  stm32l0xx_hal_i2s.o ABSOLUTE
    STM32L0xx_Cube\Drivers\STM32L0xx_HAL_Driver\Src\stm32l0xx_hal_irda.c 0x00000000   Number         0  stm32l0xx_hal_irda.o ABSOLUTE
    STM32L0xx_Cube\Drivers\STM32L0xx_HAL_Driver\Src\stm32l0xx_hal_iwdg.c 0x00000000   Number         0  stm32l0xx_hal_iwdg.o ABSOLUTE
    STM32L0xx_Cube\Drivers\STM32L0xx_HAL_Driver\Src\stm32l0xx_hal_lcd.c 0x00000000   Number         0  stm32l0xx_hal_lcd.o ABSOLUTE
    STM32L0xx_Cube\Drivers\STM32L0xx_HAL_Driver\Src\stm32l0xx_hal_lptim.c 0x00000000   Number         0  stm32l0xx_hal_lptim.o ABSOLUTE
    STM32L0xx_Cube\Drivers\STM32L0xx_HAL_Driver\Src\stm32l0xx_hal_msp_template.c 0x00000000   Number         0  stm32l0xx_hal_msp_template.o ABSOLUTE
    STM32L0xx_Cube\Drivers\STM32L0xx_HAL_Driver\Src\stm32l0xx_hal_pcd.c 0x00000000   Number         0  stm32l0xx_hal_pcd.o ABSOLUTE
    STM32L0xx_Cube\Drivers\STM32L0xx_HAL_Driver\Src\stm32l0xx_hal_pcd_ex.c 0x00000000   Number         0  stm32l0xx_hal_pcd_ex.o ABSOLUTE
    STM32L0xx_Cube\Drivers\STM32L0xx_HAL_Driver\Src\stm32l0xx_hal_pwr.c 0x00000000   Number         0  stm32l0xx_hal_pwr.o ABSOLUTE
    STM32L0xx_Cube\Drivers\STM32L0xx_HAL_Driver\Src\stm32l0xx_hal_pwr_ex.c 0x00000000   Number         0  stm32l0xx_hal_pwr_ex.o ABSOLUTE
    STM32L0xx_Cube\Drivers\STM32L0xx_HAL_Driver\Src\stm32l0xx_hal_rcc.c 0x00000000   Number         0  stm32l0xx_hal_rcc.o ABSOLUTE
    STM32L0xx_Cube\Drivers\STM32L0xx_HAL_Driver\Src\stm32l0xx_hal_rcc_ex.c 0x00000000   Number         0  stm32l0xx_hal_rcc_ex.o ABSOLUTE
    STM32L0xx_Cube\Drivers\STM32L0xx_HAL_Driver\Src\stm32l0xx_hal_rng.c 0x00000000   Number         0  stm32l0xx_hal_rng.o ABSOLUTE
    STM32L0xx_Cube\Drivers\STM32L0xx_HAL_Driver\Src\stm32l0xx_hal_rtc.c 0x00000000   Number         0  stm32l0xx_hal_rtc.o ABSOLUTE
    STM32L0xx_Cube\Drivers\STM32L0xx_HAL_Driver\Src\stm32l0xx_hal_rtc_ex.c 0x00000000   Number         0  stm32l0xx_hal_rtc_ex.o ABSOLUTE
    STM32L0xx_Cube\Drivers\STM32L0xx_HAL_Driver\Src\stm32l0xx_hal_smartcard.c 0x00000000   Number         0  stm32l0xx_hal_smartcard.o ABSOLUTE
    STM32L0xx_Cube\Drivers\STM32L0xx_HAL_Driver\Src\stm32l0xx_hal_smartcard_ex.c 0x00000000   Number         0  stm32l0xx_hal_smartcard_ex.o ABSOLUTE
    STM32L0xx_Cube\Drivers\STM32L0xx_HAL_Driver\Src\stm32l0xx_hal_smbus.c 0x00000000   Number         0  stm32l0xx_hal_smbus.o ABSOLUTE
    STM32L0xx_Cube\Drivers\STM32L0xx_HAL_Driver\Src\stm32l0xx_hal_spi.c 0x00000000   Number         0  stm32l0xx_hal_spi.o ABSOLUTE
    STM32L0xx_Cube\Drivers\STM32L0xx_HAL_Driver\Src\stm32l0xx_hal_tim.c 0x00000000   Number         0  stm32l0xx_hal_tim.o ABSOLUTE
    STM32L0xx_Cube\Drivers\STM32L0xx_HAL_Driver\Src\stm32l0xx_hal_tim_ex.c 0x00000000   Number         0  stm32l0xx_hal_tim_ex.o ABSOLUTE
    STM32L0xx_Cube\Drivers\STM32L0xx_HAL_Driver\Src\stm32l0xx_hal_tsc.c 0x00000000   Number         0  stm32l0xx_hal_tsc.o ABSOLUTE
    STM32L0xx_Cube\Drivers\STM32L0xx_HAL_Driver\Src\stm32l0xx_hal_uart.c 0x00000000   Number         0  stm32l0xx_hal_uart.o ABSOLUTE
    STM32L0xx_Cube\Drivers\STM32L0xx_HAL_Driver\Src\stm32l0xx_hal_uart_ex.c 0x00000000   Number         0  stm32l0xx_hal_uart_ex.o ABSOLUTE
    STM32L0xx_Cube\Drivers\STM32L0xx_HAL_Driver\Src\stm32l0xx_hal_usart.c 0x00000000   Number         0  stm32l0xx_hal_usart.o ABSOLUTE
    STM32L0xx_Cube\Drivers\STM32L0xx_HAL_Driver\Src\stm32l0xx_hal_wwdg.c 0x00000000   Number         0  stm32l0xx_hal_wwdg.o ABSOLUTE
    STM32L0xx_Cube\Drivers\STM32L0xx_HAL_Driver\Src\stm32l0xx_ll_adc.c 0x00000000   Number         0  stm32l0xx_ll_adc.o ABSOLUTE
    STM32L0xx_Cube\Drivers\STM32L0xx_HAL_Driver\Src\stm32l0xx_ll_comp.c 0x00000000   Number         0  stm32l0xx_ll_comp.o ABSOLUTE
    STM32L0xx_Cube\Drivers\STM32L0xx_HAL_Driver\Src\stm32l0xx_ll_crc.c 0x00000000   Number         0  stm32l0xx_ll_crc.o ABSOLUTE
    STM32L0xx_Cube\Drivers\STM32L0xx_HAL_Driver\Src\stm32l0xx_ll_crs.c 0x00000000   Number         0  stm32l0xx_ll_crs.o ABSOLUTE
    STM32L0xx_Cube\Drivers\STM32L0xx_HAL_Driver\Src\stm32l0xx_ll_dac.c 0x00000000   Number         0  stm32l0xx_ll_dac.o ABSOLUTE
    STM32L0xx_Cube\Drivers\STM32L0xx_HAL_Driver\Src\stm32l0xx_ll_dma.c 0x00000000   Number         0  stm32l0xx_ll_dma.o ABSOLUTE
    STM32L0xx_Cube\Drivers\STM32L0xx_HAL_Driver\Src\stm32l0xx_ll_exti.c 0x00000000   Number         0  stm32l0xx_ll_exti.o ABSOLUTE
    STM32L0xx_Cube\Drivers\STM32L0xx_HAL_Driver\Src\stm32l0xx_ll_gpio.c 0x00000000   Number         0  stm32l0xx_ll_gpio.o ABSOLUTE
    STM32L0xx_Cube\Drivers\STM32L0xx_HAL_Driver\Src\stm32l0xx_ll_i2c.c 0x00000000   Number         0  stm32l0xx_ll_i2c.o ABSOLUTE
    STM32L0xx_Cube\Drivers\STM32L0xx_HAL_Driver\Src\stm32l0xx_ll_lptim.c 0x00000000   Number         0  stm32l0xx_ll_lptim.o ABSOLUTE
    STM32L0xx_Cube\Drivers\STM32L0xx_HAL_Driver\Src\stm32l0xx_ll_lpuart.c 0x00000000   Number         0  stm32l0xx_ll_lpuart.o ABSOLUTE
    STM32L0xx_Cube\Drivers\STM32L0xx_HAL_Driver\Src\stm32l0xx_ll_pwr.c 0x00000000   Number         0  stm32l0xx_ll_pwr.o ABSOLUTE
    STM32L0xx_Cube\Drivers\STM32L0xx_HAL_Driver\Src\stm32l0xx_ll_rcc.c 0x00000000   Number         0  stm32l0xx_ll_rcc.o ABSOLUTE
    STM32L0xx_Cube\Drivers\STM32L0xx_HAL_Driver\Src\stm32l0xx_ll_rng.c 0x00000000   Number         0  stm32l0xx_ll_rng.o ABSOLUTE
    STM32L0xx_Cube\Drivers\STM32L0xx_HAL_Driver\Src\stm32l0xx_ll_rtc.c 0x00000000   Number         0  stm32l0xx_ll_rtc.o ABSOLUTE
    STM32L0xx_Cube\Drivers\STM32L0xx_HAL_Driver\Src\stm32l0xx_ll_spi.c 0x00000000   Number         0  stm32l0xx_ll_spi.o ABSOLUTE
    STM32L0xx_Cube\Drivers\STM32L0xx_HAL_Driver\Src\stm32l0xx_ll_tim.c 0x00000000   Number         0  stm32l0xx_ll_tim.o ABSOLUTE
    STM32L0xx_Cube\Drivers\STM32L0xx_HAL_Driver\Src\stm32l0xx_ll_usart.c 0x00000000   Number         0  stm32l0xx_ll_usart.o ABSOLUTE
    STM32L0xx_Cube\Drivers\STM32L0xx_HAL_Driver\Src\stm32l0xx_ll_usb.c 0x00000000   Number         0  stm32l0xx_ll_usb.o ABSOLUTE
    STM32L0xx_Cube\Drivers\STM32L0xx_HAL_Driver\Src\stm32l0xx_ll_utils.c 0x00000000   Number         0  stm32l0xx_ll_utils.o ABSOLUTE
    STM32L0xx_Cube\MDK-ARM\startup_stm32l051xx.s 0x00000000   Number         0  startup_stm32l051xx.o ABSOLUTE
    STM32L0xx_Cube\Src\gpio.c                0x00000000   Number         0  gpio.o ABSOLUTE
    STM32L0xx_Cube\Src\rtc.c                 0x00000000   Number         0  rtc.o ABSOLUTE
    STM32L0xx_Cube\Src\system_stm32l0xx.c    0x00000000   Number         0  system_stm32l0xx.o ABSOLUTE
    STM32L0xx_Cube\Src\usart.c               0x00000000   Number         0  usart.o ABSOLUTE
    STM32L0xx_Cube\\Drivers\\STM32L0xx_HAL_Driver\\Src\\stm32l0xx_hal.c 0x00000000   Number         0  stm32l0xx_hal.o ABSOLUTE
    STM32L0xx_Cube\\Drivers\\STM32L0xx_HAL_Driver\\Src\\stm32l0xx_hal_adc.c 0x00000000   Number         0  stm32l0xx_hal_adc.o ABSOLUTE
    STM32L0xx_Cube\\Drivers\\STM32L0xx_HAL_Driver\\Src\\stm32l0xx_hal_adc_ex.c 0x00000000   Number         0  stm32l0xx_hal_adc_ex.o ABSOLUTE
    STM32L0xx_Cube\\Drivers\\STM32L0xx_HAL_Driver\\Src\\stm32l0xx_hal_comp.c 0x00000000   Number         0  stm32l0xx_hal_comp.o ABSOLUTE
    STM32L0xx_Cube\\Drivers\\STM32L0xx_HAL_Driver\\Src\\stm32l0xx_hal_comp_ex.c 0x00000000   Number         0  stm32l0xx_hal_comp_ex.o ABSOLUTE
    STM32L0xx_Cube\\Drivers\\STM32L0xx_HAL_Driver\\Src\\stm32l0xx_hal_cortex.c 0x00000000   Number         0  stm32l0xx_hal_cortex.o ABSOLUTE
    STM32L0xx_Cube\\Drivers\\STM32L0xx_HAL_Driver\\Src\\stm32l0xx_hal_crc.c 0x00000000   Number         0  stm32l0xx_hal_crc.o ABSOLUTE
    STM32L0xx_Cube\\Drivers\\STM32L0xx_HAL_Driver\\Src\\stm32l0xx_hal_crc_ex.c 0x00000000   Number         0  stm32l0xx_hal_crc_ex.o ABSOLUTE
    STM32L0xx_Cube\\Drivers\\STM32L0xx_HAL_Driver\\Src\\stm32l0xx_hal_dma.c 0x00000000   Number         0  stm32l0xx_hal_dma.o ABSOLUTE
    STM32L0xx_Cube\\Drivers\\STM32L0xx_HAL_Driver\\Src\\stm32l0xx_hal_firewall.c 0x00000000   Number         0  stm32l0xx_hal_firewall.o ABSOLUTE
    STM32L0xx_Cube\\Drivers\\STM32L0xx_HAL_Driver\\Src\\stm32l0xx_hal_flash.c 0x00000000   Number         0  stm32l0xx_hal_flash.o ABSOLUTE
    STM32L0xx_Cube\\Drivers\\STM32L0xx_HAL_Driver\\Src\\stm32l0xx_hal_flash_ex.c 0x00000000   Number         0  stm32l0xx_hal_flash_ex.o ABSOLUTE
    STM32L0xx_Cube\\Drivers\\STM32L0xx_HAL_Driver\\Src\\stm32l0xx_hal_flash_ramfunc.c 0x00000000   Number         0  stm32l0xx_hal_flash_ramfunc.o ABSOLUTE
    STM32L0xx_Cube\\Drivers\\STM32L0xx_HAL_Driver\\Src\\stm32l0xx_hal_gpio.c 0x00000000   Number         0  stm32l0xx_hal_gpio.o ABSOLUTE
    STM32L0xx_Cube\\Drivers\\STM32L0xx_HAL_Driver\\Src\\stm32l0xx_hal_i2c.c 0x00000000   Number         0  stm32l0xx_hal_i2c.o ABSOLUTE
    STM32L0xx_Cube\\Drivers\\STM32L0xx_HAL_Driver\\Src\\stm32l0xx_hal_i2c_ex.c 0x00000000   Number         0  stm32l0xx_hal_i2c_ex.o ABSOLUTE
    STM32L0xx_Cube\\Drivers\\STM32L0xx_HAL_Driver\\Src\\stm32l0xx_hal_i2s.c 0x00000000   Number         0  stm32l0xx_hal_i2s.o ABSOLUTE
    STM32L0xx_Cube\\Drivers\\STM32L0xx_HAL_Driver\\Src\\stm32l0xx_hal_irda.c 0x00000000   Number         0  stm32l0xx_hal_irda.o ABSOLUTE
    STM32L0xx_Cube\\Drivers\\STM32L0xx_HAL_Driver\\Src\\stm32l0xx_hal_iwdg.c 0x00000000   Number         0  stm32l0xx_hal_iwdg.o ABSOLUTE
    STM32L0xx_Cube\\Drivers\\STM32L0xx_HAL_Driver\\Src\\stm32l0xx_hal_lcd.c 0x00000000   Number         0  stm32l0xx_hal_lcd.o ABSOLUTE
    STM32L0xx_Cube\\Drivers\\STM32L0xx_HAL_Driver\\Src\\stm32l0xx_hal_lptim.c 0x00000000   Number         0  stm32l0xx_hal_lptim.o ABSOLUTE
    STM32L0xx_Cube\\Drivers\\STM32L0xx_HAL_Driver\\Src\\stm32l0xx_hal_msp_template.c 0x00000000   Number         0  stm32l0xx_hal_msp_template.o ABSOLUTE
    STM32L0xx_Cube\\Drivers\\STM32L0xx_HAL_Driver\\Src\\stm32l0xx_hal_pcd.c 0x00000000   Number         0  stm32l0xx_hal_pcd.o ABSOLUTE
    STM32L0xx_Cube\\Drivers\\STM32L0xx_HAL_Driver\\Src\\stm32l0xx_hal_pcd_ex.c 0x00000000   Number         0  stm32l0xx_hal_pcd_ex.o ABSOLUTE
    STM32L0xx_Cube\\Drivers\\STM32L0xx_HAL_Driver\\Src\\stm32l0xx_hal_pwr.c 0x00000000   Number         0  stm32l0xx_hal_pwr.o ABSOLUTE
    STM32L0xx_Cube\\Drivers\\STM32L0xx_HAL_Driver\\Src\\stm32l0xx_hal_pwr_ex.c 0x00000000   Number         0  stm32l0xx_hal_pwr_ex.o ABSOLUTE
    STM32L0xx_Cube\\Drivers\\STM32L0xx_HAL_Driver\\Src\\stm32l0xx_hal_rcc.c 0x00000000   Number         0  stm32l0xx_hal_rcc.o ABSOLUTE
    STM32L0xx_Cube\\Drivers\\STM32L0xx_HAL_Driver\\Src\\stm32l0xx_hal_rcc_ex.c 0x00000000   Number         0  stm32l0xx_hal_rcc_ex.o ABSOLUTE
    STM32L0xx_Cube\\Drivers\\STM32L0xx_HAL_Driver\\Src\\stm32l0xx_hal_rng.c 0x00000000   Number         0  stm32l0xx_hal_rng.o ABSOLUTE
    STM32L0xx_Cube\\Drivers\\STM32L0xx_HAL_Driver\\Src\\stm32l0xx_hal_rtc.c 0x00000000   Number         0  stm32l0xx_hal_rtc.o ABSOLUTE
    STM32L0xx_Cube\\Drivers\\STM32L0xx_HAL_Driver\\Src\\stm32l0xx_hal_rtc_ex.c 0x00000000   Number         0  stm32l0xx_hal_rtc_ex.o ABSOLUTE
    STM32L0xx_Cube\\Drivers\\STM32L0xx_HAL_Driver\\Src\\stm32l0xx_hal_smartcard.c 0x00000000   Number         0  stm32l0xx_hal_smartcard.o ABSOLUTE
    STM32L0xx_Cube\\Drivers\\STM32L0xx_HAL_Driver\\Src\\stm32l0xx_hal_smartcard_ex.c 0x00000000   Number         0  stm32l0xx_hal_smartcard_ex.o ABSOLUTE
    STM32L0xx_Cube\\Drivers\\STM32L0xx_HAL_Driver\\Src\\stm32l0xx_hal_smbus.c 0x00000000   Number         0  stm32l0xx_hal_smbus.o ABSOLUTE
    STM32L0xx_Cube\\Drivers\\STM32L0xx_HAL_Driver\\Src\\stm32l0xx_hal_spi.c 0x00000000   Number         0  stm32l0xx_hal_spi.o ABSOLUTE
    STM32L0xx_Cube\\Drivers\\STM32L0xx_HAL_Driver\\Src\\stm32l0xx_hal_tim.c 0x00000000   Number         0  stm32l0xx_hal_tim.o ABSOLUTE
    STM32L0xx_Cube\\Drivers\\STM32L0xx_HAL_Driver\\Src\\stm32l0xx_hal_tim_ex.c 0x00000000   Number         0  stm32l0xx_hal_tim_ex.o ABSOLUTE
    STM32L0xx_Cube\\Drivers\\STM32L0xx_HAL_Driver\\Src\\stm32l0xx_hal_tsc.c 0x00000000   Number         0  stm32l0xx_hal_tsc.o ABSOLUTE
    STM32L0xx_Cube\\Drivers\\STM32L0xx_HAL_Driver\\Src\\stm32l0xx_hal_uart.c 0x00000000   Number         0  stm32l0xx_hal_uart.o ABSOLUTE
    STM32L0xx_Cube\\Drivers\\STM32L0xx_HAL_Driver\\Src\\stm32l0xx_hal_uart_ex.c 0x00000000   Number         0  stm32l0xx_hal_uart_ex.o ABSOLUTE
    STM32L0xx_Cube\\Drivers\\STM32L0xx_HAL_Driver\\Src\\stm32l0xx_hal_usart.c 0x00000000   Number         0  stm32l0xx_hal_usart.o ABSOLUTE
    STM32L0xx_Cube\\Drivers\\STM32L0xx_HAL_Driver\\Src\\stm32l0xx_hal_wwdg.c 0x00000000   Number         0  stm32l0xx_hal_wwdg.o ABSOLUTE
    STM32L0xx_Cube\\Drivers\\STM32L0xx_HAL_Driver\\Src\\stm32l0xx_ll_usb.c 0x00000000   Number         0  stm32l0xx_ll_usb.o ABSOLUTE
    STM32L0xx_Cube\\Drivers\\STM32L0xx_HAL_Driver\\Src\\stm32l0xx_ll_utils.c 0x00000000   Number         0  stm32l0xx_ll_utils.o ABSOLUTE
    STM32L0xx_Cube\\Src\\gpio.c              0x00000000   Number         0  gpio.o ABSOLUTE
    STM32L0xx_Cube\\Src\\rtc.c               0x00000000   Number         0  rtc.o ABSOLUTE
    STM32L0xx_Cube\\Src\\system_stm32l0xx.c  0x00000000   Number         0  system_stm32l0xx.o ABSOLUTE
    STM32L0xx_Cube\\Src\\usart.c             0x00000000   Number         0  usart.o ABSOLUTE
    cdrcmple.s                               0x00000000   Number         0  cdrcmple.o ABSOLUTE
    dc.s                                     0x00000000   Number         0  dc.o ABSOLUTE
    drivers\\bsp.c                           0x00000000   Number         0  bsp.o ABSOLUTE
    drivers\\stm32_led.c                     0x00000000   Number         0  stm32_led.o ABSOLUTE
    drivers\\stm32_sleep.c                   0x00000000   Number         0  stm32_sleep.o ABSOLUTE
    drivers\\stm32_usart.c                   0x00000000   Number         0  stm32_usart.o ABSOLUTE
    drivers\bsp.c                            0x00000000   Number         0  bsp.o ABSOLUTE
    drivers\stm32_led.c                      0x00000000   Number         0  stm32_led.o ABSOLUTE
    drivers\stm32_sleep.c                    0x00000000   Number         0  stm32_sleep.o ABSOLUTE
    drivers\stm32_usart.c                    0x00000000   Number         0  stm32_usart.o ABSOLUTE
    handlers.s                               0x00000000   Number         0  handlers.o ABSOLUTE
    init.s                                   0x00000000   Number         0  init.o ABSOLUTE
    RESET                                    0x08000000   Section      192  startup_stm32l051xx.o(RESET)
    .ARM.Collect$$$$00000000                 0x080000c0   Section        0  entry.o(.ARM.Collect$$$$00000000)
    .ARM.Collect$$$$00000001                 0x080000c0   Section        4  entry2.o(.ARM.Collect$$$$00000001)
    .ARM.Collect$$$$00000004                 0x080000c4   Section        4  entry5.o(.ARM.Collect$$$$00000004)
    .ARM.Collect$$$$00000008                 0x080000c8   Section        0  entry7b.o(.ARM.Collect$$$$00000008)
    .ARM.Collect$$$$0000000A                 0x080000c8   Section        0  entry8b.o(.ARM.Collect$$$$0000000A)
    .ARM.Collect$$$$0000000B                 0x080000c8   Section        8  entry9a.o(.ARM.Collect$$$$0000000B)
    .ARM.Collect$$$$0000000D                 0x080000d0   Section        0  entry10a.o(.ARM.Collect$$$$0000000D)
    .ARM.Collect$$$$0000000F                 0x080000d0   Section        0  entry11a.o(.ARM.Collect$$$$0000000F)
    .ARM.Collect$$$$00002712                 0x080000d0   Section        4  entry2.o(.ARM.Collect$$$$00002712)
    __lit__00000000                          0x080000d0   Data           4  entry2.o(.ARM.Collect$$$$00002712)
    .text                                    0x080000d4   Section       28  startup_stm32l051xx.o(.text)
    .text                                    0x080000f0   Section        0  uidiv.o(.text)
    .text                                    0x0800011c   Section        0  uldiv.o(.text)
    .text                                    0x0800017c   Section        0  memseta.o(.text)
    .text                                    0x080001a0   Section        0  strcmp.o(.text)
    .text                                    0x080001bc   Section        0  llshl.o(.text)
    .text                                    0x080001dc   Section        0  llushr.o(.text)
    .text                                    0x08000200   Section       36  init.o(.text)
    i.EXTI0_1_IRQHandler                     0x08000224   Section        0  bsp.o(i.EXTI0_1_IRQHandler)
    i.Error_Handler                          0x08000230   Section        0  bsp.o(i.Error_Handler)
    i.HAL_DMA_Abort_IT                       0x0800024c   Section        0  stm32l0xx_hal_dma.o(i.HAL_DMA_Abort_IT)
    i.HAL_GPIO_EXTI_Callback                 0x08000298   Section        0  stm32l0xx_hal_gpio.o(i.HAL_GPIO_EXTI_Callback)
    i.HAL_GPIO_EXTI_IRQHandler               0x0800029c   Section        0  stm32l0xx_hal_gpio.o(i.HAL_GPIO_EXTI_IRQHandler)
    i.HAL_GPIO_Init                          0x080002b4   Section        0  stm32l0xx_hal_gpio.o(i.HAL_GPIO_Init)
    i.HAL_GPIO_TogglePin                     0x0800042c   Section        0  stm32l0xx_hal_gpio.o(i.HAL_GPIO_TogglePin)
    i.HAL_GPIO_WritePin                      0x08000434   Section        0  stm32l0xx_hal_gpio.o(i.HAL_GPIO_WritePin)
    i.HAL_GetTick                            0x08000440   Section        0  stm32l0xx_hal.o(i.HAL_GetTick)
    i.HAL_IncTick                            0x0800044c   Section        0  stm32l0xx_hal.o(i.HAL_IncTick)
    i.HAL_Init                               0x0800045c   Section        0  stm32l0xx_hal.o(i.HAL_Init)
    i.HAL_InitTick                           0x08000484   Section        0  stm32l0xx_hal.o(i.HAL_InitTick)
    i.HAL_MspInit                            0x080004b4   Section        0  stm32l0xx_hal_msp_template.o(i.HAL_MspInit)
    i.HAL_NVIC_EnableIRQ                     0x080004b8   Section        0  stm32l0xx_hal_cortex.o(i.HAL_NVIC_EnableIRQ)
    i.HAL_NVIC_SetPriority                   0x080004cc   Section        0  stm32l0xx_hal_cortex.o(i.HAL_NVIC_SetPriority)
    i.HAL_RCCEx_PeriphCLKConfig              0x080004d4   Section        0  stm32l0xx_hal_rcc_ex.o(i.HAL_RCCEx_PeriphCLKConfig)
    i.HAL_RCC_ClockConfig                    0x08000638   Section        0  stm32l0xx_hal_rcc.o(i.HAL_RCC_ClockConfig)
    i.HAL_RCC_GetPCLK1Freq                   0x080007a4   Section        0  stm32l0xx_hal_rcc.o(i.HAL_RCC_GetPCLK1Freq)
    i.HAL_RCC_GetPCLK2Freq                   0x080007c4   Section        0  stm32l0xx_hal_rcc.o(i.HAL_RCC_GetPCLK2Freq)
    i.HAL_RCC_GetSysClockFreq                0x080007e4   Section        0  stm32l0xx_hal_rcc.o(i.HAL_RCC_GetSysClockFreq)
    i.HAL_RCC_OscConfig                      0x0800085c   Section        0  stm32l0xx_hal_rcc.o(i.HAL_RCC_OscConfig)
    i.HAL_SYSTICK_Config                     0x08000c78   Section        0  stm32l0xx_hal_cortex.o(i.HAL_SYSTICK_Config)
    i.HAL_UARTEx_WakeupCallback              0x08000ca8   Section        0  stm32l0xx_hal_uart_ex.o(i.HAL_UARTEx_WakeupCallback)
    i.HAL_UART_ErrorCallback                 0x08000caa   Section        0  stm32l0xx_hal_uart.o(i.HAL_UART_ErrorCallback)
    i.HAL_UART_Init                          0x08000cac   Section        0  stm32l0xx_hal_uart.o(i.HAL_UART_Init)
    i.HAL_UART_MspInit                       0x08000d18   Section        0  usart.o(i.HAL_UART_MspInit)
    i.HAL_UART_Transmit                      0x08000d84   Section        0  stm32l0xx_hal_uart.o(i.HAL_UART_Transmit)
    i.MX_GPIO_Init                           0x08000e54   Section        0  gpio.o(i.MX_GPIO_Init)
    i.MX_USART1_UART_Init                    0x08000f34   Section        0  usart.o(i.MX_USART1_UART_Init)
    i.NVIC_SetPriority                       0x08000f6c   Section        0  stm32l0xx_hal_cortex.o(i.NVIC_SetPriority)
    NVIC_SetPriority                         0x08000f6d   Thumb Code    60  stm32l0xx_hal_cortex.o(i.NVIC_SetPriority)
    i.SysTick_Handler                        0x08000fb0   Section        0  bsp.o(i.SysTick_Handler)
    i.SystemInit                             0x08000fbc   Section        0  system_stm32l0xx.o(i.SystemInit)
    i.UART_AdvFeatureConfig                  0x08001010   Section        0  stm32l0xx_hal_uart.o(i.UART_AdvFeatureConfig)
    i.UART_CheckIdleState                    0x080010dc   Section        0  stm32l0xx_hal_uart.o(i.UART_CheckIdleState)
    i.UART_SetConfig                         0x0800113c   Section        0  stm32l0xx_hal_uart.o(i.UART_SetConfig)
    i.UART_WaitOnFlagUntilTimeout            0x08001364   Section        0  stm32l0xx_hal_uart.o(i.UART_WaitOnFlagUntilTimeout)
    i.USART1_IRQHandler                      0x080013c8   Section        0  stm32_usart.o(i.USART1_IRQHandler)
    i.USER_UART1_IRQHandler                  0x080013d8   Section        0  stm32_usart.o(i.USER_UART1_IRQHandler)
    USER_UART1_IRQHandler                    0x080013d9   Thumb Code   290  stm32_usart.o(i.USER_UART1_IRQHandler)
    i.__0printf$2                            0x08001500   Section        0  printf2.o(i.__0printf$2)
    i.__ARM_common_switch8                   0x08001520   Section        0  stm32l0xx_hal_uart.o(i.__ARM_common_switch8)
    i.__scatterload_copy                     0x0800153a   Section       14  handlers.o(i.__scatterload_copy)
    i.__scatterload_null                     0x08001548   Section        2  handlers.o(i.__scatterload_null)
    i.__scatterload_zeroinit                 0x0800154a   Section       14  handlers.o(i.__scatterload_zeroinit)
    i._printf_core                           0x08001558   Section        0  printf2.o(i._printf_core)
    _printf_core                             0x08001559   Thumb Code   210  printf2.o(i._printf_core)
    i.app_gpio_toggle_init                   0x0800162c   Section        0  app_gpio_toggle.o(i.app_gpio_toggle_init)
    i.app_init                               0x0800168c   Section        0  app.o(i.app_init)
    i.app_usart_init                         0x08001698   Section        0  app_usart.o(i.app_usart_init)
    i.bsp_init                               0x08001720   Section        0  bsp.o(i.bsp_init)
    i.bsp_rcc                                0x08001728   Section        0  bsp.o(i.bsp_rcc)
    i.cola_device_config                     0x080017c4   Section        0  cola_device.o(i.cola_device_config)
    i.cola_device_ctrl                       0x080017d6   Section        0  cola_device.o(i.cola_device_ctrl)
    i.cola_device_find                       0x080017e8   Section        0  cola_device.o(i.cola_device_find)
    i.cola_device_read                       0x08001810   Section        0  cola_device.o(i.cola_device_read)
    i.cola_device_register                   0x0800182c   Section        0  cola_device.o(i.cola_device_register)
    i.cola_device_write                      0x08001880   Section        0  cola_device.o(i.cola_device_write)
    i.cola_set_event                         0x0800189c   Section        0  cola_os.o(i.cola_set_event)
    i.cola_task_create                       0x080018e0   Section        0  cola_os.o(i.cola_task_create)
    i.cola_task_is_exists                    0x08001954   Section        0  cola_os.o(i.cola_task_is_exists)
    cola_task_is_exists                      0x08001955   Thumb Code    28  cola_os.o(i.cola_task_is_exists)
    i.cola_task_loop                         0x08001974   Section        0  cola_os.o(i.cola_task_loop)
    i.cola_timer_create                      0x080019dc   Section        0  cola_os.o(i.cola_timer_create)
    i.cola_timer_start                       0x08001a54   Section        0  cola_os.o(i.cola_timer_start)
    i.cola_timer_ticker                      0x08001aa0   Section        0  cola_os.o(i.cola_timer_ticker)
    i.disable_irq                            0x08001aec   Section        0  bsp.o(i.disable_irq)
    i.do_init_call                           0x08001af0   Section        0  cola_init.o(i.do_init_call)
    i.enable_irq                             0x08001b64   Section        0  bsp.o(i.enable_irq)
    i.fputc                                  0x08001b68   Section        0  stm32_usart.o(i.fputc)
    i.get_pri                                0x08001b80   Section        0  bsp.o(i.get_pri)
    i.led_ctrl                               0x08001b88   Section        0  stm32_led.o(i.led_ctrl)
    led_ctrl                                 0x08001b89   Thumb Code    36  stm32_led.o(i.led_ctrl)
    i.led_register                           0x08001bb0   Section        0  stm32_led.o(i.led_register)
    led_register                             0x08001bb1   Thumb Code    22  stm32_led.o(i.led_register)
    i.main                                   0x08001bd4   Section        0  main.o(i.main)
    i.set_pri                                0x08001bea   Section        0  bsp.o(i.set_pri)
    i.timer_1s_cb                            0x08001bf0   Section        0  app_usart.o(i.timer_1s_cb)
    timer_1s_cb                              0x08001bf1   Thumb Code    10  app_usart.o(i.timer_1s_cb)
    i.timer_500ms_cb                         0x08001c14   Section        0  app_gpio_toggle.o(i.timer_500ms_cb)
    timer_500ms_cb                           0x08001c15   Thumb Code    16  app_gpio_toggle.o(i.timer_500ms_cb)
    i.uart1_config                           0x08001c28   Section        0  stm32_usart.o(i.uart1_config)
    uart1_config                             0x08001c29   Thumb Code    18  stm32_usart.o(i.uart1_config)
    i.uart1_configuration                    0x08001c40   Section        0  stm32_usart.o(i.uart1_configuration)
    uart1_configuration                      0x08001c41   Thumb Code    40  stm32_usart.o(i.uart1_configuration)
    i.uart1_read                             0x08001c6c   Section        0  stm32_usart.o(i.uart1_read)
    uart1_read                               0x08001c6d   Thumb Code    10  stm32_usart.o(i.uart1_read)
    i.uart1_write                            0x08001c7c   Section        0  stm32_usart.o(i.uart1_write)
    uart1_write                              0x08001c7d   Thumb Code    20  stm32_usart.o(i.uart1_write)
    i.usart_register                         0x08001c94   Section        0  stm32_usart.o(i.usart_register)
    i.usart_task_event                       0x08001cc0   Section        0  app_usart.o(i.usart_task_event)
    usart_task_event                         0x08001cc1   Thumb Code    50  app_usart.o(i.usart_task_event)
    .constdata                               0x08001cf8   Section       25  system_stm32l0xx.o(.constdata)
    .constdata                               0x08001d11   Section        8  system_stm32l0xx.o(.constdata)
    initcall0init                            0x08001d3c   Section        4  bsp.o(initcall0init)
    __initcall_bsp_rcc0                      0x08001d3c   Data           4  bsp.o(initcall0init)
    __tagsym$$used                           0x08001d3c   Number         0  bsp.o(initcall0init)
    initcall2init                            0x08001d40   Section        4  stm32_led.o(initcall2init)
    __initcall_led_register2                 0x08001d40   Data           4  stm32_led.o(initcall2init)
    __tagsym$$used                           0x08001d40   Number         0  stm32_led.o(initcall2init)
    initcall2init                            0x08001d44   Section        4  stm32_usart.o(initcall2init)
    __initcall_usart_register2               0x08001d44   Data           4  stm32_usart.o(initcall2init)
    __tagsym$$used                           0x08001d44   Number         0  stm32_usart.o(initcall2init)
    .data                                    0x20000000   Section        4  system_stm32l0xx.o(.data)
    .data                                    0x20000004   Section       28  stm32_led.o(.data)
    ops                                      0x20000004   Data          28  stm32_led.o(.data)
    .data                                    0x20000020   Section       36  stm32_usart.o(.data)
    data                                     0x20000020   Data           1  stm32_usart.o(.data)
    usart1_depen_task                        0x20000024   Data           4  stm32_usart.o(.data)
    uart1_ops                                0x20000028   Data          28  stm32_usart.o(.data)
    .data                                    0x20000044   Section        4  stm32l0xx_hal.o(.data)
    .data                                    0x20000048   Section        8  cola_os.o(.data)
    task_num                                 0x20000048   Data           1  cola_os.o(.data)
    task_list                                0x2000004c   Data           4  cola_os.o(.data)
    .data                                    0x20000050   Section        4  cola_device.o(.data)
    .data                                    0x20000054   Section        4  app_gpio_toggle.o(.data)
    app_led_dev                              0x20000054   Data           4  app_gpio_toggle.o(.data)
    .data                                    0x20000058   Section        4  app_usart.o(.data)
    app_usart_dev                            0x20000058   Data           4  app_usart.o(.data)
    .data                                    0x2000005c   Section        4  stdout.o(.data)
    .bss                                     0x20000060   Section       12  stm32_led.o(.bss)
    led_dev                                  0x20000060   Data          12  stm32_led.o(.bss)
    .bss                                     0x2000006c   Section       12  stm32_usart.o(.bss)
    usart1_dev                               0x2000006c   Data          12  stm32_usart.o(.bss)
    .bss                                     0x20000078   Section      128  usart.o(.bss)
    .bss                                     0x200000f8   Section       32  app_gpio_toggle.o(.bss)
    timer_500ms                              0x200000f8   Data          32  app_gpio_toggle.o(.bss)
    .bss                                     0x20000118   Section       64  app_usart.o(.bss)
    timer_1s                                 0x20000118   Data          32  app_usart.o(.bss)
    usart_task                               0x20000138   Data          32  app_usart.o(.bss)
    STACK                                    0x20000158   Section     1024  startup_stm32l051xx.o(STACK)

    Global Symbols

    Symbol Name                              Value     Ov Type        Size  Object(Section)

    BuildAttributes$$THM_ISAv3M$S$PE$A:L22$X:L11$S22$IEEE1$IW$USESV6$~STKCKD$USESV7$~SHL$OSPACE$ROPI$EBA8$MICROLIB$REQ8$PRES8$EABIv2 0x00000000   Number         0  anon$$obj.o ABSOLUTE
    __ARM_use_no_argv                        0x00000000   Number         0  main.o ABSOLUTE
    _printf_a                                0x00000000   Number         0  stubs.o ABSOLUTE
    _printf_c                                0x00000000   Number         0  stubs.o ABSOLUTE
    _printf_charcount                        0x00000000   Number         0  stubs.o ABSOLUTE
    _printf_d                                0x00000000   Number         0  stubs.o ABSOLUTE
    _printf_e                                0x00000000   Number         0  stubs.o ABSOLUTE
    _printf_f                                0x00000000   Number         0  stubs.o ABSOLUTE
    _printf_flags                            0x00000000   Number         0  stubs.o ABSOLUTE
    _printf_fp_dec                           0x00000000   Number         0  stubs.o ABSOLUTE
    _printf_fp_hex                           0x00000000   Number         0  stubs.o ABSOLUTE
    _printf_g                                0x00000000   Number         0  stubs.o ABSOLUTE
    _printf_i                                0x00000000   Number         0  stubs.o ABSOLUTE
    _printf_int_dec                          0x00000000   Number         0  stubs.o ABSOLUTE
    _printf_l                                0x00000000   Number         0  stubs.o ABSOLUTE
    _printf_lc                               0x00000000   Number         0  stubs.o ABSOLUTE
    _printf_ll                               0x00000000   Number         0  stubs.o ABSOLUTE
    _printf_lld                              0x00000000   Number         0  stubs.o ABSOLUTE
    _printf_lli                              0x00000000   Number         0  stubs.o ABSOLUTE
    _printf_llo                              0x00000000   Number         0  stubs.o ABSOLUTE
    _printf_llu                              0x00000000   Number         0  stubs.o ABSOLUTE
    _printf_llx                              0x00000000   Number         0  stubs.o ABSOLUTE
    _printf_longlong_dec                     0x00000000   Number         0  stubs.o ABSOLUTE
    _printf_longlong_hex                     0x00000000   Number         0  stubs.o ABSOLUTE
    _printf_longlong_oct                     0x00000000   Number         0  stubs.o ABSOLUTE
    _printf_ls                               0x00000000   Number         0  stubs.o ABSOLUTE
    _printf_mbtowc                           0x00000000   Number         0  stubs.o ABSOLUTE
    _printf_n                                0x00000000   Number         0  stubs.o ABSOLUTE
    _printf_o                                0x00000000   Number         0  stubs.o ABSOLUTE
    _printf_p                                0x00000000   Number         0  stubs.o ABSOLUTE
    _printf_percent                          0x00000000   Number         0  stubs.o ABSOLUTE
    _printf_pre_padding                      0x00000000   Number         0  stubs.o ABSOLUTE
    _printf_return_value                     0x00000000   Number         0  stubs.o ABSOLUTE
    _printf_s                                0x00000000   Number         0  stubs.o ABSOLUTE
    _printf_sizespec                         0x00000000   Number         0  stubs.o ABSOLUTE
    _printf_str                              0x00000000   Number         0  stubs.o ABSOLUTE
    _printf_truncate_signed                  0x00000000   Number         0  stubs.o ABSOLUTE
    _printf_truncate_unsigned                0x00000000   Number         0  stubs.o ABSOLUTE
    _printf_u                                0x00000000   Number         0  stubs.o ABSOLUTE
    _printf_wc                               0x00000000   Number         0  stubs.o ABSOLUTE
    _printf_wctomb                           0x00000000   Number         0  stubs.o ABSOLUTE
    _printf_widthprec                        0x00000000   Number         0  stubs.o ABSOLUTE
    _printf_x                                0x00000000   Number         0  stubs.o ABSOLUTE
    __cpp_initialize__aeabi_                  - Undefined Weak Reference
    __cxa_finalize                            - Undefined Weak Reference
    __decompress                              - Undefined Weak Reference
    _clock_init                               - Undefined Weak Reference
    _microlib_exit                            - Undefined Weak Reference
    initcall1init$$Base                       - Undefined Reference
    initcall1init$$Limit                      - Undefined Reference
    initcall3init$$Base                       - Undefined Reference
    initcall3init$$Limit                      - Undefined Reference
    __Vectors_Size                           0x000000c0   Number         0  startup_stm32l051xx.o ABSOLUTE
    __Vectors                                0x08000000   Data           4  startup_stm32l051xx.o(RESET)
    __Vectors_End                            0x080000c0   Data           0  startup_stm32l051xx.o(RESET)
    __main                                   0x080000c1   Thumb Code     0  entry.o(.ARM.Collect$$$$00000000)
    _main_stk                                0x080000c1   Thumb Code     0  entry2.o(.ARM.Collect$$$$00000001)
    _main_scatterload                        0x080000c5   Thumb Code     0  entry5.o(.ARM.Collect$$$$00000004)
    __main_after_scatterload                 0x080000c9   Thumb Code     0  entry5.o(.ARM.Collect$$$$00000004)
    _main_clock                              0x080000c9   Thumb Code     0  entry7b.o(.ARM.Collect$$$$00000008)
    _main_cpp_init                           0x080000c9   Thumb Code     0  entry8b.o(.ARM.Collect$$$$0000000A)
    _main_init                               0x080000c9   Thumb Code     0  entry9a.o(.ARM.Collect$$$$0000000B)
    __rt_final_cpp                           0x080000d1   Thumb Code     0  entry10a.o(.ARM.Collect$$$$0000000D)
    __rt_final_exit                          0x080000d1   Thumb Code     0  entry11a.o(.ARM.Collect$$$$0000000F)
    Reset_Handler                            0x080000d5   Thumb Code     8  startup_stm32l051xx.o(.text)
    NMI_Handler                              0x080000dd   Thumb Code     2  startup_stm32l051xx.o(.text)
    HardFault_Handler                        0x080000df   Thumb Code     2  startup_stm32l051xx.o(.text)
    SVC_Handler                              0x080000e1   Thumb Code     2  startup_stm32l051xx.o(.text)
    PendSV_Handler                           0x080000e3   Thumb Code     2  startup_stm32l051xx.o(.text)
    ADC1_COMP_IRQHandler                     0x080000e7   Thumb Code     0  startup_stm32l051xx.o(.text)
    DMA1_Channel1_IRQHandler                 0x080000e7   Thumb Code     0  startup_stm32l051xx.o(.text)
    DMA1_Channel2_3_IRQHandler               0x080000e7   Thumb Code     0  startup_stm32l051xx.o(.text)
    DMA1_Channel4_5_6_7_IRQHandler           0x080000e7   Thumb Code     0  startup_stm32l051xx.o(.text)
    EXTI2_3_IRQHandler                       0x080000e7   Thumb Code     0  startup_stm32l051xx.o(.text)
    EXTI4_15_IRQHandler                      0x080000e7   Thumb Code     0  startup_stm32l051xx.o(.text)
    FLASH_IRQHandler                         0x080000e7   Thumb Code     0  startup_stm32l051xx.o(.text)
    I2C1_IRQHandler                          0x080000e7   Thumb Code     0  startup_stm32l051xx.o(.text)
    I2C2_IRQHandler                          0x080000e7   Thumb Code     0  startup_stm32l051xx.o(.text)
    LPTIM1_IRQHandler                        0x080000e7   Thumb Code     0  startup_stm32l051xx.o(.text)
    LPUART1_IRQHandler                       0x080000e7   Thumb Code     0  startup_stm32l051xx.o(.text)
    PVD_IRQHandler                           0x080000e7   Thumb Code     0  startup_stm32l051xx.o(.text)
    RCC_IRQHandler                           0x080000e7   Thumb Code     0  startup_stm32l051xx.o(.text)
    RTC_IRQHandler                           0x080000e7   Thumb Code     0  startup_stm32l051xx.o(.text)
    SPI1_IRQHandler                          0x080000e7   Thumb Code     0  startup_stm32l051xx.o(.text)
    SPI2_IRQHandler                          0x080000e7   Thumb Code     0  startup_stm32l051xx.o(.text)
    TIM21_IRQHandler                         0x080000e7   Thumb Code     0  startup_stm32l051xx.o(.text)
    TIM22_IRQHandler                         0x080000e7   Thumb Code     0  startup_stm32l051xx.o(.text)
    TIM2_IRQHandler                          0x080000e7   Thumb Code     0  startup_stm32l051xx.o(.text)
    TIM6_IRQHandler                          0x080000e7   Thumb Code     0  startup_stm32l051xx.o(.text)
    USART2_IRQHandler                        0x080000e7   Thumb Code     0  startup_stm32l051xx.o(.text)
    WWDG_IRQHandler                          0x080000e7   Thumb Code     0  startup_stm32l051xx.o(.text)
    __aeabi_uidiv                            0x080000f1   Thumb Code     0  uidiv.o(.text)
    __aeabi_uidivmod                         0x080000f1   Thumb Code    44  uidiv.o(.text)
    __aeabi_uldivmod                         0x0800011d   Thumb Code    96  uldiv.o(.text)
    __aeabi_memset                           0x0800017d   Thumb Code    14  memseta.o(.text)
    __aeabi_memset4                          0x0800017d   Thumb Code     0  memseta.o(.text)
    __aeabi_memset8                          0x0800017d   Thumb Code     0  memseta.o(.text)
    __aeabi_memclr                           0x0800018b   Thumb Code     4  memseta.o(.text)
    __aeabi_memclr4                          0x0800018b   Thumb Code     0  memseta.o(.text)
    __aeabi_memclr8                          0x0800018b   Thumb Code     0  memseta.o(.text)
    _memset$wrapper                          0x0800018f   Thumb Code    18  memseta.o(.text)
    strcmp                                   0x080001a1   Thumb Code    28  strcmp.o(.text)
    __aeabi_llsl                             0x080001bd   Thumb Code    32  llshl.o(.text)
    _ll_shift_l                              0x080001bd   Thumb Code     0  llshl.o(.text)
    __aeabi_llsr                             0x080001dd   Thumb Code    34  llushr.o(.text)
    _ll_ushift_r                             0x080001dd   Thumb Code     0  llushr.o(.text)
    __scatterload                            0x08000201   Thumb Code    28  init.o(.text)
    __scatterload_rt2                        0x08000201   Thumb Code     0  init.o(.text)
    EXTI0_1_IRQHandler                       0x08000225   Thumb Code    10  bsp.o(i.EXTI0_1_IRQHandler)
    Error_Handler                            0x08000231   Thumb Code    10  bsp.o(i.Error_Handler)
    HAL_DMA_Abort_IT                         0x0800024d   Thumb Code    76  stm32l0xx_hal_dma.o(i.HAL_DMA_Abort_IT)
    HAL_GPIO_EXTI_Callback                   0x08000299   Thumb Code     2  stm32l0xx_hal_gpio.o(i.HAL_GPIO_EXTI_Callback)
    HAL_GPIO_EXTI_IRQHandler                 0x0800029d   Thumb Code    18  stm32l0xx_hal_gpio.o(i.HAL_GPIO_EXTI_IRQHandler)
    HAL_GPIO_Init                            0x080002b5   Thumb Code   346  stm32l0xx_hal_gpio.o(i.HAL_GPIO_Init)
    HAL_GPIO_TogglePin                       0x0800042d   Thumb Code     8  stm32l0xx_hal_gpio.o(i.HAL_GPIO_TogglePin)
    HAL_GPIO_WritePin                        0x08000435   Thumb Code    12  stm32l0xx_hal_gpio.o(i.HAL_GPIO_WritePin)
    HAL_GetTick                              0x08000441   Thumb Code     6  stm32l0xx_hal.o(i.HAL_GetTick)
    HAL_IncTick                              0x0800044d   Thumb Code    10  stm32l0xx_hal.o(i.HAL_IncTick)
    HAL_Init                                 0x0800045d   Thumb Code    36  stm32l0xx_hal.o(i.HAL_Init)
    HAL_InitTick                             0x08000485   Thumb Code    44  stm32l0xx_hal.o(i.HAL_InitTick)
    HAL_MspInit                              0x080004b5   Thumb Code     2  stm32l0xx_hal_msp_template.o(i.HAL_MspInit)
    HAL_NVIC_EnableIRQ                       0x080004b9   Thumb Code    14  stm32l0xx_hal_cortex.o(i.HAL_NVIC_EnableIRQ)
    HAL_NVIC_SetPriority                     0x080004cd   Thumb Code     8  stm32l0xx_hal_cortex.o(i.HAL_NVIC_SetPriority)
    HAL_RCCEx_PeriphCLKConfig                0x080004d5   Thumb Code   342  stm32l0xx_hal_rcc_ex.o(i.HAL_RCCEx_PeriphCLKConfig)
    HAL_RCC_ClockConfig                      0x08000639   Thumb Code   344  stm32l0xx_hal_rcc.o(i.HAL_RCC_ClockConfig)
    HAL_RCC_GetPCLK1Freq                     0x080007a5   Thumb Code    20  stm32l0xx_hal_rcc.o(i.HAL_RCC_GetPCLK1Freq)
    HAL_RCC_GetPCLK2Freq                     0x080007c5   Thumb Code    20  stm32l0xx_hal_rcc.o(i.HAL_RCC_GetPCLK2Freq)
    HAL_RCC_GetSysClockFreq                  0x080007e5   Thumb Code   100  stm32l0xx_hal_rcc.o(i.HAL_RCC_GetSysClockFreq)
    HAL_RCC_OscConfig                        0x0800085d   Thumb Code  1052  stm32l0xx_hal_rcc.o(i.HAL_RCC_OscConfig)
    HAL_SYSTICK_Config                       0x08000c79   Thumb Code    38  stm32l0xx_hal_cortex.o(i.HAL_SYSTICK_Config)
    HAL_UARTEx_WakeupCallback                0x08000ca9   Thumb Code     2  stm32l0xx_hal_uart_ex.o(i.HAL_UARTEx_WakeupCallback)
    HAL_UART_ErrorCallback                   0x08000cab   Thumb Code     2  stm32l0xx_hal_uart.o(i.HAL_UART_ErrorCallback)
    HAL_UART_Init                            0x08000cad   Thumb Code   106  stm32l0xx_hal_uart.o(i.HAL_UART_Init)
    HAL_UART_MspInit                         0x08000d19   Thumb Code   100  usart.o(i.HAL_UART_MspInit)
    HAL_UART_Transmit                        0x08000d85   Thumb Code   206  stm32l0xx_hal_uart.o(i.HAL_UART_Transmit)
    MX_GPIO_Init                             0x08000e55   Thumb Code   196  gpio.o(i.MX_GPIO_Init)
    MX_USART1_UART_Init                      0x08000f35   Thumb Code    48  usart.o(i.MX_USART1_UART_Init)
    SysTick_Handler                          0x08000fb1   Thumb Code    12  bsp.o(i.SysTick_Handler)
    SystemInit                               0x08000fbd   Thumb Code    66  system_stm32l0xx.o(i.SystemInit)
    UART_AdvFeatureConfig                    0x08001011   Thumb Code   202  stm32l0xx_hal_uart.o(i.UART_AdvFeatureConfig)
    UART_CheckIdleState                      0x080010dd   Thumb Code    90  stm32l0xx_hal_uart.o(i.UART_CheckIdleState)
    UART_SetConfig                           0x0800113d   Thumb Code   506  stm32l0xx_hal_uart.o(i.UART_SetConfig)
    UART_WaitOnFlagUntilTimeout              0x08001365   Thumb Code    98  stm32l0xx_hal_uart.o(i.UART_WaitOnFlagUntilTimeout)
    USART1_IRQHandler                        0x080013c9   Thumb Code    10  stm32_usart.o(i.USART1_IRQHandler)
    __0printf$2                              0x08001501   Thumb Code    24  printf2.o(i.__0printf$2)
    __1printf$2                              0x08001501   Thumb Code     0  printf2.o(i.__0printf$2)
    __2printf                                0x08001501   Thumb Code     0  printf2.o(i.__0printf$2)
    __ARM_common_switch8                     0x08001521   Thumb Code    26  stm32l0xx_hal_uart.o(i.__ARM_common_switch8)
    __scatterload_copy                       0x0800153b   Thumb Code    14  handlers.o(i.__scatterload_copy)
    __scatterload_null                       0x08001549   Thumb Code     2  handlers.o(i.__scatterload_null)
    __scatterload_zeroinit                   0x0800154b   Thumb Code    14  handlers.o(i.__scatterload_zeroinit)
    app_gpio_toggle_init                     0x0800162d   Thumb Code    46  app_gpio_toggle.o(i.app_gpio_toggle_init)
    app_init                                 0x0800168d   Thumb Code    12  app.o(i.app_init)
    app_usart_init                           0x08001699   Thumb Code    74  app_usart.o(i.app_usart_init)
    bsp_init                                 0x08001721   Thumb Code     8  bsp.o(i.bsp_init)
    bsp_rcc                                  0x08001729   Thumb Code   152  bsp.o(i.bsp_rcc)
    cola_device_config                       0x080017c5   Thumb Code    18  cola_device.o(i.cola_device_config)
    cola_device_ctrl                         0x080017d7   Thumb Code    18  cola_device.o(i.cola_device_ctrl)
    cola_device_find                         0x080017e9   Thumb Code    36  cola_device.o(i.cola_device_find)
    cola_device_read                         0x08001811   Thumb Code    26  cola_device.o(i.cola_device_read)
    cola_device_register                     0x0800182d   Thumb Code    78  cola_device.o(i.cola_device_register)
    cola_device_write                        0x08001881   Thumb Code    26  cola_device.o(i.cola_device_write)
    cola_set_event                           0x0800189d   Thumb Code    62  cola_os.o(i.cola_set_event)
    cola_task_create                         0x080018e1   Thumb Code   110  cola_os.o(i.cola_task_create)
    cola_task_loop                           0x08001975   Thumb Code    98  cola_os.o(i.cola_task_loop)
    cola_timer_create                        0x080019dd   Thumb Code   116  cola_os.o(i.cola_timer_create)
    cola_timer_start                         0x08001a55   Thumb Code    72  cola_os.o(i.cola_timer_start)
    cola_timer_ticker                        0x08001aa1   Thumb Code    70  cola_os.o(i.cola_timer_ticker)
    disable_irq                              0x08001aed   Thumb Code     4  bsp.o(i.disable_irq)
    do_init_call                             0x08001af1   Thumb Code    84  cola_init.o(i.do_init_call)
    enable_irq                               0x08001b65   Thumb Code     4  bsp.o(i.enable_irq)
    fputc                                    0x08001b69   Thumb Code    18  stm32_usart.o(i.fputc)
    get_pri                                  0x08001b81   Thumb Code     6  bsp.o(i.get_pri)
    main                                     0x08001bd5   Thumb Code    22  main.o(i.main)
    set_pri                                  0x08001beb   Thumb Code     6  bsp.o(i.set_pri)
    usart_register                           0x08001c95   Thumb Code    26  stm32_usart.o(i.usart_register)
    AHBPrescTable                            0x08001cf8   Data          16  system_stm32l0xx.o(.constdata)
    PLLMulTable                              0x08001d08   Data           9  system_stm32l0xx.o(.constdata)
    APBPrescTable                            0x08001d11   Data           8  system_stm32l0xx.o(.constdata)
    Region$$Table$$Base                      0x08001d1c   Number         0  anon$$obj.o(Region$$Table)
    Region$$Table$$Limit                     0x08001d3c   Number         0  anon$$obj.o(Region$$Table)
    initcall0init$$Base                      0x08001d3c   Number         0  bsp.o(initcall0init)
    initcall0init$$Limit                     0x08001d40   Number         0  bsp.o(initcall0init)
    initcall2init$$Base                      0x08001d40   Number         0  stm32_led.o(initcall2init)
    initcall2init$$Limit                     0x08001d48   Number         0  stm32_usart.o(initcall2init)
    SystemCoreClock                          0x20000000   Data           4  system_stm32l0xx.o(.data)
    uwTick                                   0x20000044   Data           4  stm32l0xx_hal.o(.data)
    device_list                              0x20000050   Data           4  cola_device.o(.data)
    __stdout                                 0x2000005c   Data           4  stdout.o(.data)
    huart1                                   0x20000078   Data         128  usart.o(.bss)
    __initial_sp                             0x20000558   Data           0  startup_stm32l051xx.o(STACK)



==============================================================================

Memory Map of the image

  Image Entry point : 0x080000c1

  Load Region LR_IROM1 (Base: 0x08000000, Size: 0x00001da8, Max: 0x00010000, ABSOLUTE)

    Execution Region ER_IROM1 (Exec base: 0x08000000, Load base: 0x08000000, Size: 0x00001d48, Max: 0x00010000, ABSOLUTE)

    Exec Addr    Load Addr    Size         Type   Attr      Idx    E Section Name        Object

    0x08000000   0x08000000   0x000000c0   Data   RO            3    RESET               startup_stm32l051xx.o
    0x080000c0   0x080000c0   0x00000000   Code   RO         3565  * .ARM.Collect$$$$00000000  mc_p.l(entry.o)
    0x080000c0   0x080000c0   0x00000004   Code   RO         3837    .ARM.Collect$$$$00000001  mc_p.l(entry2.o)
    0x080000c4   0x080000c4   0x00000004   Code   RO         3840    .ARM.Collect$$$$00000004  mc_p.l(entry5.o)
    0x080000c8   0x080000c8   0x00000000   Code   RO         3842    .ARM.Collect$$$$00000008  mc_p.l(entry7b.o)
    0x080000c8   0x080000c8   0x00000000   Code   RO         3844    .ARM.Collect$$$$0000000A  mc_p.l(entry8b.o)
    0x080000c8   0x080000c8   0x00000008   Code   RO         3845    .ARM.Collect$$$$0000000B  mc_p.l(entry9a.o)
    0x080000d0   0x080000d0   0x00000000   Code   RO         3847    .ARM.Collect$$$$0000000D  mc_p.l(entry10a.o)
    0x080000d0   0x080000d0   0x00000000   Code   RO         3849    .ARM.Collect$$$$0000000F  mc_p.l(entry11a.o)
    0x080000d0   0x080000d0   0x00000004   Code   RO         3838    .ARM.Collect$$$$00002712  mc_p.l(entry2.o)
    0x080000d4   0x080000d4   0x0000001c   Code   RO            4    .text               startup_stm32l051xx.o
    0x080000f0   0x080000f0   0x0000002c   Code   RO         3568    .text               mc_p.l(uidiv.o)
    0x0800011c   0x0800011c   0x00000060   Code   RO         3570    .text               mc_p.l(uldiv.o)
    0x0800017c   0x0800017c   0x00000024   Code   RO         3572    .text               mc_p.l(memseta.o)
    0x080001a0   0x080001a0   0x0000001c   Code   RO         3574    .text               mc_p.l(strcmp.o)
    0x080001bc   0x080001bc   0x00000020   Code   RO         3852    .text               mc_p.l(llshl.o)
    0x080001dc   0x080001dc   0x00000022   Code   RO         3854    .text               mc_p.l(llushr.o)
    0x080001fe   0x080001fe   0x00000002   PAD
    0x08000200   0x08000200   0x00000024   Code   RO         3867    .text               mc_p.l(init.o)
    0x08000224   0x08000224   0x0000000a   Code   RO          135    i.EXTI0_1_IRQHandler  bsp.o
    0x0800022e   0x0800022e   0x00000002   PAD
    0x08000230   0x08000230   0x0000001c   Code   RO          136    i.Error_Handler     bsp.o
    0x0800024c   0x0800024c   0x0000004c   Code   RO         1519    i.HAL_DMA_Abort_IT  stm32l0xx_hal_dma.o
    0x08000298   0x08000298   0x00000002   Code   RO          579    i.HAL_GPIO_EXTI_Callback  stm32l0xx_hal_gpio.o
    0x0800029a   0x0800029a   0x00000002   PAD
    0x0800029c   0x0800029c   0x00000018   Code   RO          580    i.HAL_GPIO_EXTI_IRQHandler  stm32l0xx_hal_gpio.o
    0x080002b4   0x080002b4   0x00000178   Code   RO          581    i.HAL_GPIO_Init     stm32l0xx_hal_gpio.o
    0x0800042c   0x0800042c   0x00000008   Code   RO          584    i.HAL_GPIO_TogglePin  stm32l0xx_hal_gpio.o
    0x08000434   0x08000434   0x0000000c   Code   RO          585    i.HAL_GPIO_WritePin  stm32l0xx_hal_gpio.o
    0x08000440   0x08000440   0x0000000c   Code   RO          403    i.HAL_GetTick       stm32l0xx_hal.o
    0x0800044c   0x0800044c   0x00000010   Code   RO          407    i.HAL_IncTick       stm32l0xx_hal.o
    0x0800045c   0x0800045c   0x00000028   Code   RO          408    i.HAL_Init          stm32l0xx_hal.o
    0x08000484   0x08000484   0x00000030   Code   RO          409    i.HAL_InitTick      stm32l0xx_hal.o
    0x080004b4   0x080004b4   0x00000002   Code   RO         2664    i.HAL_MspInit       stm32l0xx_hal_msp_template.o
    0x080004b6   0x080004b6   0x00000002   PAD
    0x080004b8   0x080004b8   0x00000014   Code   RO         1669    i.HAL_NVIC_EnableIRQ  stm32l0xx_hal_cortex.o
    0x080004cc   0x080004cc   0x00000008   Code   RO         1673    i.HAL_NVIC_SetPriority  stm32l0xx_hal_cortex.o
    0x080004d4   0x080004d4   0x00000164   Code   RO         1112    i.HAL_RCCEx_PeriphCLKConfig  stm32l0xx_hal_rcc_ex.o
    0x08000638   0x08000638   0x0000016c   Code   RO          641    i.HAL_RCC_ClockConfig  stm32l0xx_hal_rcc.o
    0x080007a4   0x080007a4   0x00000020   Code   RO          647    i.HAL_RCC_GetPCLK1Freq  stm32l0xx_hal_rcc.o
    0x080007c4   0x080007c4   0x00000020   Code   RO          648    i.HAL_RCC_GetPCLK2Freq  stm32l0xx_hal_rcc.o
    0x080007e4   0x080007e4   0x00000078   Code   RO          649    i.HAL_RCC_GetSysClockFreq  stm32l0xx_hal_rcc.o
    0x0800085c   0x0800085c   0x0000041c   Code   RO          652    i.HAL_RCC_OscConfig  stm32l0xx_hal_rcc.o
    0x08000c78   0x08000c78   0x00000030   Code   RO         1677    i.HAL_SYSTICK_Config  stm32l0xx_hal_cortex.o
    0x08000ca8   0x08000ca8   0x00000002   Code   RO         3020    i.HAL_UARTEx_WakeupCallback  stm32l0xx_hal_uart_ex.o
    0x08000caa   0x08000caa   0x00000002   Code   RO          754    i.HAL_UART_ErrorCallback  stm32l0xx_hal_uart.o
    0x08000cac   0x08000cac   0x0000006a   Code   RO          758    i.HAL_UART_Init     stm32l0xx_hal_uart.o
    0x08000d16   0x08000d16   0x00000002   PAD
    0x08000d18   0x08000d18   0x0000006c   Code   RO         3477    i.HAL_UART_MspInit  usart.o
    0x08000d84   0x08000d84   0x000000ce   Code   RO          766    i.HAL_UART_Transmit  stm32l0xx_hal_uart.o
    0x08000e52   0x08000e52   0x00000002   PAD
    0x08000e54   0x08000e54   0x000000e0   Code   RO         3418    i.MX_GPIO_Init      gpio.o
    0x08000f34   0x08000f34   0x00000038   Code   RO         3478    i.MX_USART1_UART_Init  usart.o
    0x08000f6c   0x08000f6c   0x00000044   Code   RO         1679    i.NVIC_SetPriority  stm32l0xx_hal_cortex.o
    0x08000fb0   0x08000fb0   0x0000000c   Code   RO          137    i.SysTick_Handler   bsp.o
    0x08000fbc   0x08000fbc   0x00000054   Code   RO           13    i.SystemInit        system_stm32l0xx.o
    0x08001010   0x08001010   0x000000ca   Code   RO          771    i.UART_AdvFeatureConfig  stm32l0xx_hal_uart.o
    0x080010da   0x080010da   0x00000002   PAD
    0x080010dc   0x080010dc   0x00000060   Code   RO          772    i.UART_CheckIdleState  stm32l0xx_hal_uart.o
    0x0800113c   0x0800113c   0x00000228   Code   RO          787    i.UART_SetConfig    stm32l0xx_hal_uart.o
    0x08001364   0x08001364   0x00000062   Code   RO          790    i.UART_WaitOnFlagUntilTimeout  stm32l0xx_hal_uart.o
    0x080013c6   0x080013c6   0x00000002   PAD
    0x080013c8   0x080013c8   0x00000010   Code   RO          303    i.USART1_IRQHandler  stm32_usart.o
    0x080013d8   0x080013d8   0x00000128   Code   RO          304    i.USER_UART1_IRQHandler  stm32_usart.o
    0x08001500   0x08001500   0x00000020   Code   RO         3643    i.__0printf$2       mc_p.l(printf2.o)
    0x08001520   0x08001520   0x0000001a   Code   RO         1079    i.__ARM_common_switch8  stm32l0xx_hal_uart.o
    0x0800153a   0x0800153a   0x0000000e   Code   RO         3877    i.__scatterload_copy  mc_p.l(handlers.o)
    0x08001548   0x08001548   0x00000002   Code   RO         3878    i.__scatterload_null  mc_p.l(handlers.o)
    0x0800154a   0x0800154a   0x0000000e   Code   RO         3879    i.__scatterload_zeroinit  mc_p.l(handlers.o)
    0x08001558   0x08001558   0x000000d2   Code   RO         3650    i._printf_core      mc_p.l(printf2.o)
    0x0800162a   0x0800162a   0x00000002   PAD
    0x0800162c   0x0800162c   0x00000060   Code   RO         3512    i.app_gpio_toggle_init  app_gpio_toggle.o
    0x0800168c   0x0800168c   0x0000000c   Code   RO         3394    i.app_init          app.o
    0x08001698   0x08001698   0x00000088   Code   RO         3536    i.app_usart_init    app_usart.o
    0x08001720   0x08001720   0x00000008   Code   RO          138    i.bsp_init          bsp.o
    0x08001728   0x08001728   0x0000009c   Code   RO          139    i.bsp_rcc           bsp.o
    0x080017c4   0x080017c4   0x00000012   Code   RO         3333    i.cola_device_config  cola_device.o
    0x080017d6   0x080017d6   0x00000012   Code   RO         3334    i.cola_device_ctrl  cola_device.o
    0x080017e8   0x080017e8   0x00000028   Code   RO         3335    i.cola_device_find  cola_device.o
    0x08001810   0x08001810   0x0000001a   Code   RO         3336    i.cola_device_read  cola_device.o
    0x0800182a   0x0800182a   0x00000002   PAD
    0x0800182c   0x0800182c   0x00000054   Code   RO         3337    i.cola_device_register  cola_device.o
    0x08001880   0x08001880   0x0000001a   Code   RO         3338    i.cola_device_write  cola_device.o
    0x0800189a   0x0800189a   0x00000002   PAD
    0x0800189c   0x0800189c   0x00000044   Code   RO         3263    i.cola_set_event    cola_os.o
    0x080018e0   0x080018e0   0x00000074   Code   RO         3264    i.cola_task_create  cola_os.o
    0x08001954   0x08001954   0x00000020   Code   RO         3266    i.cola_task_is_exists  cola_os.o
    0x08001974   0x08001974   0x00000068   Code   RO         3267    i.cola_task_loop    cola_os.o
    0x080019dc   0x080019dc   0x00000078   Code   RO         3268    i.cola_timer_create  cola_os.o
    0x08001a54   0x08001a54   0x0000004c   Code   RO         3269    i.cola_timer_start  cola_os.o
    0x08001aa0   0x08001aa0   0x0000004c   Code   RO         3271    i.cola_timer_ticker  cola_os.o
    0x08001aec   0x08001aec   0x00000004   Code   RO          140    i.disable_irq       bsp.o
    0x08001af0   0x08001af0   0x00000074   Code   RO         3381    i.do_init_call      cola_init.o
    0x08001b64   0x08001b64   0x00000004   Code   RO          141    i.enable_irq        bsp.o
    0x08001b68   0x08001b68   0x00000018   Code   RO          305    i.fputc             stm32_usart.o
    0x08001b80   0x08001b80   0x00000006   Code   RO          142    i.get_pri           bsp.o
    0x08001b86   0x08001b86   0x00000002   PAD
    0x08001b88   0x08001b88   0x00000028   Code   RO          237    i.led_ctrl          stm32_led.o
    0x08001bb0   0x08001bb0   0x00000024   Code   RO          238    i.led_register      stm32_led.o
    0x08001bd4   0x08001bd4   0x00000016   Code   RO          370    i.main              main.o
    0x08001bea   0x08001bea   0x00000006   Code   RO          143    i.set_pri           bsp.o
    0x08001bf0   0x08001bf0   0x00000024   Code   RO         3537    i.timer_1s_cb       app_usart.o
    0x08001c14   0x08001c14   0x00000014   Code   RO         3513    i.timer_500ms_cb    app_gpio_toggle.o
    0x08001c28   0x08001c28   0x00000018   Code   RO          306    i.uart1_config      stm32_usart.o
    0x08001c40   0x08001c40   0x0000002c   Code   RO          307    i.uart1_configuration  stm32_usart.o
    0x08001c6c   0x08001c6c   0x00000010   Code   RO          308    i.uart1_read        stm32_usart.o
    0x08001c7c   0x08001c7c   0x00000018   Code   RO          309    i.uart1_write       stm32_usart.o
    0x08001c94   0x08001c94   0x0000002c   Code   RO          310    i.usart_register    stm32_usart.o
    0x08001cc0   0x08001cc0   0x00000038   Code   RO         3538    i.usart_task_event  app_usart.o
    0x08001cf8   0x08001cf8   0x00000019   Data   RO           14    .constdata          system_stm32l0xx.o
    0x08001d11   0x08001d11   0x00000008   Data   RO           15    .constdata          system_stm32l0xx.o
    0x08001d19   0x08001d19   0x00000003   PAD
    0x08001d1c   0x08001d1c   0x00000020   Data   RO         3875    Region$$Table       anon$$obj.o
    0x08001d3c   0x08001d3c   0x00000004   Data   RO          144    initcall0init       bsp.o
    0x08001d40   0x08001d40   0x00000004   Data   RO          241    initcall2init       stm32_led.o
    0x08001d44   0x08001d44   0x00000004   Data   RO          313    initcall2init       stm32_usart.o


    Execution Region RW_IRAM1 (Exec base: 0x20000000, Load base: 0x08001d48, Size: 0x00000558, Max: 0x00002000, ABSOLUTE)

    Exec Addr    Load Addr    Size         Type   Attr      Idx    E Section Name        Object

    0x20000000   0x08001d48   0x00000004   Data   RW           16    .data               system_stm32l0xx.o
    0x20000004   0x08001d4c   0x0000001c   Data   RW          240    .data               stm32_led.o
    0x20000020   0x08001d68   0x00000024   Data   RW          312    .data               stm32_usart.o
    0x20000044   0x08001d8c   0x00000004   Data   RW          418    .data               stm32l0xx_hal.o
    0x20000048   0x08001d90   0x00000008   Data   RW         3272    .data               cola_os.o
    0x20000050   0x08001d98   0x00000004   Data   RW         3339    .data               cola_device.o
    0x20000054   0x08001d9c   0x00000004   Data   RW         3515    .data               app_gpio_toggle.o
    0x20000058   0x08001da0   0x00000004   Data   RW         3540    .data               app_usart.o
    0x2000005c   0x08001da4   0x00000004   Data   RW         3851    .data               mc_p.l(stdout.o)
    0x20000060        -       0x0000000c   Zero   RW          239    .bss                stm32_led.o
    0x2000006c        -       0x0000000c   Zero   RW          311    .bss                stm32_usart.o
    0x20000078        -       0x00000080   Zero   RW         3479    .bss                usart.o
    0x200000f8        -       0x00000020   Zero   RW         3514    .bss                app_gpio_toggle.o
    0x20000118        -       0x00000040   Zero   RW         3539    .bss                app_usart.o
    0x20000158        -       0x00000400   Zero   RW            1    STACK               startup_stm32l051xx.o


==============================================================================

Image component sizes


      Code (inc. data)   RO Data    RW Data    ZI Data      Debug   Object Name

        12          0          0          0          0        447   app.o
       116         54          0          4         32       1291   app_gpio_toggle.o
       228         94          0          4         64       2461   app_usart.o
       234         22          4          0          0       8867   bsp.o
       212         10          0          4          0       5027   cola_device.o
       116         32          0          0          0       1517   cola_init.o
       592         36          0          8          0       5712   cola_os.o
       224         28          0          0          0       1163   gpio.o
        22          0          0          0          0        451   main.o
        28          8        192          0       1024        692   startup_stm32l051xx.o
        76         18          4         28         12       2116   stm32_led.o
       488         56          4         36         12       6961   stm32_usart.o
       116         20          0          4          0       3511   stm32l0xx_hal.o
       144         24          0          0          0      10853   stm32l0xx_hal_cortex.o
        76          0          0          0          0       1271   stm32l0xx_hal_dma.o
       422         36          0          0          0       4397   stm32l0xx_hal_gpio.o
         2          0          0          0          0        530   stm32l0xx_hal_msp_template.o
      1600         90          0          0          0       5868   stm32l0xx_hal_rcc.o
       356         14          0          0          0       1656   stm32l0xx_hal_rcc_ex.o
      1288         76          0          0          0       7494   stm32l0xx_hal_uart.o
         2          0          0          0          0       1196   stm32l0xx_hal_uart_ex.o
        84         18         33          4          0     289195   system_stm32l0xx.o
       164         16          0          0        128       1854   usart.o

    ----------------------------------------------------------------------
      6622        652        272         92       1272     364530   Object Totals
         0          0         32          0          0          0   (incl. Generated)
        20          0          3          0          0          0   (incl. Padding)

    ----------------------------------------------------------------------

      Code (inc. data)   RO Data    RW Data    ZI Data      Debug   Library Member Name

         0          0          0          0          0          0   entry.o
         0          0          0          0          0          0   entry10a.o
         0          0          0          0          0          0   entry11a.o
         8          4          0          0          0          0   entry2.o
         4          0          0          0          0          0   entry5.o
         0          0          0          0          0          0   entry7b.o
         0          0          0          0          0          0   entry8b.o
         8          4          0          0          0          0   entry9a.o
        30          0          0          0          0          0   handlers.o
        36          8          0          0          0         68   init.o
        32          0          0          0          0         68   llshl.o
        34          0          0          0          0         68   llushr.o
        36          0          0          0          0        100   memseta.o
       242          8          0          0          0        168   printf2.o
         0          0          0          4          0          0   stdout.o
        28          0          0          0          0         68   strcmp.o
        44          0          0          0          0         72   uidiv.o
        96          0          0          0          0         84   uldiv.o

    ----------------------------------------------------------------------
       602         24          0          4          0        696   Library Totals
         4          0          0          0          0          0   (incl. Padding)

    ----------------------------------------------------------------------

      Code (inc. data)   RO Data    RW Data    ZI Data      Debug   Library Name

       598         24          0          4          0        696   mc_p.l

    ----------------------------------------------------------------------
       602         24          0          4          0        696   Library Totals

    ----------------------------------------------------------------------

==============================================================================


      Code (inc. data)   RO Data    RW Data    ZI Data      Debug   

      7224        676        272         96       1272     362034   Grand Totals
      7224        676        272         96       1272     362034   ELF Image Totals
      7224        676        272         96          0          0   ROM Totals

==============================================================================

    Total RO  Size (Code + RO Data)                 7496 (   7.32kB)
    Total RW  Size (RW Data + ZI Data)              1368 (   1.34kB)
    Total ROM Size (Code + RO Data + RW Data)       7592 (   7.41kB)

==============================================================================

