Component: ARM Compiler 5.06 update 5 (build 528) Tool: armlink [4d35e2]

==============================================================================

Section Cross References

    startup_stm32l051xx.o(RESET) refers to startup_stm32l051xx.o(STACK) for __initial_sp
    startup_stm32l051xx.o(RESET) refers to startup_stm32l051xx.o(.text) for Reset_Handler
    startup_stm32l051xx.o(RESET) refers to stm32l0xx_it.o(i.NMI_Handler) for NMI_Handler
    startup_stm32l051xx.o(RESET) refers to stm32l0xx_it.o(i.HardFault_Handler) for HardFault_Handler
    startup_stm32l051xx.o(RESET) refers to stm32l0xx_it.o(i.SVC_Handler) for SVC_Handler
    startup_stm32l051xx.o(RESET) refers to stm32l0xx_it.o(i.PendSV_Handler) for PendSV_Handler
    startup_stm32l051xx.o(RESET) refers to stm32l0xx_it.o(i.SysTick_Handler) for SysTick_Handler
    startup_stm32l051xx.o(RESET) refers to stm32l0xx_it.o(i.RTC_IRQHandler) for RTC_IRQHandler
    startup_stm32l051xx.o(RESET) refers to stm32l0xx_it.o(i.EXTI0_1_IRQHandler) for EXTI0_1_IRQHandler
    startup_stm32l051xx.o(.text) refers to system_stm32l0xx.o(i.SystemInit) for SystemInit
    startup_stm32l051xx.o(.text) refers to entry.o(.ARM.Collect$$$$00000000) for __main
    main.o(i.SystemClock_Config) refers to memseta.o(.text) for __aeabi_memclr4
    main.o(i.SystemClock_Config) refers to stm32l0xx_hal_pwr.o(i.HAL_PWR_EnableBkUpAccess) for HAL_PWR_EnableBkUpAccess
    main.o(i.SystemClock_Config) refers to stm32l0xx_hal_rcc.o(i.HAL_RCC_OscConfig) for HAL_RCC_OscConfig
    main.o(i.SystemClock_Config) refers to stm32l0xx_hal_rcc.o(i.HAL_RCC_ClockConfig) for HAL_RCC_ClockConfig
    main.o(i.SystemClock_Config) refers to stm32l0xx_hal_rcc_ex.o(i.HAL_RCCEx_PeriphCLKConfig) for HAL_RCCEx_PeriphCLKConfig
    main.o(i.main) refers to stm32l0xx_hal.o(i.HAL_Init) for HAL_Init
    main.o(i.main) refers to main.o(i.SystemClock_Config) for SystemClock_Config
    main.o(i.main) refers to gpio.o(i.MX_GPIO_Init) for MX_GPIO_Init
    main.o(i.main) refers to rtc.o(i.MX_RTC_Init) for MX_RTC_Init
    gpio.o(i.MX_GPIO_Init) refers to memseta.o(.text) for __aeabi_memclr4
    gpio.o(i.MX_GPIO_Init) refers to stm32l0xx_hal_gpio.o(i.HAL_GPIO_WritePin) for HAL_GPIO_WritePin
    gpio.o(i.MX_GPIO_Init) refers to stm32l0xx_hal_gpio.o(i.HAL_GPIO_Init) for HAL_GPIO_Init
    gpio.o(i.MX_GPIO_Init) refers to stm32l0xx_hal_cortex.o(i.HAL_NVIC_SetPriority) for HAL_NVIC_SetPriority
    gpio.o(i.MX_GPIO_Init) refers to stm32l0xx_hal_cortex.o(i.HAL_NVIC_EnableIRQ) for HAL_NVIC_EnableIRQ
    rtc.o(i.HAL_RTC_MspDeInit) refers to stm32l0xx_hal_cortex.o(i.HAL_NVIC_DisableIRQ) for HAL_NVIC_DisableIRQ
    rtc.o(i.HAL_RTC_MspInit) refers to stm32l0xx_hal_cortex.o(i.HAL_NVIC_SetPriority) for HAL_NVIC_SetPriority
    rtc.o(i.HAL_RTC_MspInit) refers to stm32l0xx_hal_cortex.o(i.HAL_NVIC_EnableIRQ) for HAL_NVIC_EnableIRQ
    rtc.o(i.MX_RTC_Init) refers to memseta.o(.text) for __aeabi_memclr4
    rtc.o(i.MX_RTC_Init) refers to stm32l0xx_hal_rtc.o(i.HAL_RTC_Init) for HAL_RTC_Init
    rtc.o(i.MX_RTC_Init) refers to main.o(i.Error_Handler) for Error_Handler
    rtc.o(i.MX_RTC_Init) refers to stm32l0xx_hal_rtc.o(i.HAL_RTC_SetTime) for HAL_RTC_SetTime
    rtc.o(i.MX_RTC_Init) refers to stm32l0xx_hal_rtc.o(i.HAL_RTC_SetDate) for HAL_RTC_SetDate
    rtc.o(i.MX_RTC_Init) refers to stm32l0xx_hal_rtc_ex.o(i.HAL_RTCEx_SetWakeUpTimer_IT) for HAL_RTCEx_SetWakeUpTimer_IT
    rtc.o(i.MX_RTC_Init) refers to rtc.o(.bss) for .bss
    stm32l0xx_it.o(i.EXTI0_1_IRQHandler) refers to stm32l0xx_hal_gpio.o(i.HAL_GPIO_EXTI_IRQHandler) for HAL_GPIO_EXTI_IRQHandler
    stm32l0xx_it.o(i.RTC_IRQHandler) refers to stm32l0xx_hal_rtc_ex.o(i.HAL_RTCEx_WakeUpTimerIRQHandler) for HAL_RTCEx_WakeUpTimerIRQHandler
    stm32l0xx_it.o(i.RTC_IRQHandler) refers to rtc.o(.bss) for hrtc
    stm32l0xx_it.o(i.SysTick_Handler) refers to stm32l0xx_hal.o(i.HAL_IncTick) for HAL_IncTick
    stm32l0xx_hal_rtc.o(i.HAL_RTC_AlarmIRQHandler) refers to stm32l0xx_hal_rtc.o(i.HAL_RTC_AlarmAEventCallback) for HAL_RTC_AlarmAEventCallback
    stm32l0xx_hal_rtc.o(i.HAL_RTC_AlarmIRQHandler) refers to stm32l0xx_hal_rtc_ex.o(i.HAL_RTCEx_AlarmBEventCallback) for HAL_RTCEx_AlarmBEventCallback
    stm32l0xx_hal_rtc.o(i.HAL_RTC_DeInit) refers to stm32l0xx_hal_rtc.o(i.RTC_EnterInitMode) for RTC_EnterInitMode
    stm32l0xx_hal_rtc.o(i.HAL_RTC_DeInit) refers to stm32l0xx_hal.o(i.HAL_GetTick) for HAL_GetTick
    stm32l0xx_hal_rtc.o(i.HAL_RTC_DeInit) refers to stm32l0xx_hal_rtc.o(i.HAL_RTC_WaitForSynchro) for HAL_RTC_WaitForSynchro
    stm32l0xx_hal_rtc.o(i.HAL_RTC_DeInit) refers to rtc.o(i.HAL_RTC_MspDeInit) for HAL_RTC_MspDeInit
    stm32l0xx_hal_rtc.o(i.HAL_RTC_DeactivateAlarm) refers to stm32l0xx_hal.o(i.HAL_GetTick) for HAL_GetTick
    stm32l0xx_hal_rtc.o(i.HAL_RTC_GetAlarm) refers to stm32l0xx_hal_rtc.o(i.RTC_Bcd2ToByte) for RTC_Bcd2ToByte
    stm32l0xx_hal_rtc.o(i.HAL_RTC_GetDate) refers to stm32l0xx_hal_rtc.o(i.RTC_Bcd2ToByte) for RTC_Bcd2ToByte
[...]
    stm32l0xx_hal_i2c.o(i.HAL_I2C_Master_Seq_Transmit_DMA) refers to stm32l0xx_hal_i2c.o(i.I2C_DMAMasterTransmitCplt) for I2C_DMAMasterTransmitCplt
    stm32l0xx_hal_i2c.o(i.HAL_I2C_Master_Seq_Transmit_DMA) refers to stm32l0xx_hal_i2c.o(i.I2C_DMAError) for I2C_DMAError
    stm32l0xx_hal_i2c.o(i.HAL_I2C_Master_Seq_Transmit_DMA) refers to stm32l0xx_hal_i2c.o(i.I2C_Master_ISR_IT) for I2C_Master_ISR_IT
    stm32l0xx_hal_i2c.o(i.HAL_I2C_Master_Seq_Transmit_IT) refers to stm32l0xx_hal_i2c.o(i.I2C_ConvertOtherXferOptions) for I2C_ConvertOtherXferOptions
    stm32l0xx_hal_i2c.o(i.HAL_I2C_Master_Seq_Transmit_IT) refers to stm32l0xx_hal_i2c.o(i.I2C_TransferConfig) for I2C_TransferConfig
    stm32l0xx_hal_i2c.o(i.HAL_I2C_Master_Seq_Transmit_IT) refers to stm32l0xx_hal_i2c.o(i.I2C_Enable_IRQ) for I2C_Enable_IRQ
    stm32l0xx_hal_i2c.o(i.HAL_I2C_Master_Seq_Transmit_IT) refers to stm32l0xx_hal_i2c.o(i.I2C_Master_ISR_IT) for I2C_Master_ISR_IT
    stm32l0xx_hal_i2c.o(i.HAL_I2C_Master_Transmit) refers to stm32l0xx_hal.o(i.HAL_GetTick) for HAL_GetTick
    stm32l0xx_hal_i2c.o(i.HAL_I2C_Master_Transmit) refers to stm32l0xx_hal_i2c.o(i.I2C_WaitOnFlagUntilTimeout) for I2C_WaitOnFlagUntilTimeout
    stm32l0xx_hal_i2c.o(i.HAL_I2C_Master_Transmit) refers to stm32l0xx_hal_i2c.o(i.I2C_TransferConfig) for I2C_TransferConfig
    stm32l0xx_hal_i2c.o(i.HAL_I2C_Master_Transmit) refers to stm32l0xx_hal_i2c.o(i.I2C_WaitOnTXISFlagUntilTimeout) for I2C_WaitOnTXISFlagUntilTimeout
    stm32l0xx_hal_i2c.o(i.HAL_I2C_Master_Transmit) refers to stm32l0xx_hal_i2c.o(i.I2C_WaitOnSTOPFlagUntilTimeout) for I2C_WaitOnSTOPFlagUntilTimeout
    stm32l0xx_hal_i2c.o(i.HAL_I2C_Master_Transmit_DMA) refers to stm32l0xx_hal_dma.o(i.HAL_DMA_Start_IT) for HAL_DMA_Start_IT
    stm32l0xx_hal_i2c.o(i.HAL_I2C_Master_Transmit_DMA) refers to stm32l0xx_hal_i2c.o(i.I2C_TransferConfig) for I2C_TransferConfig
    stm32l0xx_hal_i2c.o(i.HAL_I2C_Master_Transmit_DMA) refers to stm32l0xx_hal_i2c.o(i.I2C_Enable_IRQ) for I2C_Enable_IRQ
    stm32l0xx_hal_i2c.o(i.HAL_I2C_Master_Transmit_DMA) refers to stm32l0xx_hal_i2c.o(i.I2C_Master_ISR_DMA) for I2C_Master_ISR_DMA
    stm32l0xx_hal_i2c.o(i.HAL_I2C_Master_Transmit_DMA) refers to stm32l0xx_hal_i2c.o(i.I2C_DMAMasterTransmitCplt) for I2C_DMAMasterTransmitCplt
    stm32l0xx_hal_i2c.o(i.HAL_I2C_Master_Transmit_DMA) refers to stm32l0xx_hal_i2c.o(i.I2C_DMAError) for I2C_DMAError
    stm32l0xx_hal_i2c.o(i.HAL_I2C_Master_Transmit_DMA) refers to stm32l0xx_hal_i2c.o(i.I2C_Master_ISR_IT) for I2C_Master_ISR_IT
    stm32l0xx_hal_i2c.o(i.HAL_I2C_Master_Transmit_IT) refers to stm32l0xx_hal_i2c.o(i.I2C_TransferConfig) for I2C_TransferConfig
    stm32l0xx_hal_i2c.o(i.HAL_I2C_Master_Transmit_IT) refers to stm32l0xx_hal_i2c.o(i.I2C_Enable_IRQ) for I2C_Enable_IRQ
    stm32l0xx_hal_i2c.o(i.HAL_I2C_Master_Transmit_IT) refers to stm32l0xx_hal_i2c.o(i.I2C_Master_ISR_IT) for I2C_Master_ISR_IT
    stm32l0xx_hal_i2c.o(i.HAL_I2C_Mem_Read) refers to stm32l0xx_hal.o(i.HAL_GetTick) for HAL_GetTick
    stm32l0xx_hal_i2c.o(i.HAL_I2C_Mem_Read) refers to stm32l0xx_hal_i2c.o(i.I2C_WaitOnFlagUntilTimeout) for I2C_WaitOnFlagUntilTimeout
    stm32l0xx_hal_i2c.o(i.HAL_I2C_Mem_Read) refers to stm32l0xx_hal_i2c.o(i.I2C_RequestMemoryRead) for I2C_RequestMemoryRead
    stm32l0xx_hal_i2c.o(i.HAL_I2C_Mem_Read) refers to stm32l0xx_hal_i2c.o(i.I2C_TransferConfig) for I2C_TransferConfig
    stm32l0xx_hal_i2c.o(i.HAL_I2C_Mem_Read) refers to stm32l0xx_hal_i2c.o(i.I2C_WaitOnSTOPFlagUntilTimeout) for I2C_WaitOnSTOPFlagUntilTimeout
    stm32l0xx_hal_i2c.o(i.HAL_I2C_Mem_Read_DMA) refers to stm32l0xx_hal.o(i.HAL_GetTick) for HAL_GetTick
    stm32l0xx_hal_i2c.o(i.HAL_I2C_Mem_Read_DMA) refers to stm32l0xx_hal_i2c.o(i.I2C_RequestMemoryRead) for I2C_RequestMemoryRead
    stm32l0xx_hal_i2c.o(i.HAL_I2C_Mem_Read_DMA) refers to stm32l0xx_hal_dma.o(i.HAL_DMA_Start_IT) for HAL_DMA_Start_IT
    stm32l0xx_hal_i2c.o(i.HAL_I2C_Mem_Read_DMA) refers to stm32l0xx_hal_i2c.o(i.I2C_TransferConfig) for I2C_TransferConfig
    stm32l0xx_hal_i2c.o(i.HAL_I2C_Mem_Read_DMA) refers to stm32l0xx_hal_i2c.o(i.I2C_Enable_IRQ) for I2C_Enable_IRQ
    stm32l0xx_hal_i2c.o(i.HAL_I2C_Mem_Read_DMA) refers to stm32l0xx_hal_i2c.o(i.I2C_Master_ISR_DMA) for I2C_Master_ISR_DMA
    stm32l0xx_hal_i2c.o(i.HAL_I2C_Mem_Read_DMA) refers to stm32l0xx_hal_i2c.o(i.I2C_DMAMasterReceiveCplt) for I2C_DMAMasterReceiveCplt
    stm32l0xx_hal_i2c.o(i.HAL_I2C_Mem_Read_DMA) refers to stm32l0xx_hal_i2c.o(i.I2C_DMAError) for I2C_DMAError
    stm32l0xx_hal_i2c.o(i.HAL_I2C_Mem_Read_IT) refers to stm32l0xx_hal.o(i.HAL_GetTick) for HAL_GetTick
    stm32l0xx_hal_i2c.o(i.HAL_I2C_Mem_Read_IT) refers to stm32l0xx_hal_i2c.o(i.I2C_RequestMemoryRead) for I2C_RequestMemoryRead
    stm32l0xx_hal_i2c.o(i.HAL_I2C_Mem_Read_IT) refers to stm32l0xx_hal_i2c.o(i.I2C_TransferConfig) for I2C_TransferConfig
    stm32l0xx_hal_i2c.o(i.HAL_I2C_Mem_Read_IT) refers to stm32l0xx_hal_i2c.o(i.I2C_Enable_IRQ) for I2C_Enable_IRQ
    stm32l0xx_hal_i2c.o(i.HAL_I2C_Mem_Read_IT) refers to stm32l0xx_hal_i2c.o(i.I2C_Master_ISR_IT) for I2C_Master_ISR_IT
    stm32l0xx_hal_i2c.o(i.HAL_I2C_Mem_Write) refers to stm32l0xx_hal.o(i.HAL_GetTick) for HAL_GetTick
    stm32l0xx_hal_i2c.o(i.HAL_I2C_Mem_Write) refers to stm32l0xx_hal_i2c.o(i.I2C_WaitOnFlagUntilTimeout) for I2C_WaitOnFlagUntilTimeout
    stm32l0xx_hal_i2c.o(i.HAL_I2C_Mem_Write) refers to stm32l0xx_hal_i2c.o(i.I2C_RequestMemoryWrite) for I2C_RequestMemoryWrite
    stm32l0xx_hal_i2c.o(i.HAL_I2C_Mem_Write) refers to stm32l0xx_hal_i2c.o(i.I2C_TransferConfig) for I2C_TransferConfig
    stm32l0xx_hal_i2c.o(i.HAL_I2C_Mem_Write) refers to stm32l0xx_hal_i2c.o(i.I2C_WaitOnTXISFlagUntilTimeout) for I2C_WaitOnTXISFlagUntilTimeout
    stm32l0xx_hal_i2c.o(i.HAL_I2C_Mem_Write) refers to stm32l0xx_hal_i2c.o(i.I2C_WaitOnSTOPFlagUntilTimeout) for I2C_WaitOnSTOPFlagUntilTimeout
    stm32l0xx_hal_i2c.o(i.HAL_I2C_Mem_Write_DMA) refers to stm32l0xx_hal.o(i.HAL_GetTick) for HAL_GetTick
    stm32l0xx_hal_i2c.o(i.HAL_I2C_Mem_Write_DMA) refers to stm32l0xx_hal_i2c.o(i.I2C_RequestMemoryWrite) for I2C_RequestMemoryWrite
    stm32l0xx_hal_i2c.o(i.HAL_I2C_Mem_Write_DMA) refers to stm32l0xx_hal_dma.o(i.HAL_DMA_Start_IT) for HAL_DMA_Start_IT
    stm32l0xx_hal_i2c.o(i.HAL_I2C_Mem_Write_DMA) refers to stm32l0xx_hal_i2c.o(i.I2C_TransferConfig) for I2C_TransferConfig
    stm32l0xx_hal_i2c.o(i.HAL_I2C_Mem_Write_DMA) refers to stm32l0xx_hal_i2c.o(i.I2C_Enable_IRQ) for I2C_Enable_IRQ
    stm32l0xx_hal_i2c.o(i.HAL_I2C_Mem_Write_DMA) refers to stm32l0xx_hal_i2c.o(i.I2C_Master_ISR_DMA) for I2C_Master_ISR_DMA
    stm32l0xx_hal_i2c.o(i.HAL_I2C_Mem_Write_DMA) refers to stm32l0xx_hal_i2c.o(i.I2C_DMAMasterTransmitCplt) for I2C_DMAMasterTransmitCplt
    stm32l0xx_hal_i2c.o(i.HAL_I2C_Mem_Write_DMA) refers to stm32l0xx_hal_i2c.o(i.I2C_DMAError) for I2C_DMAError
    stm32l0xx_hal_i2c.o(i.HAL_I2C_Mem_Write_IT) refers to stm32l0xx_hal.o(i.HAL_GetTick) for HAL_GetTick
    stm32l0xx_hal_i2c.o(i.HAL_I2C_Mem_Write_IT) refers to stm32l0xx_hal_i2c.o(i.I2C_RequestMemoryWrite) for I2C_RequestMemoryWrite
    stm32l0xx_hal_i2c.o(i.HAL_I2C_Mem_Write_IT) refers to stm32l0xx_hal_i2c.o(i.I2C_TransferConfig) for I2C_TransferConfig
    stm32l0xx_hal_i2c.o(i.HAL_I2C_Mem_Write_IT) refers to stm32l0xx_hal_i2c.o(i.I2C_Enable_IRQ) for I2C_Enable_IRQ
    stm32l0xx_hal_i2c.o(i.HAL_I2C_Mem_Write_IT) refers to stm32l0xx_hal_i2c.o(i.I2C_Master_ISR_IT) for I2C_Master_ISR_IT
    stm32l0xx_hal_i2c.o(i.HAL_I2C_Slave_Receive) refers to stm32l0xx_hal.o(i.HAL_GetTick) for HAL_GetTick
    stm32l0xx_hal_i2c.o(i.HAL_I2C_Slave_Receive) refers to stm32l0xx_hal_i2c.o(i.I2C_WaitOnFlagUntilTimeout) for I2C_WaitOnFlagUntilTimeout
    stm32l0xx_hal_i2c.o(i.HAL_I2C_Slave_Receive) refers to stm32l0xx_hal_i2c.o(i.I2C_WaitOnRXNEFlagUntilTimeout) for I2C_WaitOnRXNEFlagUntilTimeout
    stm32l0xx_hal_i2c.o(i.HAL_I2C_Slave_Receive) refers to stm32l0xx_hal_i2c.o(i.I2C_WaitOnSTOPFlagUntilTimeout) for I2C_WaitOnSTOPFlagUntilTimeout
    stm32l0xx_hal_i2c.o(i.HAL_I2C_Slave_Receive_DMA) refers to stm32l0xx_hal_dma.o(i.HAL_DMA_Start_IT) for HAL_DMA_Start_IT
    stm32l0xx_hal_i2c.o(i.HAL_I2C_Slave_Receive_DMA) refers to stm32l0xx_hal_i2c.o(i.I2C_Enable_IRQ) for I2C_Enable_IRQ
    stm32l0xx_hal_i2c.o(i.HAL_I2C_Slave_Receive_DMA) refers to stm32l0xx_hal_i2c.o(i.I2C_Slave_ISR_DMA) for I2C_Slave_ISR_DMA
    stm32l0xx_hal_i2c.o(i.HAL_I2C_Slave_Receive_DMA) refers to stm32l0xx_hal_i2c.o(i.I2C_DMASlaveReceiveCplt) for I2C_DMASlaveReceiveCplt
    stm32l0xx_hal_i2c.o(i.HAL_I2C_Slave_Receive_DMA) refers to stm32l0xx_hal_i2c.o(i.I2C_DMAError) for I2C_DMAError
    stm32l0xx_hal_i2c.o(i.HAL_I2C_Slave_Receive_IT) refers to stm32l0xx_hal_i2c.o(i.I2C_Enable_IRQ) for I2C_Enable_IRQ
    stm32l0xx_hal_i2c.o(i.HAL_I2C_Slave_Receive_IT) refers to stm32l0xx_hal_i2c.o(i.I2C_Slave_ISR_IT) for I2C_Slave_ISR_IT
    stm32l0xx_hal_i2c.o(i.HAL_I2C_Slave_Seq_Receive_DMA) refers to stm32l0xx_hal_i2c.o(i.I2C_Disable_IRQ) for I2C_Disable_IRQ
    stm32l0xx_hal_i2c.o(i.HAL_I2C_Slave_Seq_Receive_DMA) refers to stm32l0xx_hal_dma.o(i.HAL_DMA_Abort_IT) for HAL_DMA_Abort_IT
    stm32l0xx_hal_i2c.o(i.HAL_I2C_Slave_Seq_Receive_DMA) refers to stm32l0xx_hal_dma.o(i.HAL_DMA_Start_IT) for HAL_DMA_Start_IT
    stm32l0xx_hal_i2c.o(i.HAL_I2C_Slave_Seq_Receive_DMA) refers to stm32l0xx_hal_i2c.o(i.I2C_Enable_IRQ) for I2C_Enable_IRQ
    stm32l0xx_hal_i2c.o(i.HAL_I2C_Slave_Seq_Receive_DMA) refers to stm32l0xx_hal_i2c.o(i.I2C_DMAAbort) for I2C_DMAAbort
    stm32l0xx_hal_i2c.o(i.HAL_I2C_Slave_Seq_Receive_DMA) refers to stm32l0xx_hal_i2c.o(i.I2C_Slave_ISR_DMA) for I2C_Slave_ISR_DMA
    stm32l0xx_hal_i2c.o(i.HAL_I2C_Slave_Seq_Receive_DMA) refers to stm32l0xx_hal_i2c.o(i.I2C_DMASlaveReceiveCplt) for I2C_DMASlaveReceiveCplt
    stm32l0xx_hal_i2c.o(i.HAL_I2C_Slave_Seq_Receive_DMA) refers to stm32l0xx_hal_i2c.o(i.I2C_DMAError) for I2C_DMAError
    stm32l0xx_hal_i2c.o(i.HAL_I2C_Slave_Seq_Receive_IT) refers to stm32l0xx_hal_i2c.o(i.I2C_Disable_IRQ) for I2C_Disable_IRQ
    stm32l0xx_hal_i2c.o(i.HAL_I2C_Slave_Seq_Receive_IT) refers to stm32l0xx_hal_dma.o(i.HAL_DMA_Abort_IT) for HAL_DMA_Abort_IT
    stm32l0xx_hal_i2c.o(i.HAL_I2C_Slave_Seq_Receive_IT) refers to stm32l0xx_hal_i2c.o(i.I2C_Enable_IRQ) for I2C_Enable_IRQ
    stm32l0xx_hal_i2c.o(i.HAL_I2C_Slave_Seq_Receive_IT) refers to stm32l0xx_hal_i2c.o(i.I2C_DMAAbort) for I2C_DMAAbort
    stm32l0xx_hal_i2c.o(i.HAL_I2C_Slave_Seq_Receive_IT) refers to stm32l0xx_hal_i2c.o(i.I2C_Slave_ISR_IT) for I2C_Slave_ISR_IT
    stm32l0xx_hal_i2c.o(i.HAL_I2C_Slave_Seq_Transmit_DMA) refers to stm32l0xx_hal_i2c.o(i.I2C_Disable_IRQ) for I2C_Disable_IRQ
    stm32l0xx_hal_i2c.o(i.HAL_I2C_Slave_Seq_Transmit_DMA) refers to stm32l0xx_hal_dma.o(i.HAL_DMA_Abort_IT) for HAL_DMA_Abort_IT
    stm32l0xx_hal_i2c.o(i.HAL_I2C_Slave_Seq_Transmit_DMA) refers to stm32l0xx_hal_dma.o(i.HAL_DMA_Start_IT) for HAL_DMA_Start_IT
    stm32l0xx_hal_i2c.o(i.HAL_I2C_Slave_Seq_Transmit_DMA) refers to stm32l0xx_hal_i2c.o(i.I2C_Enable_IRQ) for I2C_Enable_IRQ
    stm32l0xx_hal_i2c.o(i.HAL_I2C_Slave_Seq_Transmit_DMA) refers to stm32l0xx_hal_i2c.o(i.I2C_DMAAbort) for I2C_DMAAbort
    stm32l0xx_hal_i2c.o(i.HAL_I2C_Slave_Seq_Transmit_DMA) refers to stm32l0xx_hal_i2c.o(i.I2C_Slave_ISR_DMA) for I2C_Slave_ISR_DMA
    stm32l0xx_hal_i2c.o(i.HAL_I2C_Slave_Seq_Transmit_DMA) refers to stm32l0xx_hal_i2c.o(i.I2C_DMASlaveTransmitCplt) for I2C_DMASlaveTransmitCplt
    stm32l0xx_hal_i2c.o(i.HAL_I2C_Slave_Seq_Transmit_DMA) refers to stm32l0xx_hal_i2c.o(i.I2C_DMAError) for I2C_DMAError
    stm32l0xx_hal_i2c.o(i.HAL_I2C_Slave_Seq_Transmit_IT) refers to stm32l0xx_hal_i2c.o(i.I2C_Disable_IRQ) for I2C_Disable_IRQ
    stm32l0xx_hal_i2c.o(i.HAL_I2C_Slave_Seq_Transmit_IT) refers to stm32l0xx_hal_dma.o(i.HAL_DMA_Abort_IT) for HAL_DMA_Abort_IT
    stm32l0xx_hal_i2c.o(i.HAL_I2C_Slave_Seq_Transmit_IT) refers to stm32l0xx_hal_i2c.o(i.I2C_Enable_IRQ) for I2C_Enable_IRQ
    stm32l0xx_hal_i2c.o(i.HAL_I2C_Slave_Seq_Transmit_IT) refers to stm32l0xx_hal_i2c.o(i.I2C_DMAAbort) for I2C_DMAAbort
    stm32l0xx_hal_i2c.o(i.HAL_I2C_Slave_Seq_Transmit_IT) refers to stm32l0xx_hal_i2c.o(i.I2C_Slave_ISR_IT) for I2C_Slave_ISR_IT
    stm32l0xx_hal_i2c.o(i.HAL_I2C_Slave_Transmit) refers to stm32l0xx_hal.o(i.HAL_GetTick) for HAL_GetTick
    stm32l0xx_hal_i2c.o(i.HAL_I2C_Slave_Transmit) refers to stm32l0xx_hal_i2c.o(i.I2C_WaitOnFlagUntilTimeout) for I2C_WaitOnFlagUntilTimeout
    stm32l0xx_hal_i2c.o(i.HAL_I2C_Slave_Transmit) refers to stm32l0xx_hal_i2c.o(i.I2C_WaitOnTXISFlagUntilTimeout) for I2C_WaitOnTXISFlagUntilTimeout
    stm32l0xx_hal_i2c.o(i.HAL_I2C_Slave_Transmit) refers to stm32l0xx_hal_i2c.o(i.I2C_WaitOnSTOPFlagUntilTimeout) for I2C_WaitOnSTOPFlagUntilTimeout
    stm32l0xx_hal_i2c.o(i.HAL_I2C_Slave_Transmit_DMA) refers to stm32l0xx_hal_dma.o(i.HAL_DMA_Start_IT) for HAL_DMA_Start_IT
    stm32l0xx_hal_i2c.o(i.HAL_I2C_Slave_Transmit_DMA) refers to stm32l0xx_hal_i2c.o(i.I2C_Enable_IRQ) for I2C_Enable_IRQ
    stm32l0xx_hal_i2c.o(i.HAL_I2C_Slave_Transmit_DMA) refers to stm32l0xx_hal_i2c.o(i.I2C_Slave_ISR_DMA) for I2C_Slave_ISR_DMA
    stm32l0xx_hal_i2c.o(i.HAL_I2C_Slave_Transmit_DMA) refers to stm32l0xx_hal_i2c.o(i.I2C_DMASlaveTransmitCplt) for I2C_DMASlaveTransmitCplt
    stm32l0xx_hal_i2c.o(i.HAL_I2C_Slave_Transmit_DMA) refers to stm32l0xx_hal_i2c.o(i.I2C_DMAError) for I2C_DMAError
    stm32l0xx_hal_i2c.o(i.HAL_I2C_Slave_Transmit_IT) refers to stm32l0xx_hal_i2c.o(i.I2C_Enable_IRQ) for I2C_Enable_IRQ
    stm32l0xx_hal_i2c.o(i.HAL_I2C_Slave_Transmit_IT) refers to stm32l0xx_hal_i2c.o(i.I2C_Slave_ISR_IT) for I2C_Slave_ISR_IT
    stm32l0xx_hal_i2c.o(i.I2C_DMAAbort) refers to stm32l0xx_hal_i2c.o(i.HAL_I2C_ErrorCallback) for HAL_I2C_ErrorCallback
    stm32l0xx_hal_i2c.o(i.I2C_DMAAbort) refers to stm32l0xx_hal_i2c.o(i.HAL_I2C_AbortCpltCallback) for HAL_I2C_AbortCpltCallback
    stm32l0xx_hal_i2c.o(i.I2C_DMAError) refers to stm32l0xx_hal_i2c.o(i.I2C_ITError) for I2C_ITError
    stm32l0xx_hal_i2c.o(i.I2C_DMAMasterReceiveCplt) refers to stm32l0xx_hal_i2c.o(i.I2C_Enable_IRQ) for I2C_Enable_IRQ
    stm32l0xx_hal_i2c.o(i.I2C_DMAMasterReceiveCplt) refers to stm32l0xx_hal_dma.o(i.HAL_DMA_Start_IT) for HAL_DMA_Start_IT
    stm32l0xx_hal_i2c.o(i.I2C_DMAMasterReceiveCplt) refers to stm32l0xx_hal_i2c.o(i.I2C_ITError) for I2C_ITError
    stm32l0xx_hal_i2c.o(i.I2C_DMAMasterTransmitCplt) refers to stm32l0xx_hal_i2c.o(i.I2C_Enable_IRQ) for I2C_Enable_IRQ
    stm32l0xx_hal_i2c.o(i.I2C_DMAMasterTransmitCplt) refers to stm32l0xx_hal_dma.o(i.HAL_DMA_Start_IT) for HAL_DMA_Start_IT
    stm32l0xx_hal_i2c.o(i.I2C_DMAMasterTransmitCplt) refers to stm32l0xx_hal_i2c.o(i.I2C_ITError) for I2C_ITError
    stm32l0xx_hal_i2c.o(i.I2C_DMASlaveReceiveCplt) refers to stm32l0xx_hal_i2c.o(i.I2C_ITSlaveSeqCplt) for I2C_ITSlaveSeqCplt
    stm32l0xx_hal_i2c.o(i.I2C_DMASlaveTransmitCplt) refers to stm32l0xx_hal_i2c.o(i.I2C_ITSlaveSeqCplt) for I2C_ITSlaveSeqCplt
    stm32l0xx_hal_i2c.o(i.I2C_Enable_IRQ) refers to stm32l0xx_hal_i2c.o(i.I2C_Master_ISR_DMA) for I2C_Master_ISR_DMA
    stm32l0xx_hal_i2c.o(i.I2C_Enable_IRQ) refers to stm32l0xx_hal_i2c.o(i.I2C_Slave_ISR_DMA) for I2C_Slave_ISR_DMA
    stm32l0xx_hal_i2c.o(i.I2C_ITAddrCplt) refers to stm32l0xx_hal_i2c.o(i.HAL_I2C_AddrCallback) for HAL_I2C_AddrCallback
    stm32l0xx_hal_i2c.o(i.I2C_ITAddrCplt) refers to stm32l0xx_hal_i2c.o(i.I2C_Disable_IRQ) for I2C_Disable_IRQ
    stm32l0xx_hal_i2c.o(i.I2C_ITError) refers to stm32l0xx_hal_i2c.o(i.I2C_Disable_IRQ) for I2C_Disable_IRQ
    stm32l0xx_hal_i2c.o(i.I2C_ITError) refers to stm32l0xx_hal_dma.o(i.HAL_DMA_Abort_IT) for HAL_DMA_Abort_IT
    stm32l0xx_hal_i2c.o(i.I2C_ITError) refers to stm32l0xx_hal_i2c.o(i.HAL_I2C_ErrorCallback) for HAL_I2C_ErrorCallback
    stm32l0xx_hal_i2c.o(i.I2C_ITError) refers to stm32l0xx_hal_i2c.o(i.HAL_I2C_AbortCpltCallback) for HAL_I2C_AbortCpltCallback
    stm32l0xx_hal_i2c.o(i.I2C_ITError) refers to stm32l0xx_hal_i2c.o(i.I2C_DMAAbort) for I2C_DMAAbort
    stm32l0xx_hal_i2c.o(i.I2C_ITError) refers to stm32l0xx_hal_i2c.o(i.I2C_Slave_ISR_IT) for I2C_Slave_ISR_IT
    stm32l0xx_hal_i2c.o(i.I2C_ITListenCplt) refers to stm32l0xx_hal_i2c.o(i.I2C_Disable_IRQ) for I2C_Disable_IRQ
    stm32l0xx_hal_i2c.o(i.I2C_ITListenCplt) refers to stm32l0xx_hal_i2c.o(i.HAL_I2C_ListenCpltCallback) for HAL_I2C_ListenCpltCallback
    stm32l0xx_hal_i2c.o(i.I2C_ITMasterCplt) refers to stm32l0xx_hal_i2c.o(i.I2C_Flush_TXDR) for I2C_Flush_TXDR
    stm32l0xx_hal_i2c.o(i.I2C_ITMasterCplt) refers to stm32l0xx_hal_i2c.o(i.I2C_Disable_IRQ) for I2C_Disable_IRQ
    stm32l0xx_hal_i2c.o(i.I2C_ITMasterCplt) refers to stm32l0xx_hal_i2c.o(i.I2C_ITError) for I2C_ITError
    stm32l0xx_hal_i2c.o(i.I2C_ITMasterCplt) refers to stm32l0xx_hal_i2c.o(i.HAL_I2C_MasterRxCpltCallback) for HAL_I2C_MasterRxCpltCallback
    stm32l0xx_hal_i2c.o(i.I2C_ITMasterCplt) refers to stm32l0xx_hal_i2c.o(i.HAL_I2C_MasterTxCpltCallback) for HAL_I2C_MasterTxCpltCallback
    stm32l0xx_hal_i2c.o(i.I2C_ITMasterCplt) refers to stm32l0xx_hal_i2c.o(i.HAL_I2C_MemTxCpltCallback) for HAL_I2C_MemTxCpltCallback
    stm32l0xx_hal_i2c.o(i.I2C_ITMasterCplt) refers to stm32l0xx_hal_i2c.o(i.HAL_I2C_MemRxCpltCallback) for HAL_I2C_MemRxCpltCallback
    stm32l0xx_hal_i2c.o(i.I2C_ITMasterSeqCplt) refers to stm32l0xx_hal_i2c.o(i.I2C_Disable_IRQ) for I2C_Disable_IRQ
    stm32l0xx_hal_i2c.o(i.I2C_ITMasterSeqCplt) refers to stm32l0xx_hal_i2c.o(i.HAL_I2C_MasterRxCpltCallback) for HAL_I2C_MasterRxCpltCallback
    stm32l0xx_hal_i2c.o(i.I2C_ITMasterSeqCplt) refers to stm32l0xx_hal_i2c.o(i.HAL_I2C_MasterTxCpltCallback) for HAL_I2C_MasterTxCpltCallback
    stm32l0xx_hal_i2c.o(i.I2C_ITSlaveCplt) refers to stm32l0xx_hal_i2c.o(i.I2C_Disable_IRQ) for I2C_Disable_IRQ
    stm32l0xx_hal_i2c.o(i.I2C_ITSlaveCplt) refers to stm32l0xx_hal_i2c.o(i.I2C_Flush_TXDR) for I2C_Flush_TXDR
    stm32l0xx_hal_i2c.o(i.I2C_ITSlaveCplt) refers to stm32l0xx_hal_i2c.o(i.I2C_ITError) for I2C_ITError
    stm32l0xx_hal_i2c.o(i.I2C_ITSlaveCplt) refers to stm32l0xx_hal_i2c.o(i.I2C_ITListenCplt) for I2C_ITListenCplt
    stm32l0xx_hal_i2c.o(i.I2C_ITSlaveCplt) refers to stm32l0xx_hal_i2c.o(i.I2C_ITSlaveSeqCplt) for I2C_ITSlaveSeqCplt
    stm32l0xx_hal_i2c.o(i.I2C_ITSlaveCplt) refers to stm32l0xx_hal_i2c.o(i.HAL_I2C_ListenCpltCallback) for HAL_I2C_ListenCpltCallback
    stm32l0xx_hal_i2c.o(i.I2C_ITSlaveCplt) refers to stm32l0xx_hal_i2c.o(i.HAL_I2C_SlaveTxCpltCallback) for HAL_I2C_SlaveTxCpltCallback
    stm32l0xx_hal_i2c.o(i.I2C_ITSlaveCplt) refers to stm32l0xx_hal_i2c.o(i.HAL_I2C_SlaveRxCpltCallback) for HAL_I2C_SlaveRxCpltCallback
    stm32l0xx_hal_i2c.o(i.I2C_ITSlaveSeqCplt) refers to stm32l0xx_hal_i2c.o(i.I2C_Disable_IRQ) for I2C_Disable_IRQ
    stm32l0xx_hal_i2c.o(i.I2C_ITSlaveSeqCplt) refers to stm32l0xx_hal_i2c.o(i.HAL_I2C_SlaveRxCpltCallback) for HAL_I2C_SlaveRxCpltCallback
    stm32l0xx_hal_i2c.o(i.I2C_ITSlaveSeqCplt) refers to stm32l0xx_hal_i2c.o(i.HAL_I2C_SlaveTxCpltCallback) for HAL_I2C_SlaveTxCpltCallback
    stm32l0xx_hal_i2c.o(i.I2C_IsAcknowledgeFailed) refers to stm32l0xx_hal.o(i.HAL_GetTick) for HAL_GetTick
    stm32l0xx_hal_i2c.o(i.I2C_IsAcknowledgeFailed) refers to stm32l0xx_hal_i2c.o(i.I2C_Flush_TXDR) for I2C_Flush_TXDR
    stm32l0xx_hal_i2c.o(i.I2C_Master_ISR_DMA) refers to stm32l0xx_hal_i2c.o(i.I2C_Enable_IRQ) for I2C_Enable_IRQ
    stm32l0xx_hal_i2c.o(i.I2C_Master_ISR_DMA) refers to stm32l0xx_hal_i2c.o(i.I2C_Flush_TXDR) for I2C_Flush_TXDR
    stm32l0xx_hal_i2c.o(i.I2C_Master_ISR_DMA) refers to stm32l0xx_hal_i2c.o(i.I2C_TransferConfig) for I2C_TransferConfig
    stm32l0xx_hal_i2c.o(i.I2C_Master_ISR_DMA) refers to stm32l0xx_hal_i2c.o(i.I2C_ITError) for I2C_ITError
    stm32l0xx_hal_i2c.o(i.I2C_Master_ISR_DMA) refers to stm32l0xx_hal_i2c.o(i.I2C_ITMasterSeqCplt) for I2C_ITMasterSeqCplt
    stm32l0xx_hal_i2c.o(i.I2C_Master_ISR_DMA) refers to stm32l0xx_hal_i2c.o(i.I2C_ITMasterCplt) for I2C_ITMasterCplt
    stm32l0xx_hal_i2c.o(i.I2C_Master_ISR_IT) refers to stm32l0xx_hal_i2c.o(i.I2C_Flush_TXDR) for I2C_Flush_TXDR
    stm32l0xx_hal_i2c.o(i.I2C_Master_ISR_IT) refers to stm32l0xx_hal_i2c.o(i.I2C_TransferConfig) for I2C_TransferConfig
    stm32l0xx_hal_i2c.o(i.I2C_Master_ISR_IT) refers to stm32l0xx_hal_i2c.o(i.I2C_ITError) for I2C_ITError
    stm32l0xx_hal_i2c.o(i.I2C_Master_ISR_IT) refers to stm32l0xx_hal_i2c.o(i.I2C_ITMasterCplt) for I2C_ITMasterCplt
    stm32l0xx_hal_i2c.o(i.I2C_Master_ISR_IT) refers to stm32l0xx_hal_i2c.o(i.I2C_ITMasterSeqCplt) for I2C_ITMasterSeqCplt
    stm32l0xx_hal_i2c.o(i.I2C_RequestMemoryRead) refers to stm32l0xx_hal_i2c.o(i.I2C_TransferConfig) for I2C_TransferConfig
    stm32l0xx_hal_i2c.o(i.I2C_RequestMemoryRead) refers to stm32l0xx_hal_i2c.o(i.I2C_WaitOnTXISFlagUntilTimeout) for I2C_WaitOnTXISFlagUntilTimeout
    stm32l0xx_hal_i2c.o(i.I2C_RequestMemoryRead) refers to stm32l0xx_hal_i2c.o(i.I2C_WaitOnFlagUntilTimeout) for I2C_WaitOnFlagUntilTimeout
    stm32l0xx_hal_i2c.o(i.I2C_RequestMemoryWrite) refers to stm32l0xx_hal_i2c.o(i.I2C_TransferConfig) for I2C_TransferConfig
    stm32l0xx_hal_i2c.o(i.I2C_RequestMemoryWrite) refers to stm32l0xx_hal_i2c.o(i.I2C_WaitOnTXISFlagUntilTimeout) for I2C_WaitOnTXISFlagUntilTimeout
    stm32l0xx_hal_i2c.o(i.I2C_RequestMemoryWrite) refers to stm32l0xx_hal_i2c.o(i.I2C_WaitOnFlagUntilTimeout) for I2C_WaitOnFlagUntilTimeout
    stm32l0xx_hal_i2c.o(i.I2C_Slave_ISR_DMA) refers to stm32l0xx_hal_i2c.o(i.I2C_ITListenCplt) for I2C_ITListenCplt
    stm32l0xx_hal_i2c.o(i.I2C_Slave_ISR_DMA) refers to stm32l0xx_hal_i2c.o(i.I2C_Flush_TXDR) for I2C_Flush_TXDR
    stm32l0xx_hal_i2c.o(i.I2C_Slave_ISR_DMA) refers to stm32l0xx_hal_i2c.o(i.I2C_ITSlaveSeqCplt) for I2C_ITSlaveSeqCplt
    stm32l0xx_hal_i2c.o(i.I2C_Slave_ISR_DMA) refers to stm32l0xx_hal_i2c.o(i.I2C_ITError) for I2C_ITError
    stm32l0xx_hal_i2c.o(i.I2C_Slave_ISR_DMA) refers to stm32l0xx_hal_i2c.o(i.I2C_ITAddrCplt) for I2C_ITAddrCplt
    stm32l0xx_hal_i2c.o(i.I2C_Slave_ISR_DMA) refers to stm32l0xx_hal_i2c.o(i.I2C_ITSlaveCplt) for I2C_ITSlaveCplt
    stm32l0xx_hal_i2c.o(i.I2C_Slave_ISR_IT) refers to stm32l0xx_hal_i2c.o(i.I2C_ITError) for I2C_ITError
    stm32l0xx_hal_i2c.o(i.I2C_Slave_ISR_IT) refers to stm32l0xx_hal_i2c.o(i.I2C_ITListenCplt) for I2C_ITListenCplt
    stm32l0xx_hal_i2c.o(i.I2C_Slave_ISR_IT) refers to stm32l0xx_hal_i2c.o(i.I2C_Flush_TXDR) for I2C_Flush_TXDR
    stm32l0xx_hal_i2c.o(i.I2C_Slave_ISR_IT) refers to stm32l0xx_hal_i2c.o(i.I2C_ITAddrCplt) for I2C_ITAddrCplt
    stm32l0xx_hal_i2c.o(i.I2C_Slave_ISR_IT) refers to stm32l0xx_hal_i2c.o(i.I2C_ITSlaveSeqCplt) for I2C_ITSlaveSeqCplt
    stm32l0xx_hal_i2c.o(i.I2C_Slave_ISR_IT) refers to stm32l0xx_hal_i2c.o(i.I2C_ITSlaveCplt) for I2C_ITSlaveCplt
    stm32l0xx_hal_i2c.o(i.I2C_WaitOnFlagUntilTimeout) refers to stm32l0xx_hal.o(i.HAL_GetTick) for HAL_GetTick
    stm32l0xx_hal_i2c.o(i.I2C_WaitOnRXNEFlagUntilTimeout) refers to stm32l0xx_hal_i2c.o(i.I2C_IsAcknowledgeFailed) for I2C_IsAcknowledgeFailed
    stm32l0xx_hal_i2c.o(i.I2C_WaitOnRXNEFlagUntilTimeout) refers to stm32l0xx_hal.o(i.HAL_GetTick) for HAL_GetTick
    stm32l0xx_hal_i2c.o(i.I2C_WaitOnSTOPFlagUntilTimeout) refers to stm32l0xx_hal_i2c.o(i.I2C_IsAcknowledgeFailed) for I2C_IsAcknowledgeFailed
    stm32l0xx_hal_i2c.o(i.I2C_WaitOnSTOPFlagUntilTimeout) refers to stm32l0xx_hal.o(i.HAL_GetTick) for HAL_GetTick
    stm32l0xx_hal_i2c.o(i.I2C_WaitOnTXISFlagUntilTimeout) refers to stm32l0xx_hal_i2c.o(i.I2C_IsAcknowledgeFailed) for I2C_IsAcknowledgeFailed
    stm32l0xx_hal_i2c.o(i.I2C_WaitOnTXISFlagUntilTimeout) refers to stm32l0xx_hal.o(i.HAL_GetTick) for HAL_GetTick
    stm32l0xx_hal_rcc.o(i.HAL_RCC_ClockConfig) refers to stm32l0xx_hal.o(i.HAL_GetTick) for HAL_GetTick
    stm32l0xx_hal_rcc.o(i.HAL_RCC_ClockConfig) refers to stm32l0xx_hal_rcc.o(i.HAL_RCC_GetSysClockFreq) for HAL_RCC_GetSysClockFreq
    stm32l0xx_hal_rcc.o(i.HAL_RCC_ClockConfig) refers to stm32l0xx_hal.o(i.HAL_InitTick) for HAL_InitTick
    stm32l0xx_hal_rcc.o(i.HAL_RCC_ClockConfig) refers to system_stm32l0xx.o(.constdata) for AHBPrescTable
    stm32l0xx_hal_rcc.o(i.HAL_RCC_ClockConfig) refers to system_stm32l0xx.o(.data) for SystemCoreClock
    stm32l0xx_hal_rcc.o(i.HAL_RCC_DeInit) refers to stm32l0xx_hal.o(i.HAL_GetTick) for HAL_GetTick
    stm32l0xx_hal_rcc.o(i.HAL_RCC_DeInit) refers to stm32l0xx_hal.o(i.HAL_InitTick) for HAL_InitTick
    stm32l0xx_hal_rcc.o(i.HAL_RCC_DeInit) refers to system_stm32l0xx.o(.data) for SystemCoreClock
    stm32l0xx_hal_rcc.o(i.HAL_RCC_GetHCLKFreq) refers to system_stm32l0xx.o(.data) for SystemCoreClock
    stm32l0xx_hal_rcc.o(i.HAL_RCC_GetPCLK1Freq) refers to system_stm32l0xx.o(.data) for SystemCoreClock
    stm32l0xx_hal_rcc.o(i.HAL_RCC_GetPCLK1Freq) refers to system_stm32l0xx.o(.constdata) for APBPrescTable
    stm32l0xx_hal_rcc.o(i.HAL_RCC_GetPCLK2Freq) refers to system_stm32l0xx.o(.data) for SystemCoreClock
    stm32l0xx_hal_rcc.o(i.HAL_RCC_GetPCLK2Freq) refers to system_stm32l0xx.o(.constdata) for APBPrescTable
    stm32l0xx_hal_rcc.o(i.HAL_RCC_GetSysClockFreq) refers to uidiv.o(.text) for __aeabi_uidivmod
    stm32l0xx_hal_rcc.o(i.HAL_RCC_GetSysClockFreq) refers to system_stm32l0xx.o(.constdata) for PLLMulTable
    stm32l0xx_hal_rcc.o(i.HAL_RCC_MCOConfig) refers to memseta.o(.text) for __aeabi_memclr4
    stm32l0xx_hal_rcc.o(i.HAL_RCC_MCOConfig) refers to stm32l0xx_hal_gpio.o(i.HAL_GPIO_Init) for HAL_GPIO_Init
    stm32l0xx_hal_rcc.o(i.HAL_RCC_NMI_IRQHandler) refers to stm32l0xx_hal_rcc.o(i.HAL_RCC_CSSCallback) for HAL_RCC_CSSCallback
    stm32l0xx_hal_rcc.o(i.HAL_RCC_OscConfig) refers to stm32l0xx_hal.o(i.HAL_GetTick) for HAL_GetTick
    stm32l0xx_hal_rcc.o(i.HAL_RCC_OscConfig) refers to stm32l0xx_hal_rcc.o(i.HAL_RCC_GetSysClockFreq) for HAL_RCC_GetSysClockFreq
    stm32l0xx_hal_rcc.o(i.HAL_RCC_OscConfig) refers to stm32l0xx_hal.o(i.HAL_InitTick) for HAL_InitTick
    stm32l0xx_hal_rcc.o(i.HAL_RCC_OscConfig) refers to system_stm32l0xx.o(.constdata) for AHBPrescTable
    stm32l0xx_hal_rcc.o(i.HAL_RCC_OscConfig) refers to system_stm32l0xx.o(.data) for SystemCoreClock
    stm32l0xx_hal_rcc_ex.o(i.HAL_RCCEx_GetPeriphCLKFreq) refers to stm32l0xx_hal_rcc.o(i.HAL_RCC_GetPCLK2Freq) for HAL_RCC_GetPCLK2Freq
    stm32l0xx_hal_rcc_ex.o(i.HAL_RCCEx_GetPeriphCLKFreq) refers to stm32l0xx_hal_rcc.o(i.HAL_RCC_GetSysClockFreq) for HAL_RCC_GetSysClockFreq
    stm32l0xx_hal_rcc_ex.o(i.HAL_RCCEx_GetPeriphCLKFreq) refers to stm32l0xx_hal_rcc.o(i.HAL_RCC_GetPCLK1Freq) for HAL_RCC_GetPCLK1Freq
    stm32l0xx_hal_rcc_ex.o(i.HAL_RCCEx_LSECSS_IRQHandler) refers to stm32l0xx_hal_rcc_ex.o(i.HAL_RCCEx_LSECSS_Callback) for HAL_RCCEx_LSECSS_Callback
    stm32l0xx_hal_rcc_ex.o(i.HAL_RCCEx_PeriphCLKConfig) refers to stm32l0xx_hal.o(i.HAL_GetTick) for HAL_GetTick
    stm32l0xx_hal_flash_ramfunc.o(i.FLASHRAM_SetErrorCode) refers to stm32l0xx_hal_flash.o(.bss) for pFlash
    stm32l0xx_hal_flash_ramfunc.o(i.FLASHRAM_WaitForLastOperation) refers to stm32l0xx_hal_flash_ramfunc.o(i.FLASHRAM_SetErrorCode) for FLASHRAM_SetErrorCode
    stm32l0xx_hal_flash_ramfunc.o(i.HAL_FLASHEx_GetError) refers to stm32l0xx_hal_flash.o(.bss) for pFlash
    stm32l0xx_hal_flash_ramfunc.o(i.HAL_FLASHEx_HalfPageProgram) refers to stm32l0xx_hal_flash_ramfunc.o(i.FLASHRAM_WaitForLastOperation) for FLASHRAM_WaitForLastOperation
    stm32l0xx_hal_flash.o(i.FLASH_SetErrorCode) refers to stm32l0xx_hal_flash.o(.bss) for .bss
    stm32l0xx_hal_flash.o(i.FLASH_WaitForLastOperation) refers to stm32l0xx_hal.o(i.HAL_GetTick) for HAL_GetTick
    stm32l0xx_hal_flash.o(i.FLASH_WaitForLastOperation) refers to stm32l0xx_hal_flash.o(i.FLASH_SetErrorCode) for FLASH_SetErrorCode
    stm32l0xx_hal_flash.o(i.HAL_FLASH_GetError) refers to stm32l0xx_hal_flash.o(.bss) for .bss
    stm32l0xx_hal_flash.o(i.HAL_FLASH_IRQHandler) refers to stm32l0xx_hal_flash.o(i.FLASH_SetErrorCode) for FLASH_SetErrorCode
    stm32l0xx_hal_flash.o(i.HAL_FLASH_IRQHandler) refers to stm32l0xx_hal_flash.o(i.HAL_FLASH_OperationErrorCallback) for HAL_FLASH_OperationErrorCallback
    stm32l0xx_hal_flash.o(i.HAL_FLASH_IRQHandler) refers to stm32l0xx_hal_flash.o(i.HAL_FLASH_EndOfOperationCallback) for HAL_FLASH_EndOfOperationCallback
    stm32l0xx_hal_flash.o(i.HAL_FLASH_IRQHandler) refers to stm32l0xx_hal_flash_ex.o(i.FLASH_PageErase) for FLASH_PageErase
    stm32l0xx_hal_flash.o(i.HAL_FLASH_IRQHandler) refers to stm32l0xx_hal_flash.o(.bss) for .bss
    stm32l0xx_hal_flash.o(i.HAL_FLASH_OB_Launch) refers to stm32l0xx_hal_flash.o(i.FLASH_WaitForLastOperation) for FLASH_WaitForLastOperation
    stm32l0xx_hal_flash.o(i.HAL_FLASH_Program) refers to stm32l0xx_hal_flash.o(i.FLASH_WaitForLastOperation) for FLASH_WaitForLastOperation
    stm32l0xx_hal_flash.o(i.HAL_FLASH_Program) refers to stm32l0xx_hal_flash.o(.bss) for .bss
    stm32l0xx_hal_flash.o(i.HAL_FLASH_Program_IT) refers to stm32l0xx_hal_flash.o(.bss) for .bss
    stm32l0xx_hal_flash_ex.o(i.FLASH_OB_ProtectedSectorsConfig) refers to stm32l0xx_hal_flash.o(i.FLASH_WaitForLastOperation) for FLASH_WaitForLastOperation
    stm32l0xx_hal_flash_ex.o(i.FLASH_OB_ProtectedSectorsConfig) refers to stm32l0xx_hal_flash.o(.bss) for pFlash
    stm32l0xx_hal_flash_ex.o(i.FLASH_PageErase) refers to stm32l0xx_hal_flash.o(.bss) for pFlash
    stm32l0xx_hal_flash_ex.o(i.HAL_FLASHEx_AdvOBProgram) refers to stm32l0xx_hal_flash_ex.o(i.FLASH_OB_ProtectedSectorsConfig) for FLASH_OB_ProtectedSectorsConfig
    stm32l0xx_hal_flash_ex.o(i.HAL_FLASHEx_DATAEEPROM_Erase) refers to stm32l0xx_hal_flash.o(i.FLASH_WaitForLastOperation) for FLASH_WaitForLastOperation
    stm32l0xx_hal_flash_ex.o(i.HAL_FLASHEx_DATAEEPROM_Erase) refers to stm32l0xx_hal_flash.o(.bss) for pFlash
    stm32l0xx_hal_flash_ex.o(i.HAL_FLASHEx_DATAEEPROM_Program) refers to stm32l0xx_hal_flash.o(i.FLASH_WaitForLastOperation) for FLASH_WaitForLastOperation
    stm32l0xx_hal_flash_ex.o(i.HAL_FLASHEx_DATAEEPROM_Program) refers to stm32l0xx_hal_flash.o(.bss) for pFlash
    stm32l0xx_hal_flash_ex.o(i.HAL_FLASHEx_Erase) refers to stm32l0xx_hal_flash.o(i.FLASH_WaitForLastOperation) for FLASH_WaitForLastOperation
    stm32l0xx_hal_flash_ex.o(i.HAL_FLASHEx_Erase) refers to stm32l0xx_hal_flash_ex.o(i.FLASH_PageErase) for FLASH_PageErase
    stm32l0xx_hal_flash_ex.o(i.HAL_FLASHEx_Erase) refers to stm32l0xx_hal_flash.o(.bss) for pFlash
    stm32l0xx_hal_flash_ex.o(i.HAL_FLASHEx_Erase_IT) refers to stm32l0xx_hal_flash.o(i.FLASH_WaitForLastOperation) for FLASH_WaitForLastOperation
    stm32l0xx_hal_flash_ex.o(i.HAL_FLASHEx_Erase_IT) refers to stm32l0xx_hal_flash_ex.o(i.FLASH_PageErase) for FLASH_PageErase
    stm32l0xx_hal_flash_ex.o(i.HAL_FLASHEx_Erase_IT) refers to stm32l0xx_hal_flash.o(.bss) for pFlash
    stm32l0xx_hal_flash_ex.o(i.HAL_FLASHEx_OBProgram) refers to stm32l0xx_hal_flash_ex.o(i.FLASH_OB_ProtectedSectorsConfig) for FLASH_OB_ProtectedSectorsConfig
    stm32l0xx_hal_flash_ex.o(i.HAL_FLASHEx_OBProgram) refers to stm32l0xx_hal_flash.o(i.FLASH_WaitForLastOperation) for FLASH_WaitForLastOperation
    stm32l0xx_hal_flash_ex.o(i.HAL_FLASHEx_OBProgram) refers to stm32l0xx_hal_flash.o(.bss) for pFlash
    stm32l0xx_hal_flash_ex.o(i.HAL_FLASHEx_OB_DeSelectPCROP) refers to stm32l0xx_hal_flash.o(i.FLASH_WaitForLastOperation) for FLASH_WaitForLastOperation
    stm32l0xx_hal_flash_ex.o(i.HAL_FLASHEx_OB_DeSelectPCROP) refers to stm32l0xx_hal_flash.o(.bss) for pFlash
    stm32l0xx_hal_flash_ex.o(i.HAL_FLASHEx_OB_SelectPCROP) refers to stm32l0xx_hal_flash.o(i.FLASH_WaitForLastOperation) for FLASH_WaitForLastOperation
    stm32l0xx_hal_flash_ex.o(i.HAL_FLASHEx_OB_SelectPCROP) refers to stm32l0xx_hal_flash.o(.bss) for pFlash
    stm32l0xx_hal_gpio.o(i.HAL_GPIO_EXTI_IRQHandler) refers to stm32l0xx_hal_gpio.o(i.HAL_GPIO_EXTI_Callback) for HAL_GPIO_EXTI_Callback
    stm32l0xx_hal_dma.o(i.HAL_DMA_DeInit) refers to uidiv.o(.text) for __aeabi_uidivmod
    stm32l0xx_hal_dma.o(i.HAL_DMA_Init) refers to uidiv.o(.text) for __aeabi_uidivmod
    stm32l0xx_hal_dma.o(i.HAL_DMA_PollForTransfer) refers to stm32l0xx_hal.o(i.HAL_GetTick) for HAL_GetTick
    stm32l0xx_hal_dma.o(i.HAL_DMA_Start) refers to stm32l0xx_hal_dma.o(i.DMA_SetConfig) for DMA_SetConfig
    stm32l0xx_hal_dma.o(i.HAL_DMA_Start_IT) refers to stm32l0xx_hal_dma.o(i.DMA_SetConfig) for DMA_SetConfig
    stm32l0xx_hal_dma.o(i.HAL_DMA_UnRegisterCallback) refers to stm32l0xx_hal_dma.o(i.__ARM_common_switch8) for __ARM_common_switch8
    stm32l0xx_hal_pwr.o(i.HAL_PWR_PVD_IRQHandler) refers to stm32l0xx_hal_pwr.o(i.HAL_PWR_PVDCallback) for HAL_PWR_PVDCallback
    stm32l0xx_hal_pwr_ex.o(i.HAL_PWREx_DisableLowPowerRunMode) refers to uidiv.o(.text) for __aeabi_uidivmod
    stm32l0xx_hal_pwr_ex.o(i.HAL_PWREx_DisableLowPowerRunMode) refers to system_stm32l0xx.o(.data) for SystemCoreClock
    stm32l0xx_hal_cortex.o(i.HAL_NVIC_SetPriority) refers to stm32l0xx_hal_cortex.o(i.NVIC_SetPriority) for NVIC_SetPriority
    stm32l0xx_hal_cortex.o(i.HAL_SYSTICK_Config) refers to stm32l0xx_hal_cortex.o(i.NVIC_SetPriority) for NVIC_SetPriority
    stm32l0xx_hal_cortex.o(i.HAL_SYSTICK_IRQHandler) refers to stm32l0xx_hal_cortex.o(i.HAL_SYSTICK_Callback) for HAL_SYSTICK_Callback
    system_stm32l0xx.o(i.SystemCoreClockUpdate) refers to uidiv.o(.text) for __aeabi_uidivmod
    system_stm32l0xx.o(i.SystemCoreClockUpdate) refers to system_stm32l0xx.o(.data) for .data
    system_stm32l0xx.o(i.SystemCoreClockUpdate) refers to system_stm32l0xx.o(.constdata) for .constdata
    entry.o(.ARM.Collect$$$$00000000) refers (Special) to entry10a.o(.ARM.Collect$$$$0000000D) for __rt_final_cpp
    entry.o(.ARM.Collect$$$$00000000) refers (Special) to entry11a.o(.ARM.Collect$$$$0000000F) for __rt_final_exit
    entry.o(.ARM.Collect$$$$00000000) refers (Special) to entry7b.o(.ARM.Collect$$$$00000008) for _main_clock
    entry.o(.ARM.Collect$$$$00000000) refers (Special) to entry8b.o(.ARM.Collect$$$$0000000A) for _main_cpp_init
    entry.o(.ARM.Collect$$$$00000000) refers (Special) to entry9a.o(.ARM.Collect$$$$0000000B) for _main_init
    entry.o(.ARM.Collect$$$$00000000) refers (Special) to entry5.o(.ARM.Collect$$$$00000004) for _main_scatterload
    entry.o(.ARM.Collect$$$$00000000) refers (Special) to entry2.o(.ARM.Collect$$$$00000001) for _main_stk
    entry2.o(.ARM.Collect$$$$00000001) refers to entry2.o(.ARM.Collect$$$$00002712) for __lit__00000000
    entry2.o(.ARM.Collect$$$$00002712) refers to startup_stm32l051xx.o(STACK) for __initial_sp
    entry2.o(__vectab_stack_and_reset_area) refers to startup_stm32l051xx.o(STACK) for __initial_sp
    entry2.o(__vectab_stack_and_reset_area) refers to entry.o(.ARM.Collect$$$$00000000) for __main
    entry5.o(.ARM.Collect$$$$00000004) refers to init.o(.text) for __scatterload
    entry9a.o(.ARM.Collect$$$$0000000B) refers to main.o(i.main) for main
    entry9b.o(.ARM.Collect$$$$0000000C) refers to main.o(i.main) for main
    init.o(.text) refers to entry5.o(.ARM.Collect$$$$00000004) for __main_after_scatterload


==============================================================================

Removing Unused input sections from the image.

    Removing startup_stm32l051xx.o(HEAP), (512 bytes).
    Removing main.o(.rev16_text), (4 bytes).
    Removing main.o(.revsh_text), (4 bytes).
    Removing gpio.o(.rev16_text), (4 bytes).
    Removing gpio.o(.revsh_text), (4 bytes).
    Removing rtc.o(.rev16_text), (4 bytes).
    Removing rtc.o(.revsh_text), (4 bytes).
    Removing rtc.o(i.HAL_RTC_MspDeInit), (40 bytes).
    Removing stm32l0xx_it.o(.rev16_text), (4 bytes).
    Removing stm32l0xx_it.o(.revsh_text), (4 bytes).
    Removing stm32l0xx_hal_msp.o(.rev16_text), (4 bytes).
    Removing stm32l0xx_hal_msp.o(.revsh_text), (4 bytes).
    Removing stm32l0xx_hal_rtc.o(.rev16_text), (4 bytes).
    Removing stm32l0xx_hal_rtc.o(.revsh_text), (4 bytes).
    Removing stm32l0xx_hal_rtc.o(i.HAL_RTC_AlarmAEventCallback), (2 bytes).
    Removing stm32l0xx_hal_rtc.o(i.HAL_RTC_AlarmIRQHandler), (96 bytes).
    Removing stm32l0xx_hal_rtc.o(i.HAL_RTC_DeInit), (212 bytes).
    Removing stm32l0xx_hal_rtc.o(i.HAL_RTC_DeactivateAlarm), (184 bytes).
    Removing stm32l0xx_hal_rtc.o(i.HAL_RTC_GetAlarm), (140 bytes).
    Removing stm32l0xx_hal_rtc.o(i.HAL_RTC_GetDate), (68 bytes).
    Removing stm32l0xx_hal_rtc.o(i.HAL_RTC_GetState), (6 bytes).
    Removing stm32l0xx_hal_rtc.o(i.HAL_RTC_GetTime), (92 bytes).
    Removing stm32l0xx_hal_rtc.o(i.HAL_RTC_MspDeInit), (2 bytes).
    Removing stm32l0xx_hal_rtc.o(i.HAL_RTC_MspInit), (2 bytes).
    Removing stm32l0xx_hal_rtc.o(i.HAL_RTC_PollForAlarmAEvent), (72 bytes).
    Removing stm32l0xx_hal_rtc.o(i.HAL_RTC_SetAlarm), (348 bytes).
    Removing stm32l0xx_hal_rtc.o(i.HAL_RTC_SetAlarm_IT), (400 bytes).
    Removing stm32l0xx_hal_rtc.o(i.RTC_Bcd2ToByte), (16 bytes).
    Removing stm32l0xx_hal_rtc_ex.o(.rev16_text), (4 bytes).
    Removing stm32l0xx_hal_rtc_ex.o(.revsh_text), (4 bytes).
    Removing stm32l0xx_hal_rtc_ex.o(i.HAL_RTCEx_AlarmBEventCallback), (2 bytes).
    Removing stm32l0xx_hal_rtc_ex.o(i.HAL_RTCEx_BKUPRead), (12 bytes).
    Removing stm32l0xx_hal_rtc_ex.o(i.HAL_RTCEx_BKUPWrite), (12 bytes).
    Removing stm32l0xx_hal_rtc_ex.o(i.HAL_RTCEx_DeactivateCalibrationOutPut), (60 bytes).
    Removing stm32l0xx_hal_rtc_ex.o(i.HAL_RTCEx_DeactivateRefClock), (98 bytes).
    Removing stm32l0xx_hal_rtc_ex.o(i.HAL_RTCEx_DeactivateTamper), (76 bytes).
    Removing stm32l0xx_hal_rtc_ex.o(i.HAL_RTCEx_DeactivateTimeStamp), (76 bytes).
    Removing stm32l0xx_hal_rtc_ex.o(i.HAL_RTCEx_DeactivateWakeUpTimer), (122 bytes).
    Removing stm32l0xx_hal_rtc_ex.o(i.HAL_RTCEx_DisableBypassShadow), (60 bytes).
    Removing stm32l0xx_hal_rtc_ex.o(i.HAL_RTCEx_EnableBypassShadow), (60 bytes).
    Removing stm32l0xx_hal_rtc_ex.o(i.HAL_RTCEx_GetTimeStamp), (160 bytes).
    Removing stm32l0xx_hal_rtc_ex.o(i.HAL_RTCEx_GetWakeUpTimer), (8 bytes).
    Removing stm32l0xx_hal_rtc_ex.o(i.HAL_RTCEx_PollForAlarmBEvent), (76 bytes).
    Removing stm32l0xx_hal_rtc_ex.o(i.HAL_RTCEx_PollForTamper1Event), (76 bytes).
    Removing stm32l0xx_hal_rtc_ex.o(i.HAL_RTCEx_PollForTamper2Event), (76 bytes).
    Removing stm32l0xx_hal_rtc_ex.o(i.HAL_RTCEx_PollForTimeStampEvent), (88 bytes).
    Removing stm32l0xx_hal_rtc_ex.o(i.HAL_RTCEx_PollForWakeUpTimerEvent), (76 bytes).
    Removing stm32l0xx_hal_rtc_ex.o(i.HAL_RTCEx_SetCalibrationOutPut), (78 bytes).
    Removing stm32l0xx_hal_rtc_ex.o(i.HAL_RTCEx_SetRefClock), (98 bytes).
    Removing stm32l0xx_hal_rtc_ex.o(i.HAL_RTCEx_SetSmoothCalib), (126 bytes).
    Removing stm32l0xx_hal_rtc_ex.o(i.HAL_RTCEx_SetSynchroShift), (152 bytes).
    Removing stm32l0xx_hal_rtc_ex.o(i.HAL_RTCEx_SetTamper), (180 bytes).
    Removing stm32l0xx_hal_rtc_ex.o(i.HAL_RTCEx_SetTamper_IT), (208 bytes).
    Removing stm32l0xx_hal_rtc_ex.o(i.HAL_RTCEx_SetTimeStamp), (108 bytes).
    Removing stm32l0xx_hal_rtc_ex.o(i.HAL_RTCEx_SetTimeStamp_IT), (140 bytes).
    Removing stm32l0xx_hal_rtc_ex.o(i.HAL_RTCEx_SetWakeUpTimer), (196 bytes).
    Removing stm32l0xx_hal_rtc_ex.o(i.HAL_RTCEx_Tamper1EventCallback), (2 bytes).
    Removing stm32l0xx_hal_rtc_ex.o(i.HAL_RTCEx_Tamper2EventCallback), (2 bytes).
    Removing stm32l0xx_hal_rtc_ex.o(i.HAL_RTCEx_TamperTimeStampIRQHandler), (148 bytes).
    Removing stm32l0xx_hal_rtc_ex.o(i.HAL_RTCEx_TimeStampEventCallback), (2 bytes).
    Removing stm32l0xx_hal_tim.o(.rev16_text), (4 bytes).
    Removing stm32l0xx_hal_tim.o(.revsh_text), (4 bytes).
    Removing stm32l0xx_hal_tim_ex.o(.rev16_text), (4 bytes).
    Removing stm32l0xx_hal_tim_ex.o(.revsh_text), (4 bytes).
    Removing stm32l0xx_hal.o(.rev16_text), (4 bytes).
    Removing stm32l0xx_hal.o(.revsh_text), (4 bytes).
    Removing stm32l0xx_hal.o(i.HAL_DBGMCU_DBG_DisableLowPowerConfig), (16 bytes).
    Removing stm32l0xx_hal.o(i.HAL_DBGMCU_DBG_EnableLowPowerConfig), (16 bytes).
    Removing stm32l0xx_hal.o(i.HAL_DBGMCU_DisableDBGSleepMode), (16 bytes).
    Removing stm32l0xx_hal.o(i.HAL_DBGMCU_DisableDBGStandbyMode), (16 bytes).
    Removing stm32l0xx_hal.o(i.HAL_DBGMCU_DisableDBGStopMode), (16 bytes).
    Removing stm32l0xx_hal.o(i.HAL_DBGMCU_EnableDBGSleepMode), (16 bytes).
    Removing stm32l0xx_hal.o(i.HAL_DBGMCU_EnableDBGStandbyMode), (16 bytes).
    Removing stm32l0xx_hal.o(i.HAL_DBGMCU_EnableDBGStopMode), (16 bytes).
    Removing stm32l0xx_hal.o(i.HAL_DeInit), (40 bytes).
    Removing stm32l0xx_hal.o(i.HAL_Delay), (28 bytes).
    Removing stm32l0xx_hal.o(i.HAL_GetDEVID), (16 bytes).
    Removing stm32l0xx_hal.o(i.HAL_GetHalVersion), (8 bytes).
    Removing stm32l0xx_hal.o(i.HAL_GetREVID), (12 bytes).
    Removing stm32l0xx_hal.o(i.HAL_GetUIDw0), (12 bytes).
    Removing stm32l0xx_hal.o(i.HAL_GetUIDw1), (12 bytes).
    Removing stm32l0xx_hal.o(i.HAL_GetUIDw2), (12 bytes).
    Removing stm32l0xx_hal.o(i.HAL_MspDeInit), (2 bytes).
    Removing stm32l0xx_hal.o(i.HAL_MspInit), (2 bytes).
    Removing stm32l0xx_hal.o(i.HAL_ResumeTick), (16 bytes).
    Removing stm32l0xx_hal.o(i.HAL_SYSCFG_Disable_Lock_VREFINT), (16 bytes).
    Removing stm32l0xx_hal.o(i.HAL_SYSCFG_Enable_Lock_VREFINT), (16 bytes).
    Removing stm32l0xx_hal.o(i.HAL_SYSCFG_GetBootMode), (16 bytes).
    Removing stm32l0xx_hal.o(i.HAL_SYSCFG_VREFINT_OutputSelect), (24 bytes).
    Removing stm32l0xx_hal.o(i.HAL_SuspendTick), (16 bytes).
    Removing stm32l0xx_hal_i2c.o(.rev16_text), (4 bytes).
    Removing stm32l0xx_hal_i2c.o(.revsh_text), (4 bytes).
    Removing stm32l0xx_hal_i2c.o(i.HAL_I2C_AbortCpltCallback), (2 bytes).
    Removing stm32l0xx_hal_i2c.o(i.HAL_I2C_AddrCallback), (2 bytes).
    Removing stm32l0xx_hal_i2c.o(i.HAL_I2C_DeInit), (52 bytes).
    Removing stm32l0xx_hal_i2c.o(i.HAL_I2C_DisableListen_IT), (48 bytes).
    Removing stm32l0xx_hal_i2c.o(i.HAL_I2C_ER_IRQHandler), (94 bytes).
    Removing stm32l0xx_hal_i2c.o(i.HAL_I2C_EV_IRQHandler), (16 bytes).
    Removing stm32l0xx_hal_i2c.o(i.HAL_I2C_EnableListen_IT), (40 bytes).
    Removing stm32l0xx_hal_i2c.o(i.HAL_I2C_ErrorCallback), (2 bytes).
    Removing stm32l0xx_hal_i2c.o(i.HAL_I2C_GetError), (4 bytes).
    Removing stm32l0xx_hal_i2c.o(i.HAL_I2C_GetMode), (6 bytes).
    Removing stm32l0xx_hal_i2c.o(i.HAL_I2C_GetState), (6 bytes).
    Removing stm32l0xx_hal_i2c.o(i.HAL_I2C_Init), (180 bytes).
    Removing stm32l0xx_hal_i2c.o(i.HAL_I2C_IsDeviceReady), (288 bytes).
    Removing stm32l0xx_hal_i2c.o(i.HAL_I2C_ListenCpltCallback), (2 bytes).
    Removing stm32l0xx_hal_i2c.o(i.HAL_I2C_MasterRxCpltCallback), (2 bytes).
    Removing stm32l0xx_hal_i2c.o(i.HAL_I2C_MasterTxCpltCallback), (2 bytes).
    Removing stm32l0xx_hal_i2c.o(i.HAL_I2C_Master_Abort_IT), (92 bytes).
    Removing stm32l0xx_hal_i2c.o(i.HAL_I2C_Master_Receive), (272 bytes).
    Removing stm32l0xx_hal_i2c.o(i.HAL_I2C_Master_Receive_DMA), (280 bytes).
    Removing stm32l0xx_hal_i2c.o(i.HAL_I2C_Master_Receive_IT), (128 bytes).
    Removing stm32l0xx_hal_i2c.o(i.HAL_I2C_Master_Seq_Receive_DMA), (316 bytes).
    Removing stm32l0xx_hal_i2c.o(i.HAL_I2C_Master_Seq_Receive_IT), (156 bytes).
    Removing stm32l0xx_hal_i2c.o(i.HAL_I2C_Master_Seq_Transmit_DMA), (312 bytes).
    Removing stm32l0xx_hal_i2c.o(i.HAL_I2C_Master_Seq_Transmit_IT), (156 bytes).
    Removing stm32l0xx_hal_i2c.o(i.HAL_I2C_Master_Transmit), (272 bytes).
    Removing stm32l0xx_hal_i2c.o(i.HAL_I2C_Master_Transmit_DMA), (284 bytes).
    Removing stm32l0xx_hal_i2c.o(i.HAL_I2C_Master_Transmit_IT), (128 bytes).
    Removing stm32l0xx_hal_i2c.o(i.HAL_I2C_MemRxCpltCallback), (2 bytes).
    Removing stm32l0xx_hal_i2c.o(i.HAL_I2C_MemTxCpltCallback), (2 bytes).
    Removing stm32l0xx_hal_i2c.o(i.HAL_I2C_Mem_Read), (340 bytes).
    Removing stm32l0xx_hal_i2c.o(i.HAL_I2C_Mem_Read_DMA), (288 bytes).
    Removing stm32l0xx_hal_i2c.o(i.HAL_I2C_Mem_Read_IT), (188 bytes).
    Removing stm32l0xx_hal_i2c.o(i.HAL_I2C_Mem_Write), (332 bytes).
    Removing stm32l0xx_hal_i2c.o(i.HAL_I2C_Mem_Write_DMA), (280 bytes).
    Removing stm32l0xx_hal_i2c.o(i.HAL_I2C_Mem_Write_IT), (180 bytes).
    Removing stm32l0xx_hal_i2c.o(i.HAL_I2C_MspDeInit), (2 bytes).
    Removing stm32l0xx_hal_i2c.o(i.HAL_I2C_MspInit), (2 bytes).
    Removing stm32l0xx_hal_i2c.o(i.HAL_I2C_SlaveRxCpltCallback), (2 bytes).
    Removing stm32l0xx_hal_i2c.o(i.HAL_I2C_SlaveTxCpltCallback), (2 bytes).
    Removing stm32l0xx_hal_i2c.o(i.HAL_I2C_Slave_Receive), (276 bytes).
    Removing stm32l0xx_hal_i2c.o(i.HAL_I2C_Slave_Receive_DMA), (200 bytes).
    Removing stm32l0xx_hal_i2c.o(i.HAL_I2C_Slave_Receive_IT), (88 bytes).
    Removing stm32l0xx_hal_i2c.o(i.HAL_I2C_Slave_Seq_Receive_DMA), (360 bytes).
    Removing stm32l0xx_hal_i2c.o(i.HAL_I2C_Slave_Seq_Receive_IT), (200 bytes).
    Removing stm32l0xx_hal_i2c.o(i.HAL_I2C_Slave_Seq_Transmit_DMA), (364 bytes).
    Removing stm32l0xx_hal_i2c.o(i.HAL_I2C_Slave_Seq_Transmit_IT), (204 bytes).
    Removing stm32l0xx_hal_i2c.o(i.HAL_I2C_Slave_Transmit), (294 bytes).
    Removing stm32l0xx_hal_i2c.o(i.HAL_I2C_Slave_Transmit_DMA), (196 bytes).
    Removing stm32l0xx_hal_i2c.o(i.HAL_I2C_Slave_Transmit_IT), (88 bytes).
    Removing stm32l0xx_hal_i2c.o(i.I2C_ConvertOtherXferOptions), (28 bytes).
    Removing stm32l0xx_hal_i2c.o(i.I2C_DMAAbort), (40 bytes).
    Removing stm32l0xx_hal_i2c.o(i.I2C_DMAError), (24 bytes).
    Removing stm32l0xx_hal_i2c.o(i.I2C_DMAMasterReceiveCplt), (80 bytes).
    Removing stm32l0xx_hal_i2c.o(i.I2C_DMAMasterTransmitCplt), (80 bytes).
    Removing stm32l0xx_hal_i2c.o(i.I2C_DMASlaveReceiveCplt), (42 bytes).
    Removing stm32l0xx_hal_i2c.o(i.I2C_DMASlaveTransmitCplt), (36 bytes).
    Removing stm32l0xx_hal_i2c.o(i.I2C_Disable_IRQ), (84 bytes).
    Removing stm32l0xx_hal_i2c.o(i.I2C_Enable_IRQ), (100 bytes).
    Removing stm32l0xx_hal_i2c.o(i.I2C_Flush_TXDR), (34 bytes).
    Removing stm32l0xx_hal_i2c.o(i.I2C_ITAddrCplt), (122 bytes).
    Removing stm32l0xx_hal_i2c.o(i.I2C_ITError), (208 bytes).
    Removing stm32l0xx_hal_i2c.o(i.I2C_ITListenCplt), (100 bytes).
    Removing stm32l0xx_hal_i2c.o(i.I2C_ITMasterCplt), (164 bytes).
    Removing stm32l0xx_hal_i2c.o(i.I2C_ITMasterSeqCplt), (70 bytes).
    Removing stm32l0xx_hal_i2c.o(i.I2C_ITSlaveCplt), (244 bytes).
    Removing stm32l0xx_hal_i2c.o(i.I2C_ITSlaveSeqCplt), (74 bytes).
    Removing stm32l0xx_hal_i2c.o(i.I2C_IsAcknowledgeFailed), (112 bytes).
    Removing stm32l0xx_hal_i2c.o(i.I2C_Master_ISR_DMA), (268 bytes).
    Removing stm32l0xx_hal_i2c.o(i.I2C_Master_ISR_IT), (304 bytes).
    Removing stm32l0xx_hal_i2c.o(i.I2C_RequestMemoryRead), (96 bytes).
    Removing stm32l0xx_hal_i2c.o(i.I2C_RequestMemoryWrite), (96 bytes).
    Removing stm32l0xx_hal_i2c.o(i.I2C_Slave_ISR_DMA), (232 bytes).
    Removing stm32l0xx_hal_i2c.o(i.I2C_Slave_ISR_IT), (298 bytes).
    Removing stm32l0xx_hal_i2c.o(i.I2C_TransferConfig), (40 bytes).
    Removing stm32l0xx_hal_i2c.o(i.I2C_WaitOnFlagUntilTimeout), (78 bytes).
    Removing stm32l0xx_hal_i2c.o(i.I2C_WaitOnRXNEFlagUntilTimeout), (128 bytes).
    Removing stm32l0xx_hal_i2c.o(i.I2C_WaitOnSTOPFlagUntilTimeout), (76 bytes).
    Removing stm32l0xx_hal_i2c.o(i.I2C_WaitOnTXISFlagUntilTimeout), (80 bytes).
    Removing stm32l0xx_hal_i2c_ex.o(.rev16_text), (4 bytes).
    Removing stm32l0xx_hal_i2c_ex.o(.revsh_text), (4 bytes).
    Removing stm32l0xx_hal_i2c_ex.o(i.HAL_I2CEx_ConfigAnalogFilter), (74 bytes).
    Removing stm32l0xx_hal_i2c_ex.o(i.HAL_I2CEx_ConfigDigitalFilter), (72 bytes).
    Removing stm32l0xx_hal_i2c_ex.o(i.HAL_I2CEx_DisableFastModePlus), (28 bytes).
    Removing stm32l0xx_hal_i2c_ex.o(i.HAL_I2CEx_DisableWakeUp), (66 bytes).
    Removing stm32l0xx_hal_i2c_ex.o(i.HAL_I2CEx_EnableFastModePlus), (28 bytes).
    Removing stm32l0xx_hal_i2c_ex.o(i.HAL_I2CEx_EnableWakeUp), (66 bytes).
    Removing stm32l0xx_hal_rcc.o(.rev16_text), (4 bytes).
    Removing stm32l0xx_hal_rcc.o(.revsh_text), (4 bytes).
    Removing stm32l0xx_hal_rcc.o(i.HAL_RCC_CSSCallback), (2 bytes).
    Removing stm32l0xx_hal_rcc.o(i.HAL_RCC_DeInit), (204 bytes).
    Removing stm32l0xx_hal_rcc.o(i.HAL_RCC_EnableCSS), (20 bytes).
    Removing stm32l0xx_hal_rcc.o(i.HAL_RCC_GetClockConfig), (64 bytes).
    Removing stm32l0xx_hal_rcc.o(i.HAL_RCC_GetHCLKFreq), (12 bytes).
    Removing stm32l0xx_hal_rcc.o(i.HAL_RCC_GetOscConfig), (184 bytes).
    Removing stm32l0xx_hal_rcc.o(i.HAL_RCC_GetPCLK1Freq), (32 bytes).
    Removing stm32l0xx_hal_rcc.o(i.HAL_RCC_GetPCLK2Freq), (32 bytes).
    Removing stm32l0xx_hal_rcc.o(i.HAL_RCC_MCOConfig), (96 bytes).
    Removing stm32l0xx_hal_rcc.o(i.HAL_RCC_NMI_IRQHandler), (24 bytes).
    Removing stm32l0xx_hal_rcc_ex.o(.rev16_text), (4 bytes).
    Removing stm32l0xx_hal_rcc_ex.o(.revsh_text), (4 bytes).
    Removing stm32l0xx_hal_rcc_ex.o(i.HAL_RCCEx_DisableLSECSS), (32 bytes).
    Removing stm32l0xx_hal_rcc_ex.o(i.HAL_RCCEx_EnableLSECSS), (20 bytes).
    Removing stm32l0xx_hal_rcc_ex.o(i.HAL_RCCEx_EnableLSECSS_IT), (52 bytes).
    Removing stm32l0xx_hal_rcc_ex.o(i.HAL_RCCEx_GetPeriphCLKConfig), (92 bytes).
    Removing stm32l0xx_hal_rcc_ex.o(i.HAL_RCCEx_GetPeriphCLKFreq), (324 bytes).
    Removing stm32l0xx_hal_rcc_ex.o(i.HAL_RCCEx_LSECSS_Callback), (2 bytes).
    Removing stm32l0xx_hal_rcc_ex.o(i.HAL_RCCEx_LSECSS_IRQHandler), (24 bytes).
    Removing stm32l0xx_hal_flash_ramfunc.o(.rev16_text), (4 bytes).
    Removing stm32l0xx_hal_flash_ramfunc.o(.revsh_text), (4 bytes).
    Removing stm32l0xx_hal_flash_ramfunc.o(i.FLASHRAM_SetErrorCode), (144 bytes).
    Removing stm32l0xx_hal_flash_ramfunc.o(i.FLASHRAM_WaitForLastOperation), (96 bytes).
    Removing stm32l0xx_hal_flash_ramfunc.o(i.HAL_FLASHEx_DisableRunPowerDown), (36 bytes).
    Removing stm32l0xx_hal_flash_ramfunc.o(i.HAL_FLASHEx_EnableRunPowerDown), (36 bytes).
    Removing stm32l0xx_hal_flash_ramfunc.o(i.HAL_FLASHEx_GetError), (16 bytes).
    Removing stm32l0xx_hal_flash_ramfunc.o(i.HAL_FLASHEx_HalfPageProgram), (84 bytes).
    Removing stm32l0xx_hal_flash.o(.rev16_text), (4 bytes).
    Removing stm32l0xx_hal_flash.o(.revsh_text), (4 bytes).
    Removing stm32l0xx_hal_flash.o(i.FLASH_SetErrorCode), (144 bytes).
    Removing stm32l0xx_hal_flash.o(i.FLASH_WaitForLastOperation), (112 bytes).
    Removing stm32l0xx_hal_flash.o(i.HAL_FLASH_EndOfOperationCallback), (2 bytes).
    Removing stm32l0xx_hal_flash.o(i.HAL_FLASH_GetError), (12 bytes).
    Removing stm32l0xx_hal_flash.o(i.HAL_FLASH_IRQHandler), (220 bytes).
    Removing stm32l0xx_hal_flash.o(i.HAL_FLASH_Lock), (28 bytes).
    Removing stm32l0xx_hal_flash.o(i.HAL_FLASH_OB_Launch), (32 bytes).
    Removing stm32l0xx_hal_flash.o(i.HAL_FLASH_OB_Lock), (20 bytes).
    Removing stm32l0xx_hal_flash.o(i.HAL_FLASH_OB_Unlock), (68 bytes).
    Removing stm32l0xx_hal_flash.o(i.HAL_FLASH_OperationErrorCallback), (2 bytes).
    Removing stm32l0xx_hal_flash.o(i.HAL_FLASH_Program), (60 bytes).
    Removing stm32l0xx_hal_flash.o(i.HAL_FLASH_Program_IT), (60 bytes).
    Removing stm32l0xx_hal_flash.o(i.HAL_FLASH_Unlock), (92 bytes).
    Removing stm32l0xx_hal_flash.o(.bss), (24 bytes).
    Removing stm32l0xx_hal_flash_ex.o(.rev16_text), (4 bytes).
    Removing stm32l0xx_hal_flash_ex.o(.revsh_text), (4 bytes).
    Removing stm32l0xx_hal_flash_ex.o(i.FLASH_OB_ProtectedSectorsConfig), (80 bytes).
    Removing stm32l0xx_hal_flash_ex.o(i.FLASH_PageErase), (44 bytes).
    Removing stm32l0xx_hal_flash_ex.o(i.HAL_FLASHEx_AdvOBGetConfig), (24 bytes).
    Removing stm32l0xx_hal_flash_ex.o(i.HAL_FLASHEx_AdvOBProgram), (24 bytes).
    Removing stm32l0xx_hal_flash_ex.o(i.HAL_FLASHEx_DATAEEPROM_DisableFixedTimeProgram), (16 bytes).
    Removing stm32l0xx_hal_flash_ex.o(i.HAL_FLASHEx_DATAEEPROM_EnableFixedTimeProgram), (16 bytes).
    Removing stm32l0xx_hal_flash_ex.o(i.HAL_FLASHEx_DATAEEPROM_Erase), (40 bytes).
    Removing stm32l0xx_hal_flash_ex.o(i.HAL_FLASHEx_DATAEEPROM_Lock), (20 bytes).
    Removing stm32l0xx_hal_flash_ex.o(i.HAL_FLASHEx_DATAEEPROM_Program), (84 bytes).
    Removing stm32l0xx_hal_flash_ex.o(i.HAL_FLASHEx_DATAEEPROM_Unlock), (52 bytes).
    Removing stm32l0xx_hal_flash_ex.o(i.HAL_FLASHEx_Erase), (120 bytes).
    Removing stm32l0xx_hal_flash_ex.o(i.HAL_FLASHEx_Erase_IT), (92 bytes).
    Removing stm32l0xx_hal_flash_ex.o(i.HAL_FLASHEx_OBGetConfig), (56 bytes).
    Removing stm32l0xx_hal_flash_ex.o(i.HAL_FLASHEx_OBProgram), (292 bytes).
    Removing stm32l0xx_hal_flash_ex.o(i.HAL_FLASHEx_OB_DeSelectPCROP), (52 bytes).
    Removing stm32l0xx_hal_flash_ex.o(i.HAL_FLASHEx_OB_SelectPCROP), (56 bytes).
    Removing stm32l0xx_hal_gpio.o(.rev16_text), (4 bytes).
    Removing stm32l0xx_hal_gpio.o(.revsh_text), (4 bytes).
    Removing stm32l0xx_hal_gpio.o(i.HAL_GPIO_DeInit), (228 bytes).
    Removing stm32l0xx_hal_gpio.o(i.HAL_GPIO_LockPin), (36 bytes).
    Removing stm32l0xx_hal_gpio.o(i.HAL_GPIO_ReadPin), (10 bytes).
    Removing stm32l0xx_hal_gpio.o(i.HAL_GPIO_TogglePin), (8 bytes).
    Removing stm32l0xx_hal_dma.o(.rev16_text), (4 bytes).
    Removing stm32l0xx_hal_dma.o(.revsh_text), (4 bytes).
    Removing stm32l0xx_hal_dma.o(i.DMA_SetConfig), (44 bytes).
    Removing stm32l0xx_hal_dma.o(i.HAL_DMA_Abort), (68 bytes).
    Removing stm32l0xx_hal_dma.o(i.HAL_DMA_Abort_IT), (76 bytes).
    Removing stm32l0xx_hal_dma.o(i.HAL_DMA_DeInit), (104 bytes).
    Removing stm32l0xx_hal_dma.o(i.HAL_DMA_GetError), (4 bytes).
    Removing stm32l0xx_hal_dma.o(i.HAL_DMA_GetState), (6 bytes).
    Removing stm32l0xx_hal_dma.o(i.HAL_DMA_IRQHandler), (168 bytes).
    Removing stm32l0xx_hal_dma.o(i.HAL_DMA_Init), (144 bytes).
    Removing stm32l0xx_hal_dma.o(i.HAL_DMA_PollForTransfer), (190 bytes).
    Removing stm32l0xx_hal_dma.o(i.HAL_DMA_RegisterCallback), (72 bytes).
    Removing stm32l0xx_hal_dma.o(i.HAL_DMA_Start), (74 bytes).
    Removing stm32l0xx_hal_dma.o(i.HAL_DMA_Start_IT), (104 bytes).
    Removing stm32l0xx_hal_dma.o(i.HAL_DMA_UnRegisterCallback), (78 bytes).
    Removing stm32l0xx_hal_pwr.o(.rev16_text), (4 bytes).
    Removing stm32l0xx_hal_pwr.o(.revsh_text), (4 bytes).
    Removing stm32l0xx_hal_pwr.o(i.HAL_PWR_ConfigPVD), (104 bytes).
    Removing stm32l0xx_hal_pwr.o(i.HAL_PWR_DeInit), (24 bytes).
    Removing stm32l0xx_hal_pwr.o(i.HAL_PWR_DisableBkUpAccess), (16 bytes).
    Removing stm32l0xx_hal_pwr.o(i.HAL_PWR_DisablePVD), (16 bytes).
    Removing stm32l0xx_hal_pwr.o(i.HAL_PWR_DisableSEVOnPend), (16 bytes).
    Removing stm32l0xx_hal_pwr.o(i.HAL_PWR_DisableSleepOnExit), (16 bytes).
    Removing stm32l0xx_hal_pwr.o(i.HAL_PWR_DisableWakeUpPin), (16 bytes).
    Removing stm32l0xx_hal_pwr.o(i.HAL_PWR_EnablePVD), (16 bytes).
    Removing stm32l0xx_hal_pwr.o(i.HAL_PWR_EnableSEVOnPend), (16 bytes).
    Removing stm32l0xx_hal_pwr.o(i.HAL_PWR_EnableSleepOnExit), (16 bytes).
    Removing stm32l0xx_hal_pwr.o(i.HAL_PWR_EnableWakeUpPin), (16 bytes).
    Removing stm32l0xx_hal_pwr.o(i.HAL_PWR_EnterSLEEPMode), (48 bytes).
    Removing stm32l0xx_hal_pwr.o(i.HAL_PWR_EnterSTANDBYMode), (32 bytes).
    Removing stm32l0xx_hal_pwr.o(i.HAL_PWR_EnterSTOPMode), (52 bytes).
    Removing stm32l0xx_hal_pwr.o(i.HAL_PWR_PVDCallback), (2 bytes).
    Removing stm32l0xx_hal_pwr.o(i.HAL_PWR_PVD_IRQHandler), (28 bytes).
    Removing stm32l0xx_hal_pwr_ex.o(.rev16_text), (4 bytes).
    Removing stm32l0xx_hal_pwr_ex.o(.revsh_text), (4 bytes).
    Removing stm32l0xx_hal_pwr_ex.o(i.HAL_PWREx_DisableFastWakeUp), (16 bytes).
    Removing stm32l0xx_hal_pwr_ex.o(i.HAL_PWREx_DisableLowPowerRunMode), (76 bytes).
    Removing stm32l0xx_hal_pwr_ex.o(i.HAL_PWREx_DisableUltraLowPower), (16 bytes).
    Removing stm32l0xx_hal_pwr_ex.o(i.HAL_PWREx_EnableFastWakeUp), (16 bytes).
    Removing stm32l0xx_hal_pwr_ex.o(i.HAL_PWREx_EnableLowPowerRunMode), (24 bytes).
    Removing stm32l0xx_hal_pwr_ex.o(i.HAL_PWREx_EnableUltraLowPower), (16 bytes).
    Removing stm32l0xx_hal_pwr_ex.o(i.HAL_PWREx_GetVoltageRange), (16 bytes).
    Removing stm32l0xx_hal_cortex.o(.rev16_text), (4 bytes).
    Removing stm32l0xx_hal_cortex.o(.revsh_text), (4 bytes).
    Removing stm32l0xx_hal_cortex.o(i.HAL_MPU_ConfigRegion), (80 bytes).
    Removing stm32l0xx_hal_cortex.o(i.HAL_MPU_Disable), (16 bytes).
    Removing stm32l0xx_hal_cortex.o(i.HAL_MPU_Enable), (24 bytes).
    Removing stm32l0xx_hal_cortex.o(i.HAL_NVIC_ClearPendingIRQ), (20 bytes).
    Removing stm32l0xx_hal_cortex.o(i.HAL_NVIC_DisableIRQ), (20 bytes).
    Removing stm32l0xx_hal_cortex.o(i.HAL_NVIC_GetPendingIRQ), (28 bytes).
    Removing stm32l0xx_hal_cortex.o(i.HAL_NVIC_GetPriority), (52 bytes).
    Removing stm32l0xx_hal_cortex.o(i.HAL_NVIC_SetPendingIRQ), (20 bytes).
    Removing stm32l0xx_hal_cortex.o(i.HAL_NVIC_SystemReset), (28 bytes).
    Removing stm32l0xx_hal_cortex.o(i.HAL_SYSTICK_CLKSourceConfig), (24 bytes).
    Removing stm32l0xx_hal_cortex.o(i.HAL_SYSTICK_Callback), (2 bytes).
    Removing stm32l0xx_hal_cortex.o(i.HAL_SYSTICK_IRQHandler), (8 bytes).
    Removing system_stm32l0xx.o(.rev16_text), (4 bytes).
    Removing system_stm32l0xx.o(.revsh_text), (4 bytes).
    Removing system_stm32l0xx.o(i.SystemCoreClockUpdate), (156 bytes).
    Removing system_stm32l0xx.o(.constdata), (8 bytes).
    Removing stm32l0xx_hal_dma.o(i.__ARM_common_switch8), (26 bytes).

308 unused section(s) (total 22146 bytes) removed from the image.

==============================================================================

Image Symbol Table

    Local Symbols

    Symbol Name                              Value     Ov Type        Size  Object(Section)

    ../Drivers/STM32L0xx_HAL_Driver/Src/stm32l0xx_hal.c 0x00000000   Number         0  stm32l0xx_hal.o ABSOLUTE
    ../Drivers/STM32L0xx_HAL_Driver/Src/stm32l0xx_hal_cortex.c 0x00000000   Number         0  stm32l0xx_hal_cortex.o ABSOLUTE
    ../Drivers/STM32L0xx_HAL_Driver/Src/stm32l0xx_hal_dma.c 0x00000000   Number         0  stm32l0xx_hal_dma.o ABSOLUTE
    ../Drivers/STM32L0xx_HAL_Driver/Src/stm32l0xx_hal_flash.c 0x00000000   Number         0  stm32l0xx_hal_flash.o ABSOLUTE
    ../Drivers/STM32L0xx_HAL_Driver/Src/stm32l0xx_hal_flash_ex.c 0x00000000   Number         0  stm32l0xx_hal_flash_ex.o ABSOLUTE
    ../Drivers/STM32L0xx_HAL_Driver/Src/stm32l0xx_hal_flash_ramfunc.c 0x00000000   Number         0  stm32l0xx_hal_flash_ramfunc.o ABSOLUTE
    ../Drivers/STM32L0xx_HAL_Driver/Src/stm32l0xx_hal_gpio.c 0x00000000   Number         0  stm32l0xx_hal_gpio.o ABSOLUTE
    ../Drivers/STM32L0xx_HAL_Driver/Src/stm32l0xx_hal_i2c.c 0x00000000   Number         0  stm32l0xx_hal_i2c.o ABSOLUTE
    ../Drivers/STM32L0xx_HAL_Driver/Src/stm32l0xx_hal_i2c_ex.c 0x00000000   Number         0  stm32l0xx_hal_i2c_ex.o ABSOLUTE
    ../Drivers/STM32L0xx_HAL_Driver/Src/stm32l0xx_hal_pwr.c 0x00000000   Number         0  stm32l0xx_hal_pwr.o ABSOLUTE
    ../Drivers/STM32L0xx_HAL_Driver/Src/stm32l0xx_hal_pwr_ex.c 0x00000000   Number         0  stm32l0xx_hal_pwr_ex.o ABSOLUTE
    ../Drivers/STM32L0xx_HAL_Driver/Src/stm32l0xx_hal_rcc.c 0x00000000   Number         0  stm32l0xx_hal_rcc.o ABSOLUTE
    ../Drivers/STM32L0xx_HAL_Driver/Src/stm32l0xx_hal_rcc_ex.c 0x00000000   Number         0  stm32l0xx_hal_rcc_ex.o ABSOLUTE
    ../Drivers/STM32L0xx_HAL_Driver/Src/stm32l0xx_hal_rtc.c 0x00000000   Number         0  stm32l0xx_hal_rtc.o ABSOLUTE
    ../Drivers/STM32L0xx_HAL_Driver/Src/stm32l0xx_hal_rtc_ex.c 0x00000000   Number         0  stm32l0xx_hal_rtc_ex.o ABSOLUTE
    ../Drivers/STM32L0xx_HAL_Driver/Src/stm32l0xx_hal_tim.c 0x00000000   Number         0  stm32l0xx_hal_tim.o ABSOLUTE
    ../Drivers/STM32L0xx_HAL_Driver/Src/stm32l0xx_hal_tim_ex.c 0x00000000   Number         0  stm32l0xx_hal_tim_ex.o ABSOLUTE
    ../Src/gpio.c                            0x00000000   Number         0  gpio.o ABSOLUTE
    ../Src/main.c                            0x00000000   Number         0  main.o ABSOLUTE
    ../Src/rtc.c                             0x00000000   Number         0  rtc.o ABSOLUTE
    ../Src/stm32l0xx_hal_msp.c               0x00000000   Number         0  stm32l0xx_hal_msp.o ABSOLUTE
    ../Src/stm32l0xx_it.c                    0x00000000   Number         0  stm32l0xx_it.o ABSOLUTE
    ../Src/system_stm32l0xx.c                0x00000000   Number         0  system_stm32l0xx.o ABSOLUTE
    ../clib/microlib/division.c              0x00000000   Number         0  uidiv.o ABSOLUTE
    ../clib/microlib/init/entry.s            0x00000000   Number         0  entry.o ABSOLUTE
    ../clib/microlib/init/entry.s            0x00000000   Number         0  entry5.o ABSOLUTE
    ../clib/microlib/init/entry.s            0x00000000   Number         0  entry7a.o ABSOLUTE
    ../clib/microlib/init/entry.s            0x00000000   Number         0  entry8b.o ABSOLUTE
    ../clib/microlib/init/entry.s            0x00000000   Number         0  entry7b.o ABSOLUTE
    ../clib/microlib/init/entry.s            0x00000000   Number         0  entry8a.o ABSOLUTE
    ../clib/microlib/init/entry.s            0x00000000   Number         0  entry9a.o ABSOLUTE
    ../clib/microlib/init/entry.s            0x00000000   Number         0  entry9b.o ABSOLUTE
    ../clib/microlib/init/entry.s            0x00000000   Number         0  entry10a.o ABSOLUTE
    ../clib/microlib/init/entry.s            0x00000000   Number         0  entry11b.o ABSOLUTE
    ../clib/microlib/init/entry.s            0x00000000   Number         0  entry10b.o ABSOLUTE
    ../clib/microlib/init/entry.s            0x00000000   Number         0  entry2.o ABSOLUTE
    ../clib/microlib/init/entry.s            0x00000000   Number         0  entry11a.o ABSOLUTE
    ../clib/microlib/string/memset.c         0x00000000   Number         0  memseta.o ABSOLUTE
    ..\Drivers\STM32L0xx_HAL_Driver\Src\stm32l0xx_hal.c 0x00000000   Number         0  stm32l0xx_hal.o ABSOLUTE
    ..\Drivers\STM32L0xx_HAL_Driver\Src\stm32l0xx_hal_cortex.c 0x00000000   Number         0  stm32l0xx_hal_cortex.o ABSOLUTE
    ..\Drivers\STM32L0xx_HAL_Driver\Src\stm32l0xx_hal_dma.c 0x00000000   Number         0  stm32l0xx_hal_dma.o ABSOLUTE
    ..\Drivers\STM32L0xx_HAL_Driver\Src\stm32l0xx_hal_flash.c 0x00000000   Number         0  stm32l0xx_hal_flash.o ABSOLUTE
    ..\Drivers\STM32L0xx_HAL_Driver\Src\stm32l0xx_hal_flash_ex.c 0x00000000   Number         0  stm32l0xx_hal_flash_ex.o ABSOLUTE
    ..\Drivers\STM32L0xx_HAL_Driver\Src\stm32l0xx_hal_flash_ramfunc.c 0x00000000   Number         0  stm32l0xx_hal_flash_ramfunc.o ABSOLUTE
    ..\Drivers\STM32L0xx_HAL_Driver\Src\stm32l0xx_hal_gpio.c 0x00000000   Number         0  stm32l0xx_hal_gpio.o ABSOLUTE
    ..\Drivers\STM32L0xx_HAL_Driver\Src\stm32l0xx_hal_i2c.c 0x00000000   Number         0  stm32l0xx_hal_i2c.o ABSOLUTE
    ..\Drivers\STM32L0xx_HAL_Driver\Src\stm32l0xx_hal_i2c_ex.c 0x00000000   Number         0  stm32l0xx_hal_i2c_ex.o ABSOLUTE
    ..\Drivers\STM32L0xx_HAL_Driver\Src\stm32l0xx_hal_pwr.c 0x00000000   Number         0  stm32l0xx_hal_pwr.o ABSOLUTE
    ..\Drivers\STM32L0xx_HAL_Driver\Src\stm32l0xx_hal_pwr_ex.c 0x00000000   Number         0  stm32l0xx_hal_pwr_ex.o ABSOLUTE
    ..\Drivers\STM32L0xx_HAL_Driver\Src\stm32l0xx_hal_rcc.c 0x00000000   Number         0  stm32l0xx_hal_rcc.o ABSOLUTE
    ..\Drivers\STM32L0xx_HAL_Driver\Src\stm32l0xx_hal_rcc_ex.c 0x00000000   Number         0  stm32l0xx_hal_rcc_ex.o ABSOLUTE
    ..\Drivers\STM32L0xx_HAL_Driver\Src\stm32l0xx_hal_rtc.c 0x00000000   Number         0  stm32l0xx_hal_rtc.o ABSOLUTE
    ..\Drivers\STM32L0xx_HAL_Driver\Src\stm32l0xx_hal_rtc_ex.c 0x00000000   Number         0  stm32l0xx_hal_rtc_ex.o ABSOLUTE
    ..\Drivers\STM32L0xx_HAL_Driver\Src\stm32l0xx_hal_tim.c 0x00000000   Number         0  stm32l0xx_hal_tim.o ABSOLUTE
    ..\Drivers\STM32L0xx_HAL_Driver\Src\stm32l0xx_hal_tim_ex.c 0x00000000   Number         0  stm32l0xx_hal_tim_ex.o ABSOLUTE
    ..\Src\gpio.c                            0x00000000   Number         0  gpio.o ABSOLUTE
    ..\Src\main.c                            0x00000000   Number         0  main.o ABSOLUTE
    ..\Src\rtc.c                             0x00000000   Number         0  rtc.o ABSOLUTE
    ..\Src\stm32l0xx_hal_msp.c               0x00000000   Number         0  stm32l0xx_hal_msp.o ABSOLUTE
    ..\Src\stm32l0xx_it.c                    0x00000000   Number         0  stm32l0xx_it.o ABSOLUTE
    ..\Src\system_stm32l0xx.c                0x00000000   Number         0  system_stm32l0xx.o ABSOLUTE
    dc.s                                     0x00000000   Number         0  dc.o ABSOLUTE
    handlers.s                               0x00000000   Number         0  handlers.o ABSOLUTE
    init.s                                   0x00000000   Number         0  init.o ABSOLUTE
    startup_stm32l051xx.s                    0x00000000   Number         0  startup_stm32l051xx.o ABSOLUTE
    RESET                                    0x08000000   Section      192  startup_stm32l051xx.o(RESET)
    .ARM.Collect$$$$00000000                 0x080000c0   Section        0  entry.o(.ARM.Collect$$$$00000000)
    .ARM.Collect$$$$00000001                 0x080000c0   Section        4  entry2.o(.ARM.Collect$$$$00000001)
    .ARM.Collect$$$$00000004                 0x080000c4   Section        4  entry5.o(.ARM.Collect$$$$00000004)
    .ARM.Collect$$$$00000008                 0x080000c8   Section        0  entry7b.o(.ARM.Collect$$$$00000008)
    .ARM.Collect$$$$0000000A                 0x080000c8   Section        0  entry8b.o(.ARM.Collect$$$$0000000A)
    .ARM.Collect$$$$0000000B                 0x080000c8   Section        8  entry9a.o(.ARM.Collect$$$$0000000B)
    .ARM.Collect$$$$0000000D                 0x080000d0   Section        0  entry10a.o(.ARM.Collect$$$$0000000D)
    .ARM.Collect$$$$0000000F                 0x080000d0   Section        0  entry11a.o(.ARM.Collect$$$$0000000F)
    .ARM.Collect$$$$00002712                 0x080000d0   Section        4  entry2.o(.ARM.Collect$$$$00002712)
    __lit__00000000                          0x080000d0   Data           4  entry2.o(.ARM.Collect$$$$00002712)
    .text                                    0x080000d4   Section       28  startup_stm32l051xx.o(.text)
    .text                                    0x080000f0   Section        0  uidiv.o(.text)
    .text                                    0x0800011c   Section        0  memseta.o(.text)
    .text                                    0x08000140   Section       36  init.o(.text)
    i.EXTI0_1_IRQHandler                     0x08000164   Section        0  stm32l0xx_it.o(i.EXTI0_1_IRQHandler)
    i.Error_Handler                          0x0800016e   Section        0  main.o(i.Error_Handler)
    i.HAL_GPIO_EXTI_Callback                 0x08000170   Section        0  stm32l0xx_hal_gpio.o(i.HAL_GPIO_EXTI_Callback)
    i.HAL_GPIO_EXTI_IRQHandler               0x08000174   Section        0  stm32l0xx_hal_gpio.o(i.HAL_GPIO_EXTI_IRQHandler)
    i.HAL_GPIO_Init                          0x0800018c   Section        0  stm32l0xx_hal_gpio.o(i.HAL_GPIO_Init)
    i.HAL_GPIO_WritePin                      0x08000304   Section        0  stm32l0xx_hal_gpio.o(i.HAL_GPIO_WritePin)
    i.HAL_GetTick                            0x08000310   Section        0  stm32l0xx_hal.o(i.HAL_GetTick)
    i.HAL_IncTick                            0x0800031c   Section        0  stm32l0xx_hal.o(i.HAL_IncTick)
    i.HAL_Init                               0x0800032c   Section        0  stm32l0xx_hal.o(i.HAL_Init)
    i.HAL_InitTick                           0x08000354   Section        0  stm32l0xx_hal.o(i.HAL_InitTick)
    i.HAL_MspInit                            0x08000384   Section        0  stm32l0xx_hal_msp.o(i.HAL_MspInit)
    i.HAL_NVIC_EnableIRQ                     0x0800039c   Section        0  stm32l0xx_hal_cortex.o(i.HAL_NVIC_EnableIRQ)
    i.HAL_NVIC_SetPriority                   0x080003b0   Section        0  stm32l0xx_hal_cortex.o(i.HAL_NVIC_SetPriority)
    i.HAL_PWR_EnableBkUpAccess               0x080003b8   Section        0  stm32l0xx_hal_pwr.o(i.HAL_PWR_EnableBkUpAccess)
    i.HAL_RCCEx_PeriphCLKConfig              0x080003c8   Section        0  stm32l0xx_hal_rcc_ex.o(i.HAL_RCCEx_PeriphCLKConfig)
    i.HAL_RCC_ClockConfig                    0x0800052c   Section        0  stm32l0xx_hal_rcc.o(i.HAL_RCC_ClockConfig)
    i.HAL_RCC_GetSysClockFreq                0x08000698   Section        0  stm32l0xx_hal_rcc.o(i.HAL_RCC_GetSysClockFreq)
    i.HAL_RCC_OscConfig                      0x08000710   Section        0  stm32l0xx_hal_rcc.o(i.HAL_RCC_OscConfig)
    i.HAL_RTCEx_SetWakeUpTimer_IT            0x08000b2c   Section        0  stm32l0xx_hal_rtc_ex.o(i.HAL_RTCEx_SetWakeUpTimer_IT)
    i.HAL_RTCEx_WakeUpTimerEventCallback     0x08000c24   Section        0  stm32l0xx_hal_rtc_ex.o(i.HAL_RTCEx_WakeUpTimerEventCallback)
    i.HAL_RTCEx_WakeUpTimerIRQHandler        0x08000c28   Section        0  stm32l0xx_hal_rtc_ex.o(i.HAL_RTCEx_WakeUpTimerIRQHandler)
    i.HAL_RTC_Init                           0x08000c60   Section        0  stm32l0xx_hal_rtc.o(i.HAL_RTC_Init)
    i.HAL_RTC_MspInit                        0x08000d1c   Section        0  rtc.o(i.HAL_RTC_MspInit)
    i.HAL_RTC_SetDate                        0x08000d4c   Section        0  stm32l0xx_hal_rtc.o(i.HAL_RTC_SetDate)
    i.HAL_RTC_SetTime                        0x08000e10   Section        0  stm32l0xx_hal_rtc.o(i.HAL_RTC_SetTime)
    i.HAL_RTC_WaitForSynchro                 0x08000ef8   Section        0  stm32l0xx_hal_rtc.o(i.HAL_RTC_WaitForSynchro)
    i.HAL_SYSTICK_Config                     0x08000f2c   Section        0  stm32l0xx_hal_cortex.o(i.HAL_SYSTICK_Config)
    i.HardFault_Handler                      0x08000f5c   Section        0  stm32l0xx_it.o(i.HardFault_Handler)
    i.MX_GPIO_Init                           0x08000f60   Section        0  gpio.o(i.MX_GPIO_Init)
    i.MX_RTC_Init                            0x08001040   Section        0  rtc.o(i.MX_RTC_Init)
    i.NMI_Handler                            0x080010d4   Section        0  stm32l0xx_it.o(i.NMI_Handler)
    i.NVIC_SetPriority                       0x080010d8   Section        0  stm32l0xx_hal_cortex.o(i.NVIC_SetPriority)
    NVIC_SetPriority                         0x080010d9   Thumb Code    60  stm32l0xx_hal_cortex.o(i.NVIC_SetPriority)
    i.PendSV_Handler                         0x0800111c   Section        0  stm32l0xx_it.o(i.PendSV_Handler)
    i.RTC_ByteToBcd2                         0x0800111e   Section        0  stm32l0xx_hal_rtc.o(i.RTC_ByteToBcd2)
    i.RTC_EnterInitMode                      0x08001136   Section        0  stm32l0xx_hal_rtc.o(i.RTC_EnterInitMode)
    i.RTC_IRQHandler                         0x08001170   Section        0  stm32l0xx_it.o(i.RTC_IRQHandler)
    i.SVC_Handler                            0x08001180   Section        0  stm32l0xx_it.o(i.SVC_Handler)
    i.SysTick_Handler                        0x08001182   Section        0  stm32l0xx_it.o(i.SysTick_Handler)
    i.SystemClock_Config                     0x0800118c   Section        0  main.o(i.SystemClock_Config)
    i.SystemInit                             0x0800121c   Section        0  system_stm32l0xx.o(i.SystemInit)
    i.__scatterload_copy                     0x08001270   Section       14  handlers.o(i.__scatterload_copy)
    i.__scatterload_null                     0x0800127e   Section        2  handlers.o(i.__scatterload_null)
    i.__scatterload_zeroinit                 0x08001280   Section       14  handlers.o(i.__scatterload_zeroinit)
    i.main                                   0x0800128e   Section        0  main.o(i.main)
    .constdata                               0x080012a0   Section       25  system_stm32l0xx.o(.constdata)
    .data                                    0x20000000   Section        4  stm32l0xx_hal.o(.data)
    .data                                    0x20000004   Section        4  system_stm32l0xx.o(.data)
    .bss                                     0x20000008   Section       36  rtc.o(.bss)
    STACK                                    0x20000030   Section     1024  startup_stm32l051xx.o(STACK)

    Global Symbols

    Symbol Name                              Value     Ov Type        Size  Object(Section)

    BuildAttributes$$THM_ISAv3M$S$PE$A:L22$X:L11$S22$IEEE1$IW$USESV6$~STKCKD$USESV7$~SHL$OSPACE$EBA8$MICROLIB$REQ8$PRES8$EABIv2 0x00000000   Number         0  anon$$obj.o ABSOLUTE
    __ARM_use_no_argv                        0x00000000   Number         0  main.o ABSOLUTE
    __cpp_initialize__aeabi_                  - Undefined Weak Reference
    __cxa_finalize                            - Undefined Weak Reference
    __decompress                              - Undefined Weak Reference
    _clock_init                               - Undefined Weak Reference
    _microlib_exit                            - Undefined Weak Reference
    __Vectors_Size                           0x000000c0   Number         0  startup_stm32l051xx.o ABSOLUTE
    __Vectors                                0x08000000   Data           4  startup_stm32l051xx.o(RESET)
    __Vectors_End                            0x080000c0   Data           0  startup_stm32l051xx.o(RESET)
    __main                                   0x080000c1   Thumb Code     0  entry.o(.ARM.Collect$$$$00000000)
    _main_stk                                0x080000c1   Thumb Code     0  entry2.o(.ARM.Collect$$$$00000001)
    _main_scatterload                        0x080000c5   Thumb Code     0  entry5.o(.ARM.Collect$$$$00000004)
    __main_after_scatterload                 0x080000c9   Thumb Code     0  entry5.o(.ARM.Collect$$$$00000004)
    _main_clock                              0x080000c9   Thumb Code     0  entry7b.o(.ARM.Collect$$$$00000008)
    _main_cpp_init                           0x080000c9   Thumb Code     0  entry8b.o(.ARM.Collect$$$$0000000A)
    _main_init                               0x080000c9   Thumb Code     0  entry9a.o(.ARM.Collect$$$$0000000B)
    __rt_final_cpp                           0x080000d1   Thumb Code     0  entry10a.o(.ARM.Collect$$$$0000000D)
    __rt_final_exit                          0x080000d1   Thumb Code     0  entry11a.o(.ARM.Collect$$$$0000000F)
    Reset_Handler                            0x080000d5   Thumb Code     8  startup_stm32l051xx.o(.text)
    ADC1_COMP_IRQHandler                     0x080000e7   Thumb Code     0  startup_stm32l051xx.o(.text)
    DMA1_Channel1_IRQHandler                 0x080000e7   Thumb Code     0  startup_stm32l051xx.o(.text)
    DMA1_Channel2_3_IRQHandler               0x080000e7   Thumb Code     0  startup_stm32l051xx.o(.text)
    DMA1_Channel4_5_6_7_IRQHandler           0x080000e7   Thumb Code     0  startup_stm32l051xx.o(.text)
    EXTI2_3_IRQHandler                       0x080000e7   Thumb Code     0  startup_stm32l051xx.o(.text)
    EXTI4_15_IRQHandler                      0x080000e7   Thumb Code     0  startup_stm32l051xx.o(.text)
    FLASH_IRQHandler                         0x080000e7   Thumb Code     0  startup_stm32l051xx.o(.text)
    I2C1_IRQHandler                          0x080000e7   Thumb Code     0  startup_stm32l051xx.o(.text)
    I2C2_IRQHandler                          0x080000e7   Thumb Code     0  startup_stm32l051xx.o(.text)
    LPTIM1_IRQHandler                        0x080000e7   Thumb Code     0  startup_stm32l051xx.o(.text)
    LPUART1_IRQHandler                       0x080000e7   Thumb Code     0  startup_stm32l051xx.o(.text)
    PVD_IRQHandler                           0x080000e7   Thumb Code     0  startup_stm32l051xx.o(.text)
    RCC_IRQHandler                           0x080000e7   Thumb Code     0  startup_stm32l051xx.o(.text)
    SPI1_IRQHandler                          0x080000e7   Thumb Code     0  startup_stm32l051xx.o(.text)
    SPI2_IRQHandler                          0x080000e7   Thumb Code     0  startup_stm32l051xx.o(.text)
    TIM21_IRQHandler                         0x080000e7   Thumb Code     0  startup_stm32l051xx.o(.text)
    TIM22_IRQHandler                         0x080000e7   Thumb Code     0  startup_stm32l051xx.o(.text)
    TIM2_IRQHandler                          0x080000e7   Thumb Code     0  startup_stm32l051xx.o(.text)
    TIM6_IRQHandler                          0x080000e7   Thumb Code     0  startup_stm32l051xx.o(.text)
    USART1_IRQHandler                        0x080000e7   Thumb Code     0  startup_stm32l051xx.o(.text)
    USART2_IRQHandler                        0x080000e7   Thumb Code     0  startup_stm32l051xx.o(.text)
    WWDG_IRQHandler                          0x080000e7   Thumb Code     0  startup_stm32l051xx.o(.text)
    __aeabi_uidiv                            0x080000f1   Thumb Code     0  uidiv.o(.text)
    __aeabi_uidivmod                         0x080000f1   Thumb Code    44  uidiv.o(.text)
    __aeabi_memset                           0x0800011d   Thumb Code    14  memseta.o(.text)
    __aeabi_memset4                          0x0800011d   Thumb Code     0  memseta.o(.text)
    __aeabi_memset8                          0x0800011d   Thumb Code     0  memseta.o(.text)
    __aeabi_memclr                           0x0800012b   Thumb Code     4  memseta.o(.text)
    __aeabi_memclr4                          0x0800012b   Thumb Code     0  memseta.o(.text)
    __aeabi_memclr8                          0x0800012b   Thumb Code     0  memseta.o(.text)
    _memset$wrapper                          0x0800012f   Thumb Code    18  memseta.o(.text)
    __scatterload                            0x08000141   Thumb Code    28  init.o(.text)
    __scatterload_rt2                        0x08000141   Thumb Code     0  init.o(.text)
    EXTI0_1_IRQHandler                       0x08000165   Thumb Code    10  stm32l0xx_it.o(i.EXTI0_1_IRQHandler)
    Error_Handler                            0x0800016f   Thumb Code     2  main.o(i.Error_Handler)
    HAL_GPIO_EXTI_Callback                   0x08000171   Thumb Code     2  stm32l0xx_hal_gpio.o(i.HAL_GPIO_EXTI_Callback)
    HAL_GPIO_EXTI_IRQHandler                 0x08000175   Thumb Code    18  stm32l0xx_hal_gpio.o(i.HAL_GPIO_EXTI_IRQHandler)
    HAL_GPIO_Init                            0x0800018d   Thumb Code   346  stm32l0xx_hal_gpio.o(i.HAL_GPIO_Init)
    HAL_GPIO_WritePin                        0x08000305   Thumb Code    12  stm32l0xx_hal_gpio.o(i.HAL_GPIO_WritePin)
    HAL_GetTick                              0x08000311   Thumb Code     6  stm32l0xx_hal.o(i.HAL_GetTick)
    HAL_IncTick                              0x0800031d   Thumb Code    10  stm32l0xx_hal.o(i.HAL_IncTick)
    HAL_Init                                 0x0800032d   Thumb Code    36  stm32l0xx_hal.o(i.HAL_Init)
    HAL_InitTick                             0x08000355   Thumb Code    44  stm32l0xx_hal.o(i.HAL_InitTick)
    HAL_MspInit                              0x08000385   Thumb Code    20  stm32l0xx_hal_msp.o(i.HAL_MspInit)
    HAL_NVIC_EnableIRQ                       0x0800039d   Thumb Code    14  stm32l0xx_hal_cortex.o(i.HAL_NVIC_EnableIRQ)
    HAL_NVIC_SetPriority                     0x080003b1   Thumb Code     8  stm32l0xx_hal_cortex.o(i.HAL_NVIC_SetPriority)
    HAL_PWR_EnableBkUpAccess                 0x080003b9   Thumb Code    12  stm32l0xx_hal_pwr.o(i.HAL_PWR_EnableBkUpAccess)
    HAL_RCCEx_PeriphCLKConfig                0x080003c9   Thumb Code   342  stm32l0xx_hal_rcc_ex.o(i.HAL_RCCEx_PeriphCLKConfig)
    HAL_RCC_ClockConfig                      0x0800052d   Thumb Code   344  stm32l0xx_hal_rcc.o(i.HAL_RCC_ClockConfig)
    HAL_RCC_GetSysClockFreq                  0x08000699   Thumb Code   100  stm32l0xx_hal_rcc.o(i.HAL_RCC_GetSysClockFreq)
    HAL_RCC_OscConfig                        0x08000711   Thumb Code  1052  stm32l0xx_hal_rcc.o(i.HAL_RCC_OscConfig)
    HAL_RTCEx_SetWakeUpTimer_IT              0x08000b2d   Thumb Code   238  stm32l0xx_hal_rtc_ex.o(i.HAL_RTCEx_SetWakeUpTimer_IT)
    HAL_RTCEx_WakeUpTimerEventCallback       0x08000c25   Thumb Code     2  stm32l0xx_hal_rtc_ex.o(i.HAL_RTCEx_WakeUpTimerEventCallback)
    HAL_RTCEx_WakeUpTimerIRQHandler          0x08000c29   Thumb Code    48  stm32l0xx_hal_rtc_ex.o(i.HAL_RTCEx_WakeUpTimerIRQHandler)
    HAL_RTC_Init                             0x08000c61   Thumb Code   184  stm32l0xx_hal_rtc.o(i.HAL_RTC_Init)
    HAL_RTC_MspInit                          0x08000d1d   Thumb Code    40  rtc.o(i.HAL_RTC_MspInit)
    HAL_RTC_SetDate                          0x08000d4d   Thumb Code   190  stm32l0xx_hal_rtc.o(i.HAL_RTC_SetDate)
    HAL_RTC_SetTime                          0x08000e11   Thumb Code   228  stm32l0xx_hal_rtc.o(i.HAL_RTC_SetTime)
    HAL_RTC_WaitForSynchro                   0x08000ef9   Thumb Code    52  stm32l0xx_hal_rtc.o(i.HAL_RTC_WaitForSynchro)
    HAL_SYSTICK_Config                       0x08000f2d   Thumb Code    38  stm32l0xx_hal_cortex.o(i.HAL_SYSTICK_Config)
    HardFault_Handler                        0x08000f5d   Thumb Code     2  stm32l0xx_it.o(i.HardFault_Handler)
    MX_GPIO_Init                             0x08000f61   Thumb Code   196  gpio.o(i.MX_GPIO_Init)
    MX_RTC_Init                              0x08001041   Thumb Code   140  rtc.o(i.MX_RTC_Init)
    NMI_Handler                              0x080010d5   Thumb Code     2  stm32l0xx_it.o(i.NMI_Handler)
    PendSV_Handler                           0x0800111d   Thumb Code     2  stm32l0xx_it.o(i.PendSV_Handler)
    RTC_ByteToBcd2                           0x0800111f   Thumb Code    24  stm32l0xx_hal_rtc.o(i.RTC_ByteToBcd2)
    RTC_EnterInitMode                        0x08001137   Thumb Code    56  stm32l0xx_hal_rtc.o(i.RTC_EnterInitMode)
    RTC_IRQHandler                           0x08001171   Thumb Code    10  stm32l0xx_it.o(i.RTC_IRQHandler)
    SVC_Handler                              0x08001181   Thumb Code     2  stm32l0xx_it.o(i.SVC_Handler)
    SysTick_Handler                          0x08001183   Thumb Code     8  stm32l0xx_it.o(i.SysTick_Handler)
    SystemClock_Config                       0x0800118d   Thumb Code   136  main.o(i.SystemClock_Config)
    SystemInit                               0x0800121d   Thumb Code    66  system_stm32l0xx.o(i.SystemInit)
    __scatterload_copy                       0x08001271   Thumb Code    14  handlers.o(i.__scatterload_copy)
    __scatterload_null                       0x0800127f   Thumb Code     2  handlers.o(i.__scatterload_null)
    __scatterload_zeroinit                   0x08001281   Thumb Code    14  handlers.o(i.__scatterload_zeroinit)
    main                                     0x0800128f   Thumb Code    18  main.o(i.main)
    AHBPrescTable                            0x080012a0   Data          16  system_stm32l0xx.o(.constdata)
    PLLMulTable                              0x080012b0   Data           9  system_stm32l0xx.o(.constdata)
    Region$$Table$$Base                      0x080012bc   Number         0  anon$$obj.o(Region$$Table)
    Region$$Table$$Limit                     0x080012dc   Number         0  anon$$obj.o(Region$$Table)
    uwTick                                   0x20000000   Data           4  stm32l0xx_hal.o(.data)
    SystemCoreClock                          0x20000004   Data           4  system_stm32l0xx.o(.data)
    hrtc                                     0x20000008   Data          36  rtc.o(.bss)
    __initial_sp                             0x20000430   Data           0  startup_stm32l051xx.o(STACK)



==============================================================================

Memory Map of the image

  Image Entry point : 0x080000c1

  Load Region LR_IROM1 (Base: 0x08000000, Size: 0x000012e4, Max: 0x00010000, ABSOLUTE)

    Execution Region ER_IROM1 (Exec base: 0x08000000, Load base: 0x08000000, Size: 0x000012dc, Max: 0x00010000, ABSOLUTE)

    Exec Addr    Load Addr    Size         Type   Attr      Idx    E Section Name        Object

    0x08000000   0x08000000   0x000000c0   Data   RO            3    RESET               startup_stm32l051xx.o
    0x080000c0   0x080000c0   0x00000000   Code   RO         2223  * .ARM.Collect$$$$00000000  mc_p.l(entry.o)
    0x080000c0   0x080000c0   0x00000004   Code   RO         2230    .ARM.Collect$$$$00000001  mc_p.l(entry2.o)
    0x080000c4   0x080000c4   0x00000004   Code   RO         2233    .ARM.Collect$$$$00000004  mc_p.l(entry5.o)
    0x080000c8   0x080000c8   0x00000000   Code   RO         2235    .ARM.Collect$$$$00000008  mc_p.l(entry7b.o)
    0x080000c8   0x080000c8   0x00000000   Code   RO         2237    .ARM.Collect$$$$0000000A  mc_p.l(entry8b.o)
    0x080000c8   0x080000c8   0x00000008   Code   RO         2238    .ARM.Collect$$$$0000000B  mc_p.l(entry9a.o)
    0x080000d0   0x080000d0   0x00000000   Code   RO         2240    .ARM.Collect$$$$0000000D  mc_p.l(entry10a.o)
    0x080000d0   0x080000d0   0x00000000   Code   RO         2242    .ARM.Collect$$$$0000000F  mc_p.l(entry11a.o)
    0x080000d0   0x080000d0   0x00000004   Code   RO         2231    .ARM.Collect$$$$00002712  mc_p.l(entry2.o)
    0x080000d4   0x080000d4   0x0000001c   Code   RO            4    .text               startup_stm32l051xx.o
    0x080000f0   0x080000f0   0x0000002c   Code   RO         2226    .text               mc_p.l(uidiv.o)
    0x0800011c   0x0800011c   0x00000024   Code   RO         2228    .text               mc_p.l(memseta.o)
    0x08000140   0x08000140   0x00000024   Code   RO         2244    .text               mc_p.l(init.o)
    0x08000164   0x08000164   0x0000000a   Code   RO          199    i.EXTI0_1_IRQHandler  stm32l0xx_it.o
    0x0800016e   0x0800016e   0x00000002   Code   RO           12    i.Error_Handler     main.o
    0x08000170   0x08000170   0x00000002   Code   RO         1753    i.HAL_GPIO_EXTI_Callback  stm32l0xx_hal_gpio.o
    0x08000172   0x08000172   0x00000002   PAD
    0x08000174   0x08000174   0x00000018   Code   RO         1754    i.HAL_GPIO_EXTI_IRQHandler  stm32l0xx_hal_gpio.o
    0x0800018c   0x0800018c   0x00000178   Code   RO         1755    i.HAL_GPIO_Init     stm32l0xx_hal_gpio.o
    0x08000304   0x08000304   0x0000000c   Code   RO         1759    i.HAL_GPIO_WritePin  stm32l0xx_hal_gpio.o
    0x08000310   0x08000310   0x0000000c   Code   RO          665    i.HAL_GetTick       stm32l0xx_hal.o
    0x0800031c   0x0800031c   0x00000010   Code   RO          669    i.HAL_IncTick       stm32l0xx_hal.o
    0x0800032c   0x0800032c   0x00000028   Code   RO          670    i.HAL_Init          stm32l0xx_hal.o
    0x08000354   0x08000354   0x00000030   Code   RO          671    i.HAL_InitTick      stm32l0xx_hal.o
    0x08000384   0x08000384   0x00000018   Code   RO          259    i.HAL_MspInit       stm32l0xx_hal_msp.o
    0x0800039c   0x0800039c   0x00000014   Code   RO         2084    i.HAL_NVIC_EnableIRQ  stm32l0xx_hal_cortex.o
    0x080003b0   0x080003b0   0x00000008   Code   RO         2088    i.HAL_NVIC_SetPriority  stm32l0xx_hal_cortex.o
    0x080003b8   0x080003b8   0x00000010   Code   RO         1914    i.HAL_PWR_EnableBkUpAccess  stm32l0xx_hal_pwr.o
    0x080003c8   0x080003c8   0x00000164   Code   RO         1442    i.HAL_RCCEx_PeriphCLKConfig  stm32l0xx_hal_rcc_ex.o
    0x0800052c   0x0800052c   0x0000016c   Code   RO         1344    i.HAL_RCC_ClockConfig  stm32l0xx_hal_rcc.o
    0x08000698   0x08000698   0x00000078   Code   RO         1352    i.HAL_RCC_GetSysClockFreq  stm32l0xx_hal_rcc.o
    0x08000710   0x08000710   0x0000041c   Code   RO         1355    i.HAL_RCC_OscConfig  stm32l0xx_hal_rcc.o
    0x08000b2c   0x08000b2c   0x000000f8   Code   RO          438    i.HAL_RTCEx_SetWakeUpTimer_IT  stm32l0xx_hal_rtc_ex.o
    0x08000c24   0x08000c24   0x00000002   Code   RO          443    i.HAL_RTCEx_WakeUpTimerEventCallback  stm32l0xx_hal_rtc_ex.o
    0x08000c26   0x08000c26   0x00000002   PAD
    0x08000c28   0x08000c28   0x00000038   Code   RO          444    i.HAL_RTCEx_WakeUpTimerIRQHandler  stm32l0xx_hal_rtc_ex.o
    0x08000c60   0x08000c60   0x000000bc   Code   RO          287    i.HAL_RTC_Init      stm32l0xx_hal_rtc.o
    0x08000d1c   0x08000d1c   0x00000030   Code   RO          162    i.HAL_RTC_MspInit   rtc.o
    0x08000d4c   0x08000d4c   0x000000c4   Code   RO          293    i.HAL_RTC_SetDate   stm32l0xx_hal_rtc.o
    0x08000e10   0x08000e10   0x000000e8   Code   RO          294    i.HAL_RTC_SetTime   stm32l0xx_hal_rtc.o
    0x08000ef8   0x08000ef8   0x00000034   Code   RO          295    i.HAL_RTC_WaitForSynchro  stm32l0xx_hal_rtc.o
    0x08000f2c   0x08000f2c   0x00000030   Code   RO         2092    i.HAL_SYSTICK_Config  stm32l0xx_hal_cortex.o
    0x08000f5c   0x08000f5c   0x00000002   Code   RO          200    i.HardFault_Handler  stm32l0xx_it.o
    0x08000f5e   0x08000f5e   0x00000002   PAD
    0x08000f60   0x08000f60   0x000000e0   Code   RO          141    i.MX_GPIO_Init      gpio.o
    0x08001040   0x08001040   0x00000094   Code   RO          163    i.MX_RTC_Init       rtc.o
    0x080010d4   0x080010d4   0x00000002   Code   RO          201    i.NMI_Handler       stm32l0xx_it.o
    0x080010d6   0x080010d6   0x00000002   PAD
    0x080010d8   0x080010d8   0x00000044   Code   RO         2094    i.NVIC_SetPriority  stm32l0xx_hal_cortex.o
    0x0800111c   0x0800111c   0x00000002   Code   RO          202    i.PendSV_Handler    stm32l0xx_it.o
    0x0800111e   0x0800111e   0x00000018   Code   RO          297    i.RTC_ByteToBcd2    stm32l0xx_hal_rtc.o
    0x08001136   0x08001136   0x00000038   Code   RO          298    i.RTC_EnterInitMode  stm32l0xx_hal_rtc.o
    0x0800116e   0x0800116e   0x00000002   PAD
    0x08001170   0x08001170   0x00000010   Code   RO          203    i.RTC_IRQHandler    stm32l0xx_it.o
    0x08001180   0x08001180   0x00000002   Code   RO          204    i.SVC_Handler       stm32l0xx_it.o
    0x08001182   0x08001182   0x00000008   Code   RO          205    i.SysTick_Handler   stm32l0xx_it.o
    0x0800118a   0x0800118a   0x00000002   PAD
    0x0800118c   0x0800118c   0x00000090   Code   RO           13    i.SystemClock_Config  main.o
    0x0800121c   0x0800121c   0x00000054   Code   RO         2192    i.SystemInit        system_stm32l0xx.o
    0x08001270   0x08001270   0x0000000e   Code   RO         2248    i.__scatterload_copy  mc_p.l(handlers.o)
    0x0800127e   0x0800127e   0x00000002   Code   RO         2249    i.__scatterload_null  mc_p.l(handlers.o)
    0x08001280   0x08001280   0x0000000e   Code   RO         2250    i.__scatterload_zeroinit  mc_p.l(handlers.o)
    0x0800128e   0x0800128e   0x00000012   Code   RO           14    i.main              main.o
    0x080012a0   0x080012a0   0x00000019   Data   RO         2193    .constdata          system_stm32l0xx.o
    0x080012b9   0x080012b9   0x00000003   PAD
    0x080012bc   0x080012bc   0x00000020   Data   RO         2246    Region$$Table       anon$$obj.o


    Execution Region RW_IRAM1 (Exec base: 0x20000000, Load base: 0x080012dc, Size: 0x00000430, Max: 0x00002000, ABSOLUTE)

    Exec Addr    Load Addr    Size         Type   Attr      Idx    E Section Name        Object

    0x20000000   0x080012dc   0x00000004   Data   RW          680    .data               stm32l0xx_hal.o
    0x20000004   0x080012e0   0x00000004   Data   RW         2195    .data               system_stm32l0xx.o
    0x20000008        -       0x00000024   Zero   RW          164    .bss                rtc.o
    0x2000002c   0x080012e4   0x00000004   PAD
    0x20000030        -       0x00000400   Zero   RW            1    STACK               startup_stm32l051xx.o


==============================================================================

Image component sizes


      Code (inc. data)   RO Data    RW Data    ZI Data      Debug   Object Name

       224         28          0          0          0       1003   gpio.o
       164          8          0          0          0     289320   main.o
       196         16          0          0         36       1623   rtc.o
        28          8        192          0       1024        656   startup_stm32l051xx.o
       116         20          0          4          0       3299   stm32l0xx_hal.o
       144         24          0          0          0      10757   stm32l0xx_hal_cortex.o
       414         36          0          0          0       3588   stm32l0xx_hal_gpio.o
        24          4          0          0          0        454   stm32l0xx_hal_msp.o
        16          4          0          0          0        535   stm32l0xx_hal_pwr.o
      1536         66          0          0          0       4490   stm32l0xx_hal_rcc.o
       356         14          0          0          0       1492   stm32l0xx_hal_rcc_ex.o
       748         14          0          0          0       5376   stm32l0xx_hal_rtc.o
       306         18          0          0          0       3205   stm32l0xx_hal_rtc_ex.o
        42          6          0          0          0       3165   stm32l0xx_it.o
        84         18         25          4          0       1283   system_stm32l0xx.o

    ----------------------------------------------------------------------
      4410        284        252          8       1064     330246   Object Totals
         0          0         32          0          0          0   (incl. Generated)
        12          0          3          0          4          0   (incl. Padding)

    ----------------------------------------------------------------------

      Code (inc. data)   RO Data    RW Data    ZI Data      Debug   Library Member Name

         0          0          0          0          0          0   entry.o
         0          0          0          0          0          0   entry10a.o
         0          0          0          0          0          0   entry11a.o
         8          4          0          0          0          0   entry2.o
         4          0          0          0          0          0   entry5.o
         0          0          0          0          0          0   entry7b.o
         0          0          0          0          0          0   entry8b.o
         8          4          0          0          0          0   entry9a.o
        30          0          0          0          0          0   handlers.o
        36          8          0          0          0         68   init.o
        36          0          0          0          0        100   memseta.o
        44          0          0          0          0         72   uidiv.o

    ----------------------------------------------------------------------
       166         16          0          0          0        240   Library Totals
         0          0          0          0          0          0   (incl. Padding)

    ----------------------------------------------------------------------

      Code (inc. data)   RO Data    RW Data    ZI Data      Debug   Library Name

       166         16          0          0          0        240   mc_p.l

    ----------------------------------------------------------------------
       166         16          0          0          0        240   Library Totals

    ----------------------------------------------------------------------

==============================================================================


      Code (inc. data)   RO Data    RW Data    ZI Data      Debug   

      4576        300        252          8       1064     328966   Grand Totals
      4576        300        252          8       1064     328966   ELF Image Totals
      4576        300        252          8          0          0   ROM Totals

==============================================================================

    Total RO  Size (Code + RO Data)                 4828 (   4.71kB)
    Total RW  Size (RW Data + ZI Data)              1072 (   1.05kB)
    Total ROM Size (Code + RO Data + RW Data)       4836 (   4.72kB)

==============================================================================

